18:13:18 **** Incremental Build of configuration Debug for project main_blackpill ****
make -j12 all 
arm-none-eabi-gcc "../Core/Src/main.c" -mcpu=cortex-m4 -std=gnu11 -g3 -DDEBUG -DUSE_HAL_DRIVER -DSTM32F401xE -c -I../Core/Inc -I../Drivers/STM32F4xx_HAL_Driver/Inc -I../Drivers/STM32F4xx_HAL_Driver/Inc/Legacy -I../Drivers/CMSIS/Device/ST/STM32F4xx/Include -I../Drivers/CMSIS/Include -I../USB_DEVICE/App -I../USB_DEVICE/Target -I../Middlewares/ST/STM32_USB_Device_Library/Core/Inc -I../Middlewares/ST/STM32_USB_Device_Library/Class/CDC/Inc -O0 -ffunction-sections -fdata-sections -Wall -fstack-usage -fcyclomatic-complexity -MMD -MP -MF"Core/Src/main.d" -MT"Core/Src/main.o" --specs=nano.specs -mfpu=fpv4-sp-d16 -mfloat-abi=hard -mthumb -o "Core/Src/main.o"
../Core/Src/main.c: In function 'main':
../Core/Src/main.c:107:3: warning: implicit declaration of function 'adxl_init' [-Wimplicit-function-declaration]
  107 |   adxl_init();
      |   ^~~~~~~~~
../Core/Src/main.c:117:18: warning: implicit declaration of function 'adxl_readx' [-Wimplicit-function-declaration]
  117 |         IMU[0] = adxl_readx();
      |                  ^~~~~~~~~~
../Core/Src/main.c:118:18: warning: implicit declaration of function 'adxl_ready' [-Wimplicit-function-declaration]
  118 |         IMU[1] = adxl_ready();
      |                  ^~~~~~~~~~
../Core/Src/main.c:119:18: warning: implicit declaration of function 'adxl_readz' [-Wimplicit-function-declaration]
  119 |         IMU[2] = adxl_readz();
      |                  ^~~~~~~~~~
../Core/Src/main.c:120:28: warning: passing argument 1 of 'CDC_Transmit_FS' makes pointer from integer without a cast [-Wint-conversion]
  120 |         CDC_Transmit_FS(IMU[0], 1);
      |                         ~~~^~~
      |                            |
      |                            uint16_t {aka short unsigned int}
In file included from ../Core/Src/main.c:23:
../USB_DEVICE/App/usbd_cdc_if.h:108:34: note: expected 'uint8_t *' {aka 'unsigned char *'} but argument is of type 'uint16_t' {aka 'short unsigned int'}
  108 | uint8_t CDC_Transmit_FS(uint8_t* Buf, uint16_t Len);
      |                         ~~~~~~~~~^~~
arm-none-eabi-gcc -o "main_blackpill.elf" @"objects.list"   -mcpu=cortex-m4 -T"/home/ammar7761/development/EAGLET-flight-controller/firmware/main_blackpill/main_blackpill/STM32F401CDUX_FLASH.ld" --specs=nosys.specs -Wl,-Map="main_blackpill.map" -Wl,--gc-sections -static --specs=nano.specs -mfpu=fpv4-sp-d16 -mfloat-abi=hard -mthumb -Wl,--start-group -lc -lm -Wl,--end-group
Finished building target: main_blackpill.elf
 
arm-none-eabi-size   main_blackpill.elf 
arm-none-eabi-objdump -h -S  main_blackpill.elf  > "main_blackpill.list"
   text	   data	    bss	    dec	    hex	filename
  36832	    260	   9004	  46096	   b410	main_blackpill.elf
Finished building: default.size.stdout
 
Finished building: main_blackpill.list
 

18:13:19 Build Finished. 0 errors, 5 warnings. (took 752ms)

