Archive member included to satisfy reference by file (symbol)

/opt/st/stm32cubeide_1.13.2/plugins/com.st.stm32cube.ide.mcu.externaltools.gnu-tools-for-stm32.11.3.rel1.linux64_1.1.1.202309131626/tools/bin/../lib/gcc/arm-none-eabi/11.3.1/../../../../arm-none-eabi/lib/thumb/v7e-m+fp/hard/libc_nano.a(libc_a-exit.o)
                              /opt/st/stm32cubeide_1.13.2/plugins/com.st.stm32cube.ide.mcu.externaltools.gnu-tools-for-stm32.11.3.rel1.linux64_1.1.1.202309131626/tools/bin/../lib/gcc/arm-none-eabi/11.3.1/../../../../arm-none-eabi/lib/thumb/v7e-m+fp/hard/crt0.o (exit)
/opt/st/stm32cubeide_1.13.2/plugins/com.st.stm32cube.ide.mcu.externaltools.gnu-tools-for-stm32.11.3.rel1.linux64_1.1.1.202309131626/tools/bin/../lib/gcc/arm-none-eabi/11.3.1/../../../../arm-none-eabi/lib/thumb/v7e-m+fp/hard/libc_nano.a(libc_a-findfp.o)
                              /opt/st/stm32cubeide_1.13.2/plugins/com.st.stm32cube.ide.mcu.externaltools.gnu-tools-for-stm32.11.3.rel1.linux64_1.1.1.202309131626/tools/bin/../lib/gcc/arm-none-eabi/11.3.1/../../../../arm-none-eabi/lib/thumb/v7e-m+fp/hard/libc_nano.a(libc_a-exit.o) (__stdio_exit_handler)
/opt/st/stm32cubeide_1.13.2/plugins/com.st.stm32cube.ide.mcu.externaltools.gnu-tools-for-stm32.11.3.rel1.linux64_1.1.1.202309131626/tools/bin/../lib/gcc/arm-none-eabi/11.3.1/../../../../arm-none-eabi/lib/thumb/v7e-m+fp/hard/libc_nano.a(libc_a-fwalk.o)
                              /opt/st/stm32cubeide_1.13.2/plugins/com.st.stm32cube.ide.mcu.externaltools.gnu-tools-for-stm32.11.3.rel1.linux64_1.1.1.202309131626/tools/bin/../lib/gcc/arm-none-eabi/11.3.1/../../../../arm-none-eabi/lib/thumb/v7e-m+fp/hard/libc_nano.a(libc_a-findfp.o) (_fwalk_sglue)
/opt/st/stm32cubeide_1.13.2/plugins/com.st.stm32cube.ide.mcu.externaltools.gnu-tools-for-stm32.11.3.rel1.linux64_1.1.1.202309131626/tools/bin/../lib/gcc/arm-none-eabi/11.3.1/../../../../arm-none-eabi/lib/thumb/v7e-m+fp/hard/libc_nano.a(libc_a-stdio.o)
                              /opt/st/stm32cubeide_1.13.2/plugins/com.st.stm32cube.ide.mcu.externaltools.gnu-tools-for-stm32.11.3.rel1.linux64_1.1.1.202309131626/tools/bin/../lib/gcc/arm-none-eabi/11.3.1/../../../../arm-none-eabi/lib/thumb/v7e-m+fp/hard/libc_nano.a(libc_a-findfp.o) (__sread)
/opt/st/stm32cubeide_1.13.2/plugins/com.st.stm32cube.ide.mcu.externaltools.gnu-tools-for-stm32.11.3.rel1.linux64_1.1.1.202309131626/tools/bin/../lib/gcc/arm-none-eabi/11.3.1/../../../../arm-none-eabi/lib/thumb/v7e-m+fp/hard/libc_nano.a(libc_a-memset.o)
                              /opt/st/stm32cubeide_1.13.2/plugins/com.st.stm32cube.ide.mcu.externaltools.gnu-tools-for-stm32.11.3.rel1.linux64_1.1.1.202309131626/tools/bin/../lib/gcc/arm-none-eabi/11.3.1/../../../../arm-none-eabi/lib/thumb/v7e-m+fp/hard/crt0.o (memset)
/opt/st/stm32cubeide_1.13.2/plugins/com.st.stm32cube.ide.mcu.externaltools.gnu-tools-for-stm32.11.3.rel1.linux64_1.1.1.202309131626/tools/bin/../lib/gcc/arm-none-eabi/11.3.1/../../../../arm-none-eabi/lib/thumb/v7e-m+fp/hard/libc_nano.a(libc_a-closer.o)
                              /opt/st/stm32cubeide_1.13.2/plugins/com.st.stm32cube.ide.mcu.externaltools.gnu-tools-for-stm32.11.3.rel1.linux64_1.1.1.202309131626/tools/bin/../lib/gcc/arm-none-eabi/11.3.1/../../../../arm-none-eabi/lib/thumb/v7e-m+fp/hard/libc_nano.a(libc_a-stdio.o) (_close_r)
/opt/st/stm32cubeide_1.13.2/plugins/com.st.stm32cube.ide.mcu.externaltools.gnu-tools-for-stm32.11.3.rel1.linux64_1.1.1.202309131626/tools/bin/../lib/gcc/arm-none-eabi/11.3.1/../../../../arm-none-eabi/lib/thumb/v7e-m+fp/hard/libc_nano.a(libc_a-reent.o)
                              /opt/st/stm32cubeide_1.13.2/plugins/com.st.stm32cube.ide.mcu.externaltools.gnu-tools-for-stm32.11.3.rel1.linux64_1.1.1.202309131626/tools/bin/../lib/gcc/arm-none-eabi/11.3.1/../../../../arm-none-eabi/lib/thumb/v7e-m+fp/hard/libc_nano.a(libc_a-closer.o) (errno)
/opt/st/stm32cubeide_1.13.2/plugins/com.st.stm32cube.ide.mcu.externaltools.gnu-tools-for-stm32.11.3.rel1.linux64_1.1.1.202309131626/tools/bin/../lib/gcc/arm-none-eabi/11.3.1/../../../../arm-none-eabi/lib/thumb/v7e-m+fp/hard/libc_nano.a(libc_a-impure.o)
                              /opt/st/stm32cubeide_1.13.2/plugins/com.st.stm32cube.ide.mcu.externaltools.gnu-tools-for-stm32.11.3.rel1.linux64_1.1.1.202309131626/tools/bin/../lib/gcc/arm-none-eabi/11.3.1/../../../../arm-none-eabi/lib/thumb/v7e-m+fp/hard/libc_nano.a(libc_a-reent.o) (_impure_ptr)
/opt/st/stm32cubeide_1.13.2/plugins/com.st.stm32cube.ide.mcu.externaltools.gnu-tools-for-stm32.11.3.rel1.linux64_1.1.1.202309131626/tools/bin/../lib/gcc/arm-none-eabi/11.3.1/../../../../arm-none-eabi/lib/thumb/v7e-m+fp/hard/libc_nano.a(libc_a-lseekr.o)
                              /opt/st/stm32cubeide_1.13.2/plugins/com.st.stm32cube.ide.mcu.externaltools.gnu-tools-for-stm32.11.3.rel1.linux64_1.1.1.202309131626/tools/bin/../lib/gcc/arm-none-eabi/11.3.1/../../../../arm-none-eabi/lib/thumb/v7e-m+fp/hard/libc_nano.a(libc_a-stdio.o) (_lseek_r)
[...]
Memory Configuration

Name             Origin             Length             Attributes
RAM              0x0000000020000000 0x0000000000010000 xrw
FLASH            0x0000000008000000 0x0000000000020000 xr
*default*        0x0000000000000000 0xffffffffffffffff

Linker script and memory map

LOAD /opt/st/stm32cubeide_1.13.2/plugins/com.st.stm32cube.ide.mcu.externaltools.gnu-tools-for-stm32.11.3.rel1.linux64_1.1.1.202309131626/tools/bin/../lib/gcc/arm-none-eabi/11.3.1/thumb/v7e-m+fp/hard/crti.o
LOAD /opt/st/stm32cubeide_1.13.2/plugins/com.st.stm32cube.ide.mcu.externaltools.gnu-tools-for-stm32.11.3.rel1.linux64_1.1.1.202309131626/tools/bin/../lib/gcc/arm-none-eabi/11.3.1/thumb/v7e-m+fp/hard/crtbegin.o
LOAD /opt/st/stm32cubeide_1.13.2/plugins/com.st.stm32cube.ide.mcu.externaltools.gnu-tools-for-stm32.11.3.rel1.linux64_1.1.1.202309131626/tools/bin/../lib/gcc/arm-none-eabi/11.3.1/../../../../arm-none-eabi/lib/thumb/v7e-m+fp/hard/crt0.o
LOAD ./Core/Src/dma.o
LOAD ./Core/Src/gpio.o
LOAD ./Core/Src/i2c.o
LOAD ./Core/Src/main.o
LOAD ./Core/Src/spi.o
LOAD ./Core/Src/stm32f4xx_hal_msp.o
LOAD ./Core/Src/stm32f4xx_it.o
LOAD ./Core/Src/syscalls.o
LOAD ./Core/Src/sysmem.o
LOAD ./Core/Src/system_stm32f4xx.o
LOAD ./Core/Src/tim.o
LOAD ./Core/Src/usart.o
LOAD ./Core/Startup/startup_stm32f401cbux.o
LOAD ./Drivers/STM32F4xx_HAL_Driver/Src/stm32f4xx_hal.o
LOAD ./Drivers/STM32F4xx_HAL_Driver/Src/stm32f4xx_hal_cortex.o
LOAD ./Drivers/STM32F4xx_HAL_Driver/Src/stm32f4xx_hal_dma.o
LOAD ./Drivers/STM32F4xx_HAL_Driver/Src/stm32f4xx_hal_dma_ex.o
LOAD ./Drivers/STM32F4xx_HAL_Driver/Src/stm32f4xx_hal_exti.o
LOAD ./Drivers/STM32F4xx_HAL_Driver/Src/stm32f4xx_hal_flash.o
LOAD ./Drivers/STM32F4xx_HAL_Driver/Src/stm32f4xx_hal_flash_ex.o
LOAD ./Drivers/STM32F4xx_HAL_Driver/Src/stm32f4xx_hal_flash_ramfunc.o
LOAD ./Drivers/STM32F4xx_HAL_Driver/Src/stm32f4xx_hal_gpio.o
LOAD ./Drivers/STM32F4xx_HAL_Driver/Src/stm32f4xx_hal_i2c.o
LOAD ./Drivers/STM32F4xx_HAL_Driver/Src/stm32f4xx_hal_i2c_ex.o
LOAD ./Drivers/STM32F4xx_HAL_Driver/Src/stm32f4xx_hal_pwr.o
LOAD ./Drivers/STM32F4xx_HAL_Driver/Src/stm32f4xx_hal_pwr_ex.o
LOAD ./Drivers/STM32F4xx_HAL_Driver/Src/stm32f4xx_hal_rcc.o
LOAD ./Drivers/STM32F4xx_HAL_Driver/Src/stm32f4xx_hal_rcc_ex.o
LOAD ./Drivers/STM32F4xx_HAL_Driver/Src/stm32f4xx_hal_spi.o
LOAD ./Drivers/STM32F4xx_HAL_Driver/Src/stm32f4xx_hal_tim.o
LOAD ./Drivers/STM32F4xx_HAL_Driver/Src/stm32f4xx_hal_tim_ex.o
LOAD ./Drivers/STM32F4xx_HAL_Driver/Src/stm32f4xx_hal_uart.o
LOAD ./Filters/KalmanFilter.o
LOAD ./Filters/PID.o
LOAD ./GCS_Telemetry/Telemetry.o
LOAD ./Rc_Telemetry/ibus.o
LOAD ./Sensors/imu_adxl345.o
LOAD ./Sensors/mpu6050.o
START GROUP
LOAD /opt/st/stm32cubeide_1.13.2/plugins/com.st.stm32cube.ide.mcu.externaltools.gnu-tools-for-stm32.11.3.rel1.linux64_1.1.1.202309131626/tools/bin/../lib/gcc/arm-none-eabi/11.3.1/../../../../arm-none-eabi/lib/thumb/v7e-m+fp/hard/libc_nano.a
LOAD /opt/st/stm32cubeide_1.13.2/plugins/com.st.stm32cube.ide.mcu.externaltools.gnu-tools-for-stm32.11.3.rel1.linux64_1.1.1.202309131626/tools/bin/../lib/gcc/arm-none-eabi/11.3.1/../../../../arm-none-eabi/lib/thumb/v7e-m+fp/hard/libm.a
END GROUP
START GROUP
LOAD /opt/st/stm32cubeide_1.13.2/plugins/com.st.stm32cube.ide.mcu.externaltools.gnu-tools-for-stm32.11.3.rel1.linux64_1.1.1.202309131626/tools/bin/../lib/gcc/arm-none-eabi/11.3.1/thumb/v7e-m+fp/hard/libgcc.a
LOAD /opt/st/stm32cubeide_1.13.2/plugins/com.st.stm32cube.ide.mcu.externaltools.gnu-tools-for-stm32.11.3.rel1.linux64_1.1.1.202309131626/tools/bin/../lib/gcc/arm-none-eabi/11.3.1/../../../../arm-none-eabi/lib/thumb/v7e-m+fp/hard/libc_nano.a
END GROUP
START GROUP
LOAD /opt/st/stm32cubeide_1.13.2/plugins/com.st.stm32cube.ide.mcu.externaltools.gnu-tools-for-stm32.11.3.rel1.linux64_1.1.1.202309131626/tools/bin/../lib/gcc/arm-none-eabi/11.3.1/thumb/v7e-m+fp/hard/libgcc.a
LOAD /opt/st/stm32cubeide_1.13.2/plugins/com.st.stm32cube.ide.mcu.externaltools.gnu-tools-for-stm32.11.3.rel1.linux64_1.1.1.202309131626/tools/bin/../lib/gcc/arm-none-eabi/11.3.1/../../../../arm-none-eabi/lib/thumb/v7e-m+fp/hard/libc_nano.a
LOAD /opt/st/stm32cubeide_1.13.2/plugins/com.st.stm32cube.ide.mcu.externaltools.gnu-tools-for-stm32.11.3.rel1.linux64_1.1.1.202309131626/tools/bin/../lib/gcc/arm-none-eabi/11.3.1/../../../../arm-none-eabi/lib/thumb/v7e-m+fp/hard/libnosys.a
END GROUP
START GROUP
LOAD /opt/st/stm32cubeide_1.13.2/plugins/com.st.stm32cube.ide.mcu.externaltools.gnu-tools-for-stm32.11.3.rel1.linux64_1.1.1.202309131626/tools/bin/../lib/gcc/arm-none-eabi/11.3.1/thumb/v7e-m+fp/hard/libgcc.a
LOAD /opt/st/stm32cubeide_1.13.2/plugins/com.st.stm32cube.ide.mcu.externaltools.gnu-tools-for-stm32.11.3.rel1.linux64_1.1.1.202309131626/tools/bin/../lib/gcc/arm-none-eabi/11.3.1/../../../../arm-none-eabi/lib/thumb/v7e-m+fp/hard/libc_nano.a
LOAD /opt/st/stm32cubeide_1.13.2/plugins/com.st.stm32cube.ide.mcu.externaltools.gnu-tools-for-stm32.11.3.rel1.linux64_1.1.1.202309131626/tools/bin/../lib/gcc/arm-none-eabi/11.3.1/../../../../arm-none-eabi/lib/thumb/v7e-m+fp/hard/libnosys.a
END GROUP
LOAD /opt/st/stm32cubeide_1.13.2/plugins/com.st.stm32cube.ide.mcu.externaltools.gnu-tools-for-stm32.11.3.rel1.linux64_1.1.1.202309131626/tools/bin/../lib/gcc/arm-none-eabi/11.3.1/thumb/v7e-m+fp/hard/crtend.o
LOAD /opt/st/stm32cubeide_1.13.2/plugins/com.st.stm32cube.ide.mcu.externaltools.gnu-tools-for-stm32.11.3.rel1.linux64_1.1.1.202309131626/tools/bin/../lib/gcc/arm-none-eabi/11.3.1/thumb/v7e-m+fp/hard/crtn.o
                0x0000000020010000                _estack = (ORIGIN (RAM) + LENGTH (RAM))
                0x0000000000000200                _Min_Heap_Size = 0x200
                0x0000000000000400                _Min_Stack_Size = 0x400

.isr_vector     0x0000000008000000      0x194
                0x0000000008000000                . = ALIGN (0x4)
 *(.isr_vector)
 .isr_vector    0x0000000008000000      0x194 ./Core/Startup/startup_stm32f401cbux.o
                0x0000000008000000                g_pfnVectors
                0x0000000008000194                . = ALIGN (0x4)

.text           0x0000000008000198     0x7874
                0x0000000008000198                . = ALIGN (0x4)
 *(.text)
 .text          0x0000000008000198       0x40 /opt/st/stm32cubeide_1.13.2/plugins/com.st.stm32cube.ide.mcu.externaltools.gnu-tools-for-stm32.11.3.rel1.linux64_1.1.1.202309131626/tools/bin/../lib/gcc/arm-none-eabi/11.3.1/thumb/v7e-m+fp/hard/crtbegin.o
 .text          0x00000000080001d8      0x378 /opt/st/stm32cubeide_1.13.2/plugins/com.st.stm32cube.ide.mcu.externaltools.gnu-tools-for-stm32.11.3.rel1.linux64_1.1.1.202309131626/tools/bin/../lib/gcc/arm-none-eabi/11.3.1/thumb/v7e-m+fp/hard/libgcc.a(_arm_addsubdf3.o)
                0x00000000080001d8                __aeabi_drsub
                0x00000000080001e0                __aeabi_dsub
                0x00000000080001e0                __subdf3
                0x00000000080001e4                __adddf3
                0x00000000080001e4                __aeabi_dadd
                0x000000000800045c                __aeabi_ui2d
                0x000000000800045c                __floatunsidf
                0x000000000800047c                __floatsidf
                0x000000000800047c                __aeabi_i2d
                0x00000000080004a0                __extendsfdf2
                0x00000000080004a0                __aeabi_f2d
                0x00000000080004e4                __aeabi_ul2d
                0x00000000080004e4                __floatundidf
                0x00000000080004f4                __floatdidf
                0x00000000080004f4                __aeabi_l2d
 .text          0x0000000008000550      0x424 /opt/st/stm32cubeide_1.13.2/plugins/com.st.stm32cube.ide.mcu.externaltools.gnu-tools-for-stm32.11.3.rel1.linux64_1.1.1.202309131626/tools/bin/../lib/gcc/arm-none-eabi/11.3.1/thumb/v7e-m+fp/hard/libgcc.a(_arm_muldivdf3.o)
                0x0000000008000550                __aeabi_dmul
                0x0000000008000550                __muldf3
                0x00000000080007a4                __aeabi_ddiv
                0x00000000080007a4                __divdf3
 .text          0x0000000008000974      0x110 /opt/st/stm32cubeide_1.13.2/plugins/com.st.stm32cube.ide.mcu.externaltools.gnu-tools-for-stm32.11.3.rel1.linux64_1.1.1.202309131626/tools/bin/../lib/gcc/arm-none-eabi/11.3.1/thumb/v7e-m+fp/hard/libgcc.a(_arm_cmpdf2.o)
                0x0000000008000974                __gtdf2
                0x0000000008000974                __gedf2
                0x000000000800097c                __ltdf2
                0x000000000800097c                __ledf2
                0x0000000008000984                __cmpdf2
                0x0000000008000984                __eqdf2
                0x0000000008000984                __nedf2
                0x0000000008000a00                __aeabi_cdrcmple
                0x0000000008000a10                __aeabi_cdcmple
                0x0000000008000a10                __aeabi_cdcmpeq
                0x0000000008000a20                __aeabi_dcmpeq
                0x0000000008000a34                __aeabi_dcmplt
                0x0000000008000a48                __aeabi_dcmple
                0x0000000008000a5c                __aeabi_dcmpge
                0x0000000008000a70                __aeabi_dcmpgt
 .text          0x0000000008000a84       0x2c /opt/st/stm32cubeide_1.13.2/plugins/com.st.stm32cube.ide.mcu.externaltools.gnu-tools-for-stm32.11.3.rel1.linux64_1.1.1.202309131626/tools/bin/../lib/gcc/arm-none-eabi/11.3.1/thumb/v7e-m+fp/hard/libgcc.a(_arm_unorddf2.o)
                0x0000000008000a84                __aeabi_dcmpun
                0x0000000008000a84                __unorddf2
 .text          0x0000000008000ab0       0xa0 /opt/st/stm32cubeide_1.13.2/plugins/com.st.stm32cube.ide.mcu.externaltools.gnu-tools-for-stm32.11.3.rel1.linux64_1.1.1.202309131626/tools/bin/../lib/gcc/arm-none-eabi/11.3.1/thumb/v7e-m+fp/hard/libgcc.a(_arm_truncdfsf2.o)
                0x0000000008000ab0                __aeabi_d2f
                0x0000000008000ab0                __truncdfsf2
 .text          0x0000000008000b50       0x30 /opt/st/stm32cubeide_1.13.2/plugins/com.st.stm32cube.ide.mcu.externaltools.gnu-tools-for-stm32.11.3.rel1.linux64_1.1.1.202309131626/tools/bin/../lib/gcc/arm-none-eabi/11.3.1/thumb/v7e-m+fp/hard/libgcc.a(_aeabi_uldivmod.o)
                0x0000000008000b50                __aeabi_uldivmod
 .text          0x0000000008000b80      0x2c8 /opt/st/stm32cubeide_1.13.2/plugins/com.st.stm32cube.ide.mcu.externaltools.gnu-tools-for-stm32.11.3.rel1.linux64_1.1.1.202309131626/tools/bin/../lib/gcc/arm-none-eabi/11.3.1/thumb/v7e-m+fp/hard/libgcc.a(_udivmoddi4.o)
                0x0000000008000b80                __udivmoddi4
 .text          0x0000000008000e48        0x4 /opt/st/stm32cubeide_1.13.2/plugins/com.st.stm32cube.ide.mcu.externaltools.gnu-tools-for-stm32.11.3.rel1.linux64_1.1.1.202309131626/tools/bin/../lib/gcc/arm-none-eabi/11.3.1/thumb/v7e-m+fp/hard/libgcc.a(_dvmd_tls.o)
                0x0000000008000e48                __aeabi_ldiv0
                0x0000000008000e48                __aeabi_idiv0
 *(.text*)
 .text.MX_DMA_Init
                0x0000000008000e4c       0x6c ./Core/Src/dma.o
                0x0000000008000e4c                MX_DMA_Init
 .text.MX_GPIO_Init
                0x0000000008000eb8       0x88 ./Core/Src/gpio.o
                0x0000000008000eb8                MX_GPIO_Init
 .text.MX_I2C1_Init
                0x0000000008000f40       0x5c ./Core/Src/i2c.o
                0x0000000008000f40                MX_I2C1_Init
 .text.HAL_I2C_MspInit
                0x0000000008000f9c       0x90 ./Core/Src/i2c.o
                0x0000000008000f9c                HAL_I2C_MspInit
 .text.main     0x000000000800102c       0x84 ./Core/Src/main.o
                0x000000000800102c                main
 .text.SystemClock_Config
                0x00000000080010b0       0xd8 ./Core/Src/main.o
                0x00000000080010b0                SystemClock_Config
 .text.HAL_UART_RxCpltCallback
                0x0000000008001188       0x20 ./Core/Src/main.o
                0x0000000008001188                HAL_UART_RxCpltCallback
 .text.Error_Handler
                0x00000000080011a8        0xa ./Core/Src/main.o
                0x00000000080011a8                Error_Handler
 *fill*         0x00000000080011b2        0x2 
 .text.MX_SPI2_Init
                0x00000000080011b4       0x6c ./Core/Src/spi.o
                0x00000000080011b4                MX_SPI2_Init
 .text.HAL_SPI_MspInit
                0x0000000008001220       0x90 ./Core/Src/spi.o
                0x0000000008001220                HAL_SPI_MspInit
 .text.HAL_MspInit
                0x00000000080012b0       0x50 ./Core/Src/stm32f4xx_hal_msp.o
                0x00000000080012b0                HAL_MspInit
 .text.NMI_Handler
                0x0000000008001300        0xa ./Core/Src/stm32f4xx_it.o
                0x0000000008001300                NMI_Handler
 .text.HardFault_Handler
                0x000000000800130a        0x6 ./Core/Src/stm32f4xx_it.o
                0x000000000800130a                HardFault_Handler
 .text.MemManage_Handler
                0x0000000008001310        0x6 ./Core/Src/stm32f4xx_it.o
                0x0000000008001310                MemManage_Handler
 .text.BusFault_Handler
                0x0000000008001316        0x6 ./Core/Src/stm32f4xx_it.o
                0x0000000008001316                BusFault_Handler
 .text.UsageFault_Handler
                0x000000000800131c        0x6 ./Core/Src/stm32f4xx_it.o
                0x000000000800131c                UsageFault_Handler
 .text.SVC_Handler
                0x0000000008001322        0xe ./Core/Src/stm32f4xx_it.o
                0x0000000008001322                SVC_Handler
 .text.DebugMon_Handler
                0x0000000008001330        0xe ./Core/Src/stm32f4xx_it.o
                0x0000000008001330                DebugMon_Handler
 .text.PendSV_Handler
                0x000000000800133e        0xe ./Core/Src/stm32f4xx_it.o
                0x000000000800133e                PendSV_Handler
 .text.SysTick_Handler
                0x000000000800134c        0xc ./Core/Src/stm32f4xx_it.o
                0x000000000800134c                SysTick_Handler
 .text.DMA1_Stream5_IRQHandler
                0x0000000008001358       0x14 ./Core/Src/stm32f4xx_it.o
                0x0000000008001358                DMA1_Stream5_IRQHandler
 .text.TIM3_IRQHandler
                0x000000000800136c       0x14 ./Core/Src/stm32f4xx_it.o
                0x000000000800136c                TIM3_IRQHandler
 .text.USART1_IRQHandler
                0x0000000008001380       0x14 ./Core/Src/stm32f4xx_it.o
                0x0000000008001380                USART1_IRQHandler
 .text.USART2_IRQHandler
                0x0000000008001394       0x14 ./Core/Src/stm32f4xx_it.o
                0x0000000008001394                USART2_IRQHandler
 .text.DMA2_Stream2_IRQHandler
                0x00000000080013a8       0x14 ./Core/Src/stm32f4xx_it.o
                0x00000000080013a8                DMA2_Stream2_IRQHandler
 .text.SystemInit
                0x00000000080013bc       0x24 ./Core/Src/system_stm32f4xx.o
                0x00000000080013bc                SystemInit
 .text.MX_TIM3_Init
                0x00000000080013e0      0x130 ./Core/Src/tim.o
                0x00000000080013e0                MX_TIM3_Init
 .text.HAL_TIM_Base_MspInit
                0x0000000008001510       0x50 ./Core/Src/tim.o
                0x0000000008001510                HAL_TIM_Base_MspInit
 .text.HAL_TIM_MspPostInit
                0x0000000008001560       0xb4 ./Core/Src/tim.o
                0x0000000008001560                HAL_TIM_MspPostInit
 .text.MX_USART1_UART_Init
                0x0000000008001614       0x54 ./Core/Src/usart.o
                0x0000000008001614                MX_USART1_UART_Init
 .text.MX_USART2_UART_Init
                0x0000000008001668       0x54 ./Core/Src/usart.o
                0x0000000008001668                MX_USART2_UART_Init
 .text.HAL_UART_MspInit
                0x00000000080016bc      0x1e4 ./Core/Src/usart.o
                0x00000000080016bc                HAL_UART_MspInit
 .text.Reset_Handler
                0x00000000080018a0       0x50 ./Core/Startup/startup_stm32f401cbux.o
                0x00000000080018a0                Reset_Handler
 .text.Default_Handler
                0x00000000080018f0        0x2 ./Core/Startup/startup_stm32f401cbux.o
                0x00000000080018f0                RTC_Alarm_IRQHandler
                0x00000000080018f0                EXTI2_IRQHandler
                0x00000000080018f0                SPI4_IRQHandler
                0x00000000080018f0                TIM1_CC_IRQHandler
                0x00000000080018f0                DMA2_Stream5_IRQHandler
                0x00000000080018f0                PVD_IRQHandler
                0x00000000080018f0                SDIO_IRQHandler
                0x00000000080018f0                TAMP_STAMP_IRQHandler
                0x00000000080018f0                EXTI3_IRQHandler
                0x00000000080018f0                TIM1_UP_TIM10_IRQHandler
                0x00000000080018f0                I2C3_ER_IRQHandler
                0x00000000080018f0                EXTI0_IRQHandler
                0x00000000080018f0                I2C2_EV_IRQHandler
                0x00000000080018f0                DMA1_Stream2_IRQHandler
                0x00000000080018f0                FPU_IRQHandler
                0x00000000080018f0                SPI1_IRQHandler
                0x00000000080018f0                TIM1_BRK_TIM9_IRQHandler
                0x00000000080018f0                DMA2_Stream3_IRQHandler
                0x00000000080018f0                USART6_IRQHandler
                0x00000000080018f0                DMA2_Stream0_IRQHandler
                0x00000000080018f0                TIM4_IRQHandler
                0x00000000080018f0                I2C1_EV_IRQHandler
                0x00000000080018f0                DMA1_Stream6_IRQHandler
                0x00000000080018f0                DMA1_Stream1_IRQHandler
                0x00000000080018f0                RCC_IRQHandler
                0x00000000080018f0                Default_Handler
                0x00000000080018f0                EXTI15_10_IRQHandler
                0x00000000080018f0                ADC_IRQHandler
                0x00000000080018f0                DMA1_Stream7_IRQHandler
                0x00000000080018f0                TIM5_IRQHandler
                0x00000000080018f0                DMA2_Stream7_IRQHandler
                0x00000000080018f0                I2C3_EV_IRQHandler
                0x00000000080018f0                EXTI9_5_IRQHandler
                0x00000000080018f0                RTC_WKUP_IRQHandler
                0x00000000080018f0                SPI2_IRQHandler
                0x00000000080018f0                DMA1_Stream0_IRQHandler
                0x00000000080018f0                EXTI4_IRQHandler
                0x00000000080018f0                WWDG_IRQHandler
                0x00000000080018f0                TIM2_IRQHandler
                0x00000000080018f0                OTG_FS_WKUP_IRQHandler
                0x00000000080018f0                TIM1_TRG_COM_TIM11_IRQHandler
                0x00000000080018f0                EXTI1_IRQHandler
                0x00000000080018f0                I2C2_ER_IRQHandler
                0x00000000080018f0                DMA2_Stream1_IRQHandler
                0x00000000080018f0                FLASH_IRQHandler
                0x00000000080018f0                DMA2_Stream4_IRQHandler
                0x00000000080018f0                OTG_FS_IRQHandler
                0x00000000080018f0                SPI3_IRQHandler
                0x00000000080018f0                DMA1_Stream4_IRQHandler
                0x00000000080018f0                I2C1_ER_IRQHandler
                0x00000000080018f0                DMA2_Stream6_IRQHandler
                0x00000000080018f0                DMA1_Stream3_IRQHandler
 *fill*         0x00000000080018f2        0x2 
 .text.HAL_Init
                0x00000000080018f4       0x44 ./Drivers/STM32F4xx_HAL_Driver/Src/stm32f4xx_hal.o
                0x00000000080018f4                HAL_Init
 .text.HAL_InitTick
                0x0000000008001938       0x60 ./Drivers/STM32F4xx_HAL_Driver/Src/stm32f4xx_hal.o
                0x0000000008001938                HAL_InitTick
 .text.HAL_IncTick
                0x0000000008001998       0x28 ./Drivers/STM32F4xx_HAL_Driver/Src/stm32f4xx_hal.o
                0x0000000008001998                HAL_IncTick
 .text.HAL_GetTick
                0x00000000080019c0       0x18 ./Drivers/STM32F4xx_HAL_Driver/Src/stm32f4xx_hal.o
                0x00000000080019c0                HAL_GetTick
 .text.HAL_Delay
                0x00000000080019d8       0x48 ./Drivers/STM32F4xx_HAL_Driver/Src/stm32f4xx_hal.o
                0x00000000080019d8                HAL_Delay
 .text.__NVIC_SetPriorityGrouping
                0x0000000008001a20       0x48 ./Drivers/STM32F4xx_HAL_Driver/Src/stm32f4xx_hal_cortex.o
 .text.__NVIC_GetPriorityGrouping
                0x0000000008001a68       0x1c ./Drivers/STM32F4xx_HAL_Driver/Src/stm32f4xx_hal_cortex.o
 .text.__NVIC_EnableIRQ
                0x0000000008001a84       0x3c ./Drivers/STM32F4xx_HAL_Driver/Src/stm32f4xx_hal_cortex.o
 .text.__NVIC_SetPriority
                0x0000000008001ac0       0x54 ./Drivers/STM32F4xx_HAL_Driver/Src/stm32f4xx_hal_cortex.o
 .text.NVIC_EncodePriority
                0x0000000008001b14       0x66 ./Drivers/STM32F4xx_HAL_Driver/Src/stm32f4xx_hal_cortex.o
 *fill*         0x0000000008001b7a        0x2 
 .text.SysTick_Config
                0x0000000008001b7c       0x44 ./Drivers/STM32F4xx_HAL_Driver/Src/stm32f4xx_hal_cortex.o
 .text.HAL_NVIC_SetPriorityGrouping
                0x0000000008001bc0       0x16 ./Drivers/STM32F4xx_HAL_Driver/Src/stm32f4xx_hal_cortex.o
                0x0000000008001bc0                HAL_NVIC_SetPriorityGrouping
 .text.HAL_NVIC_SetPriority
                0x0000000008001bd6       0x38 ./Drivers/STM32F4xx_HAL_Driver/Src/stm32f4xx_hal_cortex.o
                0x0000000008001bd6                HAL_NVIC_SetPriority
 .text.HAL_NVIC_EnableIRQ
                0x0000000008001c0e       0x1c ./Drivers/STM32F4xx_HAL_Driver/Src/stm32f4xx_hal_cortex.o
                0x0000000008001c0e                HAL_NVIC_EnableIRQ
 .text.HAL_SYSTICK_Config
                0x0000000008001c2a       0x18 ./Drivers/STM32F4xx_HAL_Driver/Src/stm32f4xx_hal_cortex.o
                0x0000000008001c2a                HAL_SYSTICK_Config
 *fill*         0x0000000008001c42        0x2 
 .text.HAL_DMA_Init
                0x0000000008001c44      0x15c ./Drivers/STM32F4xx_HAL_Driver/Src/stm32f4xx_hal_dma.o
                0x0000000008001c44                HAL_DMA_Init
 .text.HAL_DMA_Start_IT
                0x0000000008001da0       0xb0 ./Drivers/STM32F4xx_HAL_Driver/Src/stm32f4xx_hal_dma.o
                0x0000000008001da0                HAL_DMA_Start_IT
 .text.HAL_DMA_Abort
                0x0000000008001e50       0xe0 ./Drivers/STM32F4xx_HAL_Driver/Src/stm32f4xx_hal_dma.o
                0x0000000008001e50                HAL_DMA_Abort
 .text.HAL_DMA_Abort_IT
                0x0000000008001f30       0x44 ./Drivers/STM32F4xx_HAL_Driver/Src/stm32f4xx_hal_dma.o
                0x0000000008001f30                HAL_DMA_Abort_IT
 .text.HAL_DMA_IRQHandler
                0x0000000008001f74      0x314 ./Drivers/STM32F4xx_HAL_Driver/Src/stm32f4xx_hal_dma.o
                0x0000000008001f74                HAL_DMA_IRQHandler
 .text.DMA_SetConfig
                0x0000000008002288       0x5c ./Drivers/STM32F4xx_HAL_Driver/Src/stm32f4xx_hal_dma.o
 .text.DMA_CalcBaseAndBitshift
                0x00000000080022e4       0x6c ./Drivers/STM32F4xx_HAL_Driver/Src/stm32f4xx_hal_dma.o
 .text.DMA_CheckFifoParam
                0x0000000008002350       0xf8 ./Drivers/STM32F4xx_HAL_Driver/Src/stm32f4xx_hal_dma.o
 .text.HAL_GPIO_Init
                0x0000000008002448      0x308 ./Drivers/STM32F4xx_HAL_Driver/Src/stm32f4xx_hal_gpio.o
                0x0000000008002448                HAL_GPIO_Init
 .text.HAL_GPIO_WritePin
                0x0000000008002750       0x32 ./Drivers/STM32F4xx_HAL_Driver/Src/stm32f4xx_hal_gpio.o
                0x0000000008002750                HAL_GPIO_WritePin
 *fill*         0x0000000008002782        0x2 
 .text.HAL_I2C_Init
                0x0000000008002784      0x288 ./Drivers/STM32F4xx_HAL_Driver/Src/stm32f4xx_hal_i2c.o
                0x0000000008002784                HAL_I2C_Init
 .text.HAL_I2C_Mem_Write
                0x0000000008002a0c      0x1f4 ./Drivers/STM32F4xx_HAL_Driver/Src/stm32f4xx_hal_i2c.o
                0x0000000008002a0c                HAL_I2C_Mem_Write
 .text.HAL_I2C_Mem_Read
                0x0000000008002c00      0x44c ./Drivers/STM32F4xx_HAL_Driver/Src/stm32f4xx_hal_i2c.o
                0x0000000008002c00                HAL_I2C_Mem_Read
 .text.I2C_RequestMemoryWrite
                0x000000000800304c      0x12c ./Drivers/STM32F4xx_HAL_Driver/Src/stm32f4xx_hal_i2c.o
 .text.I2C_RequestMemoryRead
                0x0000000008003178      0x1d0 ./Drivers/STM32F4xx_HAL_Driver/Src/stm32f4xx_hal_i2c.o
 .text.I2C_WaitOnFlagUntilTimeout
                0x0000000008003348       0xae ./Drivers/STM32F4xx_HAL_Driver/Src/stm32f4xx_hal_i2c.o
 .text.I2C_WaitOnMasterAddressFlagUntilTimeout
                0x00000000080033f6       0xfe ./Drivers/STM32F4xx_HAL_Driver/Src/stm32f4xx_hal_i2c.o
 .text.I2C_WaitOnTXEFlagUntilTimeout
                0x00000000080034f4       0x82 ./Drivers/STM32F4xx_HAL_Driver/Src/stm32f4xx_hal_i2c.o
 .text.I2C_WaitOnBTFFlagUntilTimeout
                0x0000000008003576       0x82 ./Drivers/STM32F4xx_HAL_Driver/Src/stm32f4xx_hal_i2c.o
 .text.I2C_WaitOnRXNEFlagUntilTimeout
                0x00000000080035f8       0xac ./Drivers/STM32F4xx_HAL_Driver/Src/stm32f4xx_hal_i2c.o
 .text.I2C_IsAcknowledgeFailed
                0x00000000080036a4       0x5e ./Drivers/STM32F4xx_HAL_Driver/Src/stm32f4xx_hal_i2c.o
 *fill*         0x0000000008003702        0x2 
 .text.HAL_RCC_OscConfig
                0x0000000008003704      0x4f0 ./Drivers/STM32F4xx_HAL_Driver/Src/stm32f4xx_hal_rcc.o
                0x0000000008003704                HAL_RCC_OscConfig
 .text.HAL_RCC_ClockConfig
                0x0000000008003bf4      0x1cc ./Drivers/STM32F4xx_HAL_Driver/Src/stm32f4xx_hal_rcc.o
                0x0000000008003bf4                HAL_RCC_ClockConfig
 .text.HAL_RCC_EnableCSS
                0x0000000008003dc0       0x18 ./Drivers/STM32F4xx_HAL_Driver/Src/stm32f4xx_hal_rcc.o
                0x0000000008003dc0                HAL_RCC_EnableCSS
 .text.HAL_RCC_GetSysClockFreq
                0x0000000008003dd8      0x18c ./Drivers/STM32F4xx_HAL_Driver/Src/stm32f4xx_hal_rcc.o
                0x0000000008003dd8                HAL_RCC_GetSysClockFreq
 .text.HAL_RCC_GetHCLKFreq
                0x0000000008003f64       0x18 ./Drivers/STM32F4xx_HAL_Driver/Src/stm32f4xx_hal_rcc.o
                0x0000000008003f64                HAL_RCC_GetHCLKFreq
 .text.HAL_RCC_GetPCLK1Freq
                0x0000000008003f7c       0x28 ./Drivers/STM32F4xx_HAL_Driver/Src/stm32f4xx_hal_rcc.o
                0x0000000008003f7c                HAL_RCC_GetPCLK1Freq
 .text.HAL_RCC_GetPCLK2Freq
                0x0000000008003fa4       0x28 ./Drivers/STM32F4xx_HAL_Driver/Src/stm32f4xx_hal_rcc.o
                0x0000000008003fa4                HAL_RCC_GetPCLK2Freq
 .text.HAL_RCC_NMI_IRQHandler
                0x0000000008003fcc       0x28 ./Drivers/STM32F4xx_HAL_Driver/Src/stm32f4xx_hal_rcc.o
                0x0000000008003fcc                HAL_RCC_NMI_IRQHandler
 .text.HAL_RCC_CSSCallback
                0x0000000008003ff4        0xe ./Drivers/STM32F4xx_HAL_Driver/Src/stm32f4xx_hal_rcc.o
                0x0000000008003ff4                HAL_RCC_CSSCallback
 .text.HAL_SPI_Init
                0x0000000008004002      0x112 ./Drivers/STM32F4xx_HAL_Driver/Src/stm32f4xx_hal_spi.o
                0x0000000008004002                HAL_SPI_Init
 .text.HAL_SPI_Transmit
                0x0000000008004114      0x278 ./Drivers/STM32F4xx_HAL_Driver/Src/stm32f4xx_hal_spi.o
                0x0000000008004114                HAL_SPI_Transmit
 .text.SPI_WaitFlagStateUntilTimeout
                0x000000000800438c      0x110 ./Drivers/STM32F4xx_HAL_Driver/Src/stm32f4xx_hal_spi.o
 .text.SPI_EndRxTxTransaction
                0x000000000800449c       0x84 ./Drivers/STM32F4xx_HAL_Driver/Src/stm32f4xx_hal_spi.o
 .text.HAL_TIM_Base_Init
                0x0000000008004520       0x9e ./Drivers/STM32F4xx_HAL_Driver/Src/stm32f4xx_hal_tim.o
                0x0000000008004520                HAL_TIM_Base_Init
 .text.HAL_TIM_PWM_Init
                0x00000000080045be       0x9e ./Drivers/STM32F4xx_HAL_Driver/Src/stm32f4xx_hal_tim.o
                0x00000000080045be                HAL_TIM_PWM_Init
 .text.HAL_TIM_PWM_MspInit
                0x000000000800465c       0x14 ./Drivers/STM32F4xx_HAL_Driver/Src/stm32f4xx_hal_tim.o
                0x000000000800465c                HAL_TIM_PWM_MspInit
 .text.HAL_TIM_IRQHandler
                0x0000000008004670      0x210 ./Drivers/STM32F4xx_HAL_Driver/Src/stm32f4xx_hal_tim.o
                0x0000000008004670                HAL_TIM_IRQHandler
 .text.HAL_TIM_PWM_ConfigChannel
                0x0000000008004880      0x184 ./Drivers/STM32F4xx_HAL_Driver/Src/stm32f4xx_hal_tim.o
                0x0000000008004880                HAL_TIM_PWM_ConfigChannel
 .text.HAL_TIM_ConfigClockSource
                0x0000000008004a04      0x18e ./Drivers/STM32F4xx_HAL_Driver/Src/stm32f4xx_hal_tim.o
                0x0000000008004a04                HAL_TIM_ConfigClockSource
 .text.HAL_TIM_PeriodElapsedCallback
                0x0000000008004b92       0x14 ./Drivers/STM32F4xx_HAL_Driver/Src/stm32f4xx_hal_tim.o
                0x0000000008004b92                HAL_TIM_PeriodElapsedCallback
 .text.HAL_TIM_OC_DelayElapsedCallback
                0x0000000008004ba6       0x14 ./Drivers/STM32F4xx_HAL_Driver/Src/stm32f4xx_hal_tim.o
                0x0000000008004ba6                HAL_TIM_OC_DelayElapsedCallback
 .text.HAL_TIM_IC_CaptureCallback
                0x0000000008004bba       0x14 ./Drivers/STM32F4xx_HAL_Driver/Src/stm32f4xx_hal_tim.o
                0x0000000008004bba                HAL_TIM_IC_CaptureCallback
 .text.HAL_TIM_PWM_PulseFinishedCallback
                0x0000000008004bce       0x14 ./Drivers/STM32F4xx_HAL_Driver/Src/stm32f4xx_hal_tim.o
                0x0000000008004bce                HAL_TIM_PWM_PulseFinishedCallback
 .text.HAL_TIM_TriggerCallback
                0x0000000008004be2       0x14 ./Drivers/STM32F4xx_HAL_Driver/Src/stm32f4xx_hal_tim.o
                0x0000000008004be2                HAL_TIM_TriggerCallback
 *fill*         0x0000000008004bf6        0x2 
 .text.TIM_Base_SetConfig
                0x0000000008004bf8      0x100 ./Drivers/STM32F4xx_HAL_Driver/Src/stm32f4xx_hal_tim.o
                0x0000000008004bf8                TIM_Base_SetConfig
 .text.TIM_OC1_SetConfig
                0x0000000008004cf8       0xcc ./Drivers/STM32F4xx_HAL_Driver/Src/stm32f4xx_hal_tim.o
 .text.TIM_OC2_SetConfig
                0x0000000008004dc4       0xd8 ./Drivers/STM32F4xx_HAL_Driver/Src/stm32f4xx_hal_tim.o
                0x0000000008004dc4                TIM_OC2_SetConfig
 .text.TIM_OC3_SetConfig
                0x0000000008004e9c       0xd4 ./Drivers/STM32F4xx_HAL_Driver/Src/stm32f4xx_hal_tim.o
 .text.TIM_OC4_SetConfig
                0x0000000008004f70       0xa0 ./Drivers/STM32F4xx_HAL_Driver/Src/stm32f4xx_hal_tim.o
 .text.TIM_TI1_ConfigInputStage
                0x0000000008005010       0x5e ./Drivers/STM32F4xx_HAL_Driver/Src/stm32f4xx_hal_tim.o
 .text.TIM_TI2_ConfigInputStage
                0x000000000800506e       0x60 ./Drivers/STM32F4xx_HAL_Driver/Src/stm32f4xx_hal_tim.o
 .text.TIM_ITRx_SetConfig
                0x00000000080050ce       0x36 ./Drivers/STM32F4xx_HAL_Driver/Src/stm32f4xx_hal_tim.o
 .text.TIM_ETR_SetConfig
                0x0000000008005104       0x40 ./Drivers/STM32F4xx_HAL_Driver/Src/stm32f4xx_hal_tim.o
                0x0000000008005104                TIM_ETR_SetConfig
 .text.HAL_TIMEx_MasterConfigSynchronization
                0x0000000008005144       0xdc ./Drivers/STM32F4xx_HAL_Driver/Src/stm32f4xx_hal_tim_ex.o
                0x0000000008005144                HAL_TIMEx_MasterConfigSynchronization
 .text.HAL_TIMEx_CommutCallback
                0x0000000008005220       0x14 ./Drivers/STM32F4xx_HAL_Driver/Src/stm32f4xx_hal_tim_ex.o
                0x0000000008005220                HAL_TIMEx_CommutCallback
 .text.HAL_TIMEx_BreakCallback
                0x0000000008005234       0x14 ./Drivers/STM32F4xx_HAL_Driver/Src/stm32f4xx_hal_tim_ex.o
                0x0000000008005234                HAL_TIMEx_BreakCallback
 .text.HAL_UART_Init
                0x0000000008005248       0xb4 ./Drivers/STM32F4xx_HAL_Driver/Src/stm32f4xx_hal_uart.o
                0x0000000008005248                HAL_UART_Init
 .text.HAL_UART_Receive_DMA
                0x00000000080052fc       0x60 ./Drivers/STM32F4xx_HAL_Driver/Src/stm32f4xx_hal_uart.o
                0x00000000080052fc                HAL_UART_Receive_DMA
 .text.HAL_UART_IRQHandler
                0x000000000800535c      0x524 ./Drivers/STM32F4xx_HAL_Driver/Src/stm32f4xx_hal_uart.o
                0x000000000800535c                HAL_UART_IRQHandler
 .text.HAL_UART_TxCpltCallback
                0x0000000008005880       0x14 ./Drivers/STM32F4xx_HAL_Driver/Src/stm32f4xx_hal_uart.o
                0x0000000008005880                HAL_UART_TxCpltCallback
 .text.HAL_UART_TxHalfCpltCallback
                0x0000000008005894       0x14 ./Drivers/STM32F4xx_HAL_Driver/Src/stm32f4xx_hal_uart.o
                0x0000000008005894                HAL_UART_TxHalfCpltCallback
 .text.HAL_UART_RxHalfCpltCallback
                0x00000000080058a8       0x14 ./Drivers/STM32F4xx_HAL_Driver/Src/stm32f4xx_hal_uart.o
                0x00000000080058a8                HAL_UART_RxHalfCpltCallback
 .text.HAL_UART_ErrorCallback
                0x00000000080058bc       0x14 ./Drivers/STM32F4xx_HAL_Driver/Src/stm32f4xx_hal_uart.o
                0x00000000080058bc                HAL_UART_ErrorCallback
 .text.HAL_UART_AbortCpltCallback
                0x00000000080058d0       0x14 ./Drivers/STM32F4xx_HAL_Driver/Src/stm32f4xx_hal_uart.o
                0x00000000080058d0                HAL_UART_AbortCpltCallback
 .text.HAL_UART_AbortTransmitCpltCallback
                0x00000000080058e4       0x14 ./Drivers/STM32F4xx_HAL_Driver/Src/stm32f4xx_hal_uart.o
                0x00000000080058e4                HAL_UART_AbortTransmitCpltCallback
 .text.HAL_UART_AbortReceiveCpltCallback
                0x00000000080058f8       0x14 ./Drivers/STM32F4xx_HAL_Driver/Src/stm32f4xx_hal_uart.o
                0x00000000080058f8                HAL_UART_AbortReceiveCpltCallback
 .text.HAL_UARTEx_RxEventCallback
                0x000000000800590c       0x18 ./Drivers/STM32F4xx_HAL_Driver/Src/stm32f4xx_hal_uart.o
                0x000000000800590c                HAL_UARTEx_RxEventCallback
 .text.UART_InitCallbacksToDefault
                0x0000000008005924       0x70 ./Drivers/STM32F4xx_HAL_Driver/Src/stm32f4xx_hal_uart.o
                0x0000000008005924                UART_InitCallbacksToDefault
 .text.UART_DMAReceiveCplt
                0x0000000008005994      0x12a ./Drivers/STM32F4xx_HAL_Driver/Src/stm32f4xx_hal_uart.o
 .text.UART_DMARxHalfCplt
                0x0000000008005abe       0x3a ./Drivers/STM32F4xx_HAL_Driver/Src/stm32f4xx_hal_uart.o
 .text.UART_DMAError
                0x0000000008005af8       0x96 ./Drivers/STM32F4xx_HAL_Driver/Src/stm32f4xx_hal_uart.o
 *fill*         0x0000000008005b8e        0x2 
 .text.UART_Start_Receive_DMA
                0x0000000008005b90      0x13c ./Drivers/STM32F4xx_HAL_Driver/Src/stm32f4xx_hal_uart.o
                0x0000000008005b90                UART_Start_Receive_DMA
 .text.UART_EndTxTransfer
                0x0000000008005ccc       0x50 ./Drivers/STM32F4xx_HAL_Driver/Src/stm32f4xx_hal_uart.o
 .text.UART_EndRxTransfer
                0x0000000008005d1c       0xc6 ./Drivers/STM32F4xx_HAL_Driver/Src/stm32f4xx_hal_uart.o
 .text.UART_DMAAbortOnError
                0x0000000008005de2       0x2a ./Drivers/STM32F4xx_HAL_Driver/Src/stm32f4xx_hal_uart.o
 .text.UART_Transmit_IT
                0x0000000008005e0c       0xa0 ./Drivers/STM32F4xx_HAL_Driver/Src/stm32f4xx_hal_uart.o
 .text.UART_EndTransmit_IT
                0x0000000008005eac       0x32 ./Drivers/STM32F4xx_HAL_Driver/Src/stm32f4xx_hal_uart.o
 .text.UART_Receive_IT
                0x0000000008005ede      0x17a ./Drivers/STM32F4xx_HAL_Driver/Src/stm32f4xx_hal_uart.o
 .text.UART_SetConfig
                0x0000000008006058      0x4e8 ./Drivers/STM32F4xx_HAL_Driver/Src/stm32f4xx_hal_uart.o
 .text.Kalman_getAngle
                0x0000000008006540      0x2b6 ./Filters/KalmanFilter.o
                0x0000000008006540                Kalman_getAngle
 *fill*         0x00000000080067f6        0x2 
 .text.KalmanSolve
                0x00000000080067f8      0x230 ./Filters/KalmanFilter.o
                0x00000000080067f8                KalmanSolve
 .text.PIDcontroller
                0x0000000008006a28      0x2a0 ./Filters/PID.o
                0x0000000008006a28                PIDcontroller
 .text.SetESC   0x0000000008006cc8       0xf4 ./Filters/PID.o
                0x0000000008006cc8                SetESC
 .text.ibus_init
                0x0000000008006dbc       0x1c ./Rc_Telemetry/ibus.o
                0x0000000008006dbc                ibus_init
 .text.ibus_is_valid
                0x0000000008006dd8       0x30 ./Rc_Telemetry/ibus.o
                0x0000000008006dd8                ibus_is_valid
 .text.ibus_checksum
                0x0000000008006e08       0x60 ./Rc_Telemetry/ibus.o
                0x0000000008006e08                ibus_checksum
 .text.ibus_update
                0x0000000008006e68       0x5c ./Rc_Telemetry/ibus.o
                0x0000000008006e68                ibus_update
 .text.ibus_soft_failsafe
                0x0000000008006ec4       0x78 ./Rc_Telemetry/ibus.o
                0x0000000008006ec4                ibus_soft_failsafe
 .text.ibus_reset_failsafe
                0x0000000008006f3c       0x18 ./Rc_Telemetry/ibus.o
                0x0000000008006f3c                ibus_reset_failsafe
 .text.ibus_read
                0x0000000008006f54       0x80 ./Rc_Telemetry/ibus.o
                0x0000000008006f54                ibus_read
 .text.adxl_write
                0x0000000008006fd4       0x54 ./Sensors/imu_adxl345.o
                0x0000000008006fd4                adxl_write
 .text.adxl_init
                0x0000000008007028       0x20 ./Sensors/imu_adxl345.o
                0x0000000008007028                adxl_init
 .text.MPU6050_Init
                0x0000000008007048       0xae ./Sensors/mpu6050.o
                0x0000000008007048                MPU6050_Init
 *fill*         0x00000000080070f6        0x2 
 .text.MPU6050_Read_All
                0x00000000080070f8      0x1a4 ./Sensors/mpu6050.o
                0x00000000080070f8                MPU6050_Read_All
 .text.memset   0x000000000800729c       0x10 /opt/st/stm32cubeide_1.13.2/plugins/com.st.stm32cube.ide.mcu.externaltools.gnu-tools-for-stm32.11.3.rel1.linux64_1.1.1.202309131626/tools/bin/../lib/gcc/arm-none-eabi/11.3.1/../../../../arm-none-eabi/lib/thumb/v7e-m+fp/hard/libc_nano.a(libc_a-memset.o)
                0x000000000800729c                memset
 .text.__errno  0x00000000080072ac        0xc /opt/st/stm32cubeide_1.13.2/plugins/com.st.stm32cube.ide.mcu.externaltools.gnu-tools-for-stm32.11.3.rel1.linux64_1.1.1.202309131626/tools/bin/../lib/gcc/arm-none-eabi/11.3.1/../../../../arm-none-eabi/lib/thumb/v7e-m+fp/hard/libc_nano.a(libc_a-errno.o)
                0x00000000080072ac                __errno
 .text.__libc_init_array
                0x00000000080072b8       0x48 /opt/st/stm32cubeide_1.13.2/plugins/com.st.stm32cube.ide.mcu.externaltools.gnu-tools-for-stm32.11.3.rel1.linux64_1.1.1.202309131626/tools/bin/../lib/gcc/arm-none-eabi/11.3.1/../../../../arm-none-eabi/lib/thumb/v7e-m+fp/hard/libc_nano.a(libc_a-init.o)
                0x00000000080072b8                __libc_init_array
 .text.atan2    0x0000000008007300        0x4 /opt/st/stm32cubeide_1.13.2/plugins/com.st.stm32cube.ide.mcu.externaltools.gnu-tools-for-stm32.11.3.rel1.linux64_1.1.1.202309131626/tools/bin/../lib/gcc/arm-none-eabi/11.3.1/../../../../arm-none-eabi/lib/thumb/v7e-m+fp/hard/libm.a(libm_a-w_atan2.o)
                0x0000000008007300                atan2
 .text.sqrt     0x0000000008007304       0x58 /opt/st/stm32cubeide_1.13.2/plugins/com.st.stm32cube.ide.mcu.externaltools.gnu-tools-for-stm32.11.3.rel1.linux64_1.1.1.202309131626/tools/bin/../lib/gcc/arm-none-eabi/11.3.1/../../../../arm-none-eabi/lib/thumb/v7e-m+fp/hard/libm.a(libm_a-w_sqrt.o)
                0x0000000008007304                sqrt
 *fill*         0x000000000800735c        0x4 
 .text.atan     0x0000000008007360      0x340 /opt/st/stm32cubeide_1.13.2/plugins/com.st.stm32cube.ide.mcu.externaltools.gnu-tools-for-stm32.11.3.rel1.linux64_1.1.1.202309131626/tools/bin/../lib/gcc/arm-none-eabi/11.3.1/../../../../arm-none-eabi/lib/thumb/v7e-m+fp/hard/libm.a(libm_a-s_atan.o)
                0x0000000008007360                atan
 .text.fabs     0x00000000080076a0       0x12 /opt/st/stm32cubeide_1.13.2/plugins/com.st.stm32cube.ide.mcu.externaltools.gnu-tools-for-stm32.11.3.rel1.linux64_1.1.1.202309131626/tools/bin/../lib/gcc/arm-none-eabi/11.3.1/../../../../arm-none-eabi/lib/thumb/v7e-m+fp/hard/libm.a(libm_a-s_fabs.o)
                0x00000000080076a0                fabs
 *fill*         0x00000000080076b2        0x2 
 .text.__ieee754_sqrt
                0x00000000080076b4      0x1b4 /opt/st/stm32cubeide_1.13.2/plugins/com.st.stm32cube.ide.mcu.externaltools.gnu-tools-for-stm32.11.3.rel1.linux64_1.1.1.202309131626/tools/bin/../lib/gcc/arm-none-eabi/11.3.1/../../../../arm-none-eabi/lib/thumb/v7e-m+fp/hard/libm.a(libm_a-e_sqrt.o)
                0x00000000080076b4                __ieee754_sqrt
 .text.__ieee754_atan2
                0x0000000008007868      0x18c /opt/st/stm32cubeide_1.13.2/plugins/com.st.stm32cube.ide.mcu.externaltools.gnu-tools-for-stm32.11.3.rel1.linux64_1.1.1.202309131626/tools/bin/../lib/gcc/arm-none-eabi/11.3.1/../../../../arm-none-eabi/lib/thumb/v7e-m+fp/hard/libm.a(libm_a-e_atan2.o)
                0x0000000008007868                __ieee754_atan2
 *(.glue_7)
 .glue_7        0x00000000080079f4        0x0 linker stubs
 *(.glue_7t)
 .glue_7t       0x00000000080079f4        0x0 linker stubs
 *(.eh_frame)
 .eh_frame      0x00000000080079f4        0x0 /opt/st/stm32cubeide_1.13.2/plugins/com.st.stm32cube.ide.mcu.externaltools.gnu-tools-for-stm32.11.3.rel1.linux64_1.1.1.202309131626/tools/bin/../lib/gcc/arm-none-eabi/11.3.1/thumb/v7e-m+fp/hard/crtbegin.o
 *(.init)
 .init          0x00000000080079f4        0x4 /opt/st/stm32cubeide_1.13.2/plugins/com.st.stm32cube.ide.mcu.externaltools.gnu-tools-for-stm32.11.3.rel1.linux64_1.1.1.202309131626/tools/bin/../lib/gcc/arm-none-eabi/11.3.1/thumb/v7e-m+fp/hard/crti.o
                0x00000000080079f4                _init
 .init          0x00000000080079f8        0x8 /opt/st/stm32cubeide_1.13.2/plugins/com.st.stm32cube.ide.mcu.externaltools.gnu-tools-for-stm32.11.3.rel1.linux64_1.1.1.202309131626/tools/bin/../lib/gcc/arm-none-eabi/11.3.1/thumb/v7e-m+fp/hard/crtn.o
 *(.fini)
 .fini          0x0000000008007a00        0x4 /opt/st/stm32cubeide_1.13.2/plugins/com.st.stm32cube.ide.mcu.externaltools.gnu-tools-for-stm32.11.3.rel1.linux64_1.1.1.202309131626/tools/bin/../lib/gcc/arm-none-eabi/11.3.1/thumb/v7e-m+fp/hard/crti.o
                0x0000000008007a00                _fini
 .fini          0x0000000008007a04        0x8 /opt/st/stm32cubeide_1.13.2/plugins/com.st.stm32cube.ide.mcu.externaltools.gnu-tools-for-stm32.11.3.rel1.linux64_1.1.1.202309131626/tools/bin/../lib/gcc/arm-none-eabi/11.3.1/thumb/v7e-m+fp/hard/crtn.o
                0x0000000008007a0c                . = ALIGN (0x4)
                0x0000000008007a0c                _etext = .

.vfp11_veneer   0x0000000008007a0c        0x0
 .vfp11_veneer  0x0000000008007a0c        0x0 linker stubs

.v4_bx          0x0000000008007a0c        0x0
 .v4_bx         0x0000000008007a0c        0x0 linker stubs

.iplt           0x0000000008007a0c        0x0
 .iplt          0x0000000008007a0c        0x0 /opt/st/stm32cubeide_1.13.2/plugins/com.st.stm32cube.ide.mcu.externaltools.gnu-tools-for-stm32.11.3.rel1.linux64_1.1.1.202309131626/tools/bin/../lib/gcc/arm-none-eabi/11.3.1/thumb/v7e-m+fp/hard/crtbegin.o

.rodata         0x0000000008007a10       0x90
                0x0000000008007a10                . = ALIGN (0x4)
 *(.rodata)
 *(.rodata*)
 .rodata.AHBPrescTable
                0x0000000008007a10       0x10 ./Core/Src/system_stm32f4xx.o
                0x0000000008007a10                AHBPrescTable
 .rodata.APBPrescTable
                0x0000000008007a20        0x8 ./Core/Src/system_stm32f4xx.o
                0x0000000008007a20                APBPrescTable
 .rodata.flagBitshiftOffset.0
                0x0000000008007a28        0x8 ./Drivers/STM32F4xx_HAL_Driver/Src/stm32f4xx_hal_dma.o
 .rodata.atanhi
                0x0000000008007a30       0x20 /opt/st/stm32cubeide_1.13.2/plugins/com.st.stm32cube.ide.mcu.externaltools.gnu-tools-for-stm32.11.3.rel1.linux64_1.1.1.202309131626/tools/bin/../lib/gcc/arm-none-eabi/11.3.1/../../../../arm-none-eabi/lib/thumb/v7e-m+fp/hard/libm.a(libm_a-s_atan.o)
 .rodata.atanlo
                0x0000000008007a50       0x20 /opt/st/stm32cubeide_1.13.2/plugins/com.st.stm32cube.ide.mcu.externaltools.gnu-tools-for-stm32.11.3.rel1.linux64_1.1.1.202309131626/tools/bin/../lib/gcc/arm-none-eabi/11.3.1/../../../../arm-none-eabi/lib/thumb/v7e-m+fp/hard/libm.a(libm_a-s_atan.o)
 .rodata.CSWTCH.8
                0x0000000008007a70       0x18 /opt/st/stm32cubeide_1.13.2/plugins/com.st.stm32cube.ide.mcu.externaltools.gnu-tools-for-stm32.11.3.rel1.linux64_1.1.1.202309131626/tools/bin/../lib/gcc/arm-none-eabi/11.3.1/../../../../arm-none-eabi/lib/thumb/v7e-m+fp/hard/libm.a(libm_a-e_atan2.o)
 .rodata.CSWTCH.9
                0x0000000008007a88       0x18 /opt/st/stm32cubeide_1.13.2/plugins/com.st.stm32cube.ide.mcu.externaltools.gnu-tools-for-stm32.11.3.rel1.linux64_1.1.1.202309131626/tools/bin/../lib/gcc/arm-none-eabi/11.3.1/../../../../arm-none-eabi/lib/thumb/v7e-m+fp/hard/libm.a(libm_a-e_atan2.o)
                0x0000000008007aa0                . = ALIGN (0x4)

.ARM.extab      0x0000000008007aa0        0x0
                0x0000000008007aa0                . = ALIGN (0x4)
 *(.ARM.extab* .gnu.linkonce.armextab.*)
                0x0000000008007aa0                . = ALIGN (0x4)

.ARM            0x0000000008007aa0        0x8
                0x0000000008007aa0                . = ALIGN (0x4)
                0x0000000008007aa0                __exidx_start = .
 *(.ARM.exidx*)
 .ARM.exidx     0x0000000008007aa0        0x8 /opt/st/stm32cubeide_1.13.2/plugins/com.st.stm32cube.ide.mcu.externaltools.gnu-tools-for-stm32.11.3.rel1.linux64_1.1.1.202309131626/tools/bin/../lib/gcc/arm-none-eabi/11.3.1/thumb/v7e-m+fp/hard/libgcc.a(_udivmoddi4.o)
                0x0000000008007aa8                __exidx_end = .
                0x0000000008007aa8                . = ALIGN (0x4)

.rel.dyn        0x0000000008007aa8        0x0
 .rel.iplt      0x0000000008007aa8        0x0 /opt/st/stm32cubeide_1.13.2/plugins/com.st.stm32cube.ide.mcu.externaltools.gnu-tools-for-stm32.11.3.rel1.linux64_1.1.1.202309131626/tools/bin/../lib/gcc/arm-none-eabi/11.3.1/thumb/v7e-m+fp/hard/crtbegin.o

.preinit_array  0x0000000008007aa8        0x0
                0x0000000008007aa8                . = ALIGN (0x4)
                0x0000000008007aa8                PROVIDE (__preinit_array_start = .)
 *(.preinit_array*)
                0x0000000008007aa8                PROVIDE (__preinit_array_end = .)
                0x0000000008007aa8                . = ALIGN (0x4)

.init_array     0x0000000008007aa8        0x4
                0x0000000008007aa8                . = ALIGN (0x4)
                0x0000000008007aa8                PROVIDE (__init_array_start = .)
 *(SORT_BY_NAME(.init_array.*))
 *(.init_array*)
 .init_array    0x0000000008007aa8        0x4 /opt/st/stm32cubeide_1.13.2/plugins/com.st.stm32cube.ide.mcu.externaltools.gnu-tools-for-stm32.11.3.rel1.linux64_1.1.1.202309131626/tools/bin/../lib/gcc/arm-none-eabi/11.3.1/thumb/v7e-m+fp/hard/crtbegin.o
                0x0000000008007aac                PROVIDE (__init_array_end = .)
                0x0000000008007aac                . = ALIGN (0x4)

.fini_array     0x0000000008007aac        0x4
                0x0000000008007aac                . = ALIGN (0x4)
                [!provide]                        PROVIDE (__fini_array_start = .)
 *(SORT_BY_NAME(.fini_array.*))
 *(.fini_array*)
 .fini_array    0x0000000008007aac        0x4 /opt/st/stm32cubeide_1.13.2/plugins/com.st.stm32cube.ide.mcu.externaltools.gnu-tools-for-stm32.11.3.rel1.linux64_1.1.1.202309131626/tools/bin/../lib/gcc/arm-none-eabi/11.3.1/thumb/v7e-m+fp/hard/crtbegin.o
                [!provide]                        PROVIDE (__fini_array_end = .)
                0x0000000008007ab0                . = ALIGN (0x4)
                0x0000000008007ab0                _sidata = LOADADDR (.data)

.data           0x0000000020000000      0x100 load address 0x0000000008007ab0
                0x0000000020000000                . = ALIGN (0x4)
                0x0000000020000000                _sdata = .
 *(.data)
 *(.data*)
 .data.KalmanX  0x0000000020000000       0x48 ./Core/Src/main.o
                0x0000000020000000                KalmanX
 .data.KalmanY  0x0000000020000048       0x48 ./Core/Src/main.o
                0x0000000020000048                KalmanY
 .data.SystemCoreClock
                0x0000000020000090        0x4 ./Core/Src/system_stm32f4xx.o
                0x0000000020000090                SystemCoreClock
 .data.uwTickPrio
                0x0000000020000094        0x4 ./Drivers/STM32F4xx_HAL_Driver/Src/stm32f4xx_hal.o
                0x0000000020000094                uwTickPrio
 .data.uwTickFreq
                0x0000000020000098        0x1 ./Drivers/STM32F4xx_HAL_Driver/Src/stm32f4xx_hal.o
                0x0000000020000098                uwTickFreq
 *fill*         0x0000000020000099        0x3 
 .data._impure_data
                0x000000002000009c       0x4c /opt/st/stm32cubeide_1.13.2/plugins/com.st.stm32cube.ide.mcu.externaltools.gnu-tools-for-stm32.11.3.rel1.linux64_1.1.1.202309131626/tools/bin/../lib/gcc/arm-none-eabi/11.3.1/../../../../arm-none-eabi/lib/thumb/v7e-m+fp/hard/libc_nano.a(libc_a-impure.o)
                0x000000002000009c                _impure_data
 .data._impure_ptr
                0x00000000200000e8        0x4 /opt/st/stm32cubeide_1.13.2/plugins/com.st.stm32cube.ide.mcu.externaltools.gnu-tools-for-stm32.11.3.rel1.linux64_1.1.1.202309131626/tools/bin/../lib/gcc/arm-none-eabi/11.3.1/../../../../arm-none-eabi/lib/thumb/v7e-m+fp/hard/libc_nano.a(libc_a-impure.o)
                0x00000000200000e8                _impure_ptr
 *fill*         0x00000000200000ec        0x4 
 .data.one      0x00000000200000f0        0x8 /opt/st/stm32cubeide_1.13.2/plugins/com.st.stm32cube.ide.mcu.externaltools.gnu-tools-for-stm32.11.3.rel1.linux64_1.1.1.202309131626/tools/bin/../lib/gcc/arm-none-eabi/11.3.1/../../../../arm-none-eabi/lib/thumb/v7e-m+fp/hard/libm.a(libm_a-e_sqrt.o)
 .data.tiny     0x00000000200000f8        0x8 /opt/st/stm32cubeide_1.13.2/plugins/com.st.stm32cube.ide.mcu.externaltools.gnu-tools-for-stm32.11.3.rel1.linux64_1.1.1.202309131626/tools/bin/../lib/gcc/arm-none-eabi/11.3.1/../../../../arm-none-eabi/lib/thumb/v7e-m+fp/hard/libm.a(libm_a-e_sqrt.o)
 *(.RamFunc)
 *(.RamFunc*)
                0x0000000020000100                . = ALIGN (0x4)
                0x0000000020000100                _edata = .

.igot.plt       0x0000000020000100        0x0 load address 0x0000000008007bb0
 .igot.plt      0x0000000020000100        0x0 /opt/st/stm32cubeide_1.13.2/plugins/com.st.stm32cube.ide.mcu.externaltools.gnu-tools-for-stm32.11.3.rel1.linux64_1.1.1.202309131626/tools/bin/../lib/gcc/arm-none-eabi/11.3.1/thumb/v7e-m+fp/hard/crtbegin.o
                0x0000000020000100                . = ALIGN (0x4)

.bss            0x0000000020000100      0x4c4 load address 0x0000000008007bb0
                0x0000000020000100                _sbss = .
                0x0000000020000100                __bss_start__ = _sbss
 *(.bss)
 .bss           0x0000000020000100       0x1c /opt/st/stm32cubeide_1.13.2/plugins/com.st.stm32cube.ide.mcu.externaltools.gnu-tools-for-stm32.11.3.rel1.linux64_1.1.1.202309131626/tools/bin/../lib/gcc/arm-none-eabi/11.3.1/thumb/v7e-m+fp/hard/crtbegin.o
 *(.bss*)
 .bss.hi2c1     0x000000002000011c       0x54 ./Core/Src/i2c.o
                0x000000002000011c                hi2c1
 .bss.mpu6050_t
                0x0000000020000170       0x58 ./Core/Src/main.o
                0x0000000020000170                mpu6050_t
 .bss.motor_values
                0x00000000200001c8       0x10 ./Core/Src/main.o
                0x00000000200001c8                motor_values
 .bss.pid_data  0x00000000200001d8       0x2c ./Core/Src/main.o
                0x00000000200001d8                pid_data
 .bss.des_values
                0x0000000020000204        0x8 ./Core/Src/main.o
                0x0000000020000204                des_values
 .bss.hspi2     0x000000002000020c       0x58 ./Core/Src/spi.o
                0x000000002000020c                hspi2
 .bss.htim3     0x0000000020000264       0x48 ./Core/Src/tim.o
                0x0000000020000264                htim3
 .bss.huart1    0x00000000200002ac       0x74 ./Core/Src/usart.o
                0x00000000200002ac                huart1
 .bss.huart2    0x0000000020000320       0x74 ./Core/Src/usart.o
                0x0000000020000320                huart2
 .bss.hdma_usart1_rx
                0x0000000020000394       0x60 ./Core/Src/usart.o
                0x0000000020000394                hdma_usart1_rx
 .bss.hdma_usart2_rx
                0x00000000200003f4       0x60 ./Core/Src/usart.o
                0x00000000200003f4                hdma_usart2_rx
 .bss.uwTick    0x0000000020000454        0x4 ./Drivers/STM32F4xx_HAL_Driver/Src/stm32f4xx_hal.o
                0x0000000020000454                uwTick
 .bss.timer     0x0000000020000458        0x4 ./Filters/KalmanFilter.o
                0x0000000020000458                timer
 .bss.uart_rx_buffer
                0x000000002000045c       0x20 ./Rc_Telemetry/ibus.o
 .bss.fail_safe_flag
                0x000000002000047c        0x1 ./Rc_Telemetry/ibus.o
 *fill*         0x000000002000047d        0x3 
 .bss.ibus_data
                0x0000000020000480        0xc ./Rc_Telemetry/ibus.o
                0x0000000020000480                ibus_data
 .bss.__sf      0x000000002000048c      0x138 /opt/st/stm32cubeide_1.13.2/plugins/com.st.stm32cube.ide.mcu.externaltools.gnu-tools-for-stm32.11.3.rel1.linux64_1.1.1.202309131626/tools/bin/../lib/gcc/arm-none-eabi/11.3.1/../../../../arm-none-eabi/lib/thumb/v7e-m+fp/hard/libc_nano.a(libc_a-findfp.o)
                0x000000002000048c                __sf
 *(COMMON)
                0x00000000200005c4                . = ALIGN (0x4)
                0x00000000200005c4                _ebss = .
                0x00000000200005c4                __bss_end__ = _ebss

._user_heap_stack
                0x00000000200005c4      0x604 load address 0x0000000008007bb0
                0x00000000200005c8                . = ALIGN (0x8)
 *fill*         0x00000000200005c4        0x4 
                [!provide]                        PROVIDE (end = .)
                0x00000000200005c8                PROVIDE (_end = .)
                0x00000000200007c8                . = (. + _Min_Heap_Size)
 *fill*         0x00000000200005c8      0x200 
                0x0000000020000bc8                . = (. + _Min_Stack_Size)
 *fill*         0x00000000200007c8      0x400 
                0x0000000020000bc8                . = ALIGN (0x8)

/DISCARD/
 libc.a(*)
 libm.a(*)
 libgcc.a(*)

.ARM.attributes
                0x0000000000000000       0x30
 *(.ARM.attributes)
 .ARM.attributes
                0x0000000000000000       0x1e /opt/st/stm32cubeide_1.13.2/plugins/com.st.stm32cube.ide.mcu.externaltools.gnu-tools-for-stm32.11.3.rel1.linux64_1.1.1.202309131626/tools/bin/../lib/gcc/arm-none-eabi/11.3.1/thumb/v7e-m+fp/hard/crti.o
 .ARM.attributes
                0x000000000000001e       0x34 /opt/st/stm32cubeide_1.13.2/plugins/com.st.stm32cube.ide.mcu.externaltools.gnu-tools-for-stm32.11.3.rel1.linux64_1.1.1.202309131626/tools/bin/../lib/gcc/arm-none-eabi/11.3.1/thumb/v7e-m+fp/hard/crtbegin.o
 .ARM.attributes
                0x0000000000000052       0x34 ./Core/Src/dma.o
 .ARM.attributes
                0x0000000000000086       0x34 ./Core/Src/gpio.o
 .ARM.attributes
                0x00000000000000ba       0x34 ./Core/Src/i2c.o
 .ARM.attributes
                0x00000000000000ee       0x34 ./Core/Src/main.o
 .ARM.attributes
                0x0000000000000122       0x34 ./Core/Src/spi.o
 .ARM.attributes
                0x0000000000000156       0x34 ./Core/Src/stm32f4xx_hal_msp.o
 .ARM.attributes
                0x000000000000018a       0x34 ./Core/Src/stm32f4xx_it.o
 .ARM.attributes
                0x00000000000001be       0x34 ./Core/Src/system_stm32f4xx.o
 .ARM.attributes
                0x00000000000001f2       0x34 ./Core/Src/tim.o
 .ARM.attributes
                0x0000000000000226       0x34 ./Core/Src/usart.o
 .ARM.attributes
                0x000000000000025a       0x21 ./Core/Startup/startup_stm32f401cbux.o
 .ARM.attributes
                0x000000000000027b       0x34 ./Drivers/STM32F4xx_HAL_Driver/Src/stm32f4xx_hal.o
 .ARM.attributes
                0x00000000000002af       0x34 ./Drivers/STM32F4xx_HAL_Driver/Src/stm32f4xx_hal_cortex.o
 .ARM.attributes
                0x00000000000002e3       0x34 ./Drivers/STM32F4xx_HAL_Driver/Src/stm32f4xx_hal_dma.o
 .ARM.attributes
                0x0000000000000317       0x34 ./Drivers/STM32F4xx_HAL_Driver/Src/stm32f4xx_hal_gpio.o
 .ARM.attributes
                0x000000000000034b       0x34 ./Drivers/STM32F4xx_HAL_Driver/Src/stm32f4xx_hal_i2c.o
 .ARM.attributes
                0x000000000000037f       0x34 ./Drivers/STM32F4xx_HAL_Driver/Src/stm32f4xx_hal_rcc.o
 .ARM.attributes
                0x00000000000003b3       0x34 ./Drivers/STM32F4xx_HAL_Driver/Src/stm32f4xx_hal_spi.o
 .ARM.attributes
                0x00000000000003e7       0x34 ./Drivers/STM32F4xx_HAL_Driver/Src/stm32f4xx_hal_tim.o
 .ARM.attributes
                0x000000000000041b       0x34 ./Drivers/STM32F4xx_HAL_Driver/Src/stm32f4xx_hal_tim_ex.o
 .ARM.attributes
                0x000000000000044f       0x34 ./Drivers/STM32F4xx_HAL_Driver/Src/stm32f4xx_hal_uart.o
 .ARM.attributes
                0x0000000000000483       0x34 ./Filters/KalmanFilter.o
 .ARM.attributes
                0x00000000000004b7       0x34 ./Filters/PID.o
 .ARM.attributes
                0x00000000000004eb       0x34 ./Rc_Telemetry/ibus.o
 .ARM.attributes
                0x000000000000051f       0x34 ./Sensors/imu_adxl345.o
 .ARM.attributes
                0x0000000000000553       0x34 ./Sensors/mpu6050.o
 .ARM.attributes
                0x0000000000000587       0x34 /opt/st/stm32cubeide_1.13.2/plugins/com.st.stm32cube.ide.mcu.externaltools.gnu-tools-for-stm32.11.3.rel1.linux64_1.1.1.202309131626/tools/bin/../lib/gcc/arm-none-eabi/11.3.1/../../../../arm-none-eabi/lib/thumb/v7e-m+fp/hard/libc_nano.a(libc_a-findfp.o)
 .ARM.attributes
                0x00000000000005bb       0x34 /opt/st/stm32cubeide_1.13.2/plugins/com.st.stm32cube.ide.mcu.externaltools.gnu-tools-for-stm32.11.3.rel1.linux64_1.1.1.202309131626/tools/bin/../lib/gcc/arm-none-eabi/11.3.1/../../../../arm-none-eabi/lib/thumb/v7e-m+fp/hard/libc_nano.a(libc_a-memset.o)
 .ARM.attributes
                0x00000000000005ef       0x34 /opt/st/stm32cubeide_1.13.2/plugins/com.st.stm32cube.ide.mcu.externaltools.gnu-tools-for-stm32.11.3.rel1.linux64_1.1.1.202309131626/tools/bin/../lib/gcc/arm-none-eabi/11.3.1/../../../../arm-none-eabi/lib/thumb/v7e-m+fp/hard/libc_nano.a(libc_a-impure.o)
 .ARM.attributes
                0x0000000000000623       0x34 /opt/st/stm32cubeide_1.13.2/plugins/com.st.stm32cube.ide.mcu.externaltools.gnu-tools-for-stm32.11.3.rel1.linux64_1.1.1.202309131626/tools/bin/../lib/gcc/arm-none-eabi/11.3.1/../../../../arm-none-eabi/lib/thumb/v7e-m+fp/hard/libc_nano.a(libc_a-errno.o)
 .ARM.attributes
                0x0000000000000657       0x34 /opt/st/stm32cubeide_1.13.2/plugins/com.st.stm32cube.ide.mcu.externaltools.gnu-tools-for-stm32.11.3.rel1.linux64_1.1.1.202309131626/tools/bin/../lib/gcc/arm-none-eabi/11.3.1/../../../../arm-none-eabi/lib/thumb/v7e-m+fp/hard/libc_nano.a(libc_a-init.o)
 .ARM.attributes
                0x000000000000068b       0x34 /opt/st/stm32cubeide_1.13.2/plugins/com.st.stm32cube.ide.mcu.externaltools.gnu-tools-for-stm32.11.3.rel1.linux64_1.1.1.202309131626/tools/bin/../lib/gcc/arm-none-eabi/11.3.1/../../../../arm-none-eabi/lib/thumb/v7e-m+fp/hard/libm.a(libm_a-w_atan2.o)
 .ARM.attributes
                0x00000000000006bf       0x34 /opt/st/stm32cubeide_1.13.2/plugins/com.st.stm32cube.ide.mcu.externaltools.gnu-tools-for-stm32.11.3.rel1.linux64_1.1.1.202309131626/tools/bin/../lib/gcc/arm-none-eabi/11.3.1/../../../../arm-none-eabi/lib/thumb/v7e-m+fp/hard/libm.a(libm_a-w_sqrt.o)
 .ARM.attributes
                0x00000000000006f3       0x34 /opt/st/stm32cubeide_1.13.2/plugins/com.st.stm32cube.ide.mcu.externaltools.gnu-tools-for-stm32.11.3.rel1.linux64_1.1.1.202309131626/tools/bin/../lib/gcc/arm-none-eabi/11.3.1/../../../../arm-none-eabi/lib/thumb/v7e-m+fp/hard/libm.a(libm_a-s_atan.o)
 .ARM.attributes
                0x0000000000000727       0x34 /opt/st/stm32cubeide_1.13.2/plugins/com.st.stm32cube.ide.mcu.externaltools.gnu-tools-for-stm32.11.3.rel1.linux64_1.1.1.202309131626/tools/bin/../lib/gcc/arm-none-eabi/11.3.1/../../../../arm-none-eabi/lib/thumb/v7e-m+fp/hard/libm.a(libm_a-s_fabs.o)
 .ARM.attributes
                0x000000000000075b       0x34 /opt/st/stm32cubeide_1.13.2/plugins/com.st.stm32cube.ide.mcu.externaltools.gnu-tools-for-stm32.11.3.rel1.linux64_1.1.1.202309131626/tools/bin/../lib/gcc/arm-none-eabi/11.3.1/../../../../arm-none-eabi/lib/thumb/v7e-m+fp/hard/libm.a(libm_a-e_sqrt.o)
 .ARM.attributes
                0x000000000000078f       0x34 /opt/st/stm32cubeide_1.13.2/plugins/com.st.stm32cube.ide.mcu.externaltools.gnu-tools-for-stm32.11.3.rel1.linux64_1.1.1.202309131626/tools/bin/../lib/gcc/arm-none-eabi/11.3.1/../../../../arm-none-eabi/lib/thumb/v7e-m+fp/hard/libm.a(libm_a-e_atan2.o)
 .ARM.attributes
                0x00000000000007c3       0x1e /opt/st/stm32cubeide_1.13.2/plugins/com.st.stm32cube.ide.mcu.externaltools.gnu-tools-for-stm32.11.3.rel1.linux64_1.1.1.202309131626/tools/bin/../lib/gcc/arm-none-eabi/11.3.1/thumb/v7e-m+fp/hard/libgcc.a(_arm_addsubdf3.o)
 .ARM.attributes
                0x00000000000007e1       0x1e /opt/st/stm32cubeide_1.13.2/plugins/com.st.stm32cube.ide.mcu.externaltools.gnu-tools-for-stm32.11.3.rel1.linux64_1.1.1.202309131626/tools/bin/../lib/gcc/arm-none-eabi/11.3.1/thumb/v7e-m+fp/hard/libgcc.a(_arm_muldivdf3.o)
 .ARM.attributes
                0x00000000000007ff       0x1e /opt/st/stm32cubeide_1.13.2/plugins/com.st.stm32cube.ide.mcu.externaltools.gnu-tools-for-stm32.11.3.rel1.linux64_1.1.1.202309131626/tools/bin/../lib/gcc/arm-none-eabi/11.3.1/thumb/v7e-m+fp/hard/libgcc.a(_arm_cmpdf2.o)
 .ARM.attributes
                0x000000000000081d       0x1e /opt/st/stm32cubeide_1.13.2/plugins/com.st.stm32cube.ide.mcu.externaltools.gnu-tools-for-stm32.11.3.rel1.linux64_1.1.1.202309131626/tools/bin/../lib/gcc/arm-none-eabi/11.3.1/thumb/v7e-m+fp/hard/libgcc.a(_arm_unorddf2.o)
 .ARM.attributes
                0x000000000000083b       0x1e /opt/st/stm32cubeide_1.13.2/plugins/com.st.stm32cube.ide.mcu.externaltools.gnu-tools-for-stm32.11.3.rel1.linux64_1.1.1.202309131626/tools/bin/../lib/gcc/arm-none-eabi/11.3.1/thumb/v7e-m+fp/hard/libgcc.a(_arm_truncdfsf2.o)
 .ARM.attributes
                0x0000000000000859       0x1e /opt/st/stm32cubeide_1.13.2/plugins/com.st.stm32cube.ide.mcu.externaltools.gnu-tools-for-stm32.11.3.rel1.linux64_1.1.1.202309131626/tools/bin/../lib/gcc/arm-none-eabi/11.3.1/thumb/v7e-m+fp/hard/libgcc.a(_aeabi_uldivmod.o)
 .ARM.attributes
                0x0000000000000877       0x34 /opt/st/stm32cubeide_1.13.2/plugins/com.st.stm32cube.ide.mcu.externaltools.gnu-tools-for-stm32.11.3.rel1.linux64_1.1.1.202309131626/tools/bin/../lib/gcc/arm-none-eabi/11.3.1/thumb/v7e-m+fp/hard/libgcc.a(_udivmoddi4.o)
 .ARM.attributes
                0x00000000000008ab       0x1e /opt/st/stm32cubeide_1.13.2/plugins/com.st.stm32cube.ide.mcu.externaltools.gnu-tools-for-stm32.11.3.rel1.linux64_1.1.1.202309131626/tools/bin/../lib/gcc/arm-none-eabi/11.3.1/thumb/v7e-m+fp/hard/libgcc.a(_dvmd_tls.o)
 .ARM.attributes
                0x00000000000008c9       0x1e /opt/st/stm32cubeide_1.13.2/plugins/com.st.stm32cube.ide.mcu.externaltools.gnu-tools-for-stm32.11.3.rel1.linux64_1.1.1.202309131626/tools/bin/../lib/gcc/arm-none-eabi/11.3.1/thumb/v7e-m+fp/hard/crtn.o
OUTPUT(main_blackpill_firmware.elf elf32-littlearm)
LOAD linker stubs
LOAD /opt/st/stm32cubeide_1.13.2/plugins/com.st.stm32cube.ide.mcu.externaltools.gnu-tools-for-stm32.11.3.rel1.linux64_1.1.1.202309131626/tools/bin/../lib/gcc/arm-none-eabi/11.3.1/../../../../arm-none-eabi/lib/thumb/v7e-m+fp/hard/libc.a
LOAD /opt/st/stm32cubeide_1.13.2/plugins/com.st.stm32cube.ide.mcu.externaltools.gnu-tools-for-stm32.11.3.rel1.linux64_1.1.1.202309131626/tools/bin/../lib/gcc/arm-none-eabi/11.3.1/../../../../arm-none-eabi/lib/thumb/v7e-m+fp/hard/libm.a
LOAD /opt/st/stm32cubeide_1.13.2/plugins/com.st.stm32cube.ide.mcu.externaltools.gnu-tools-for-stm32.11.3.rel1.linux64_1.1.1.202309131626/tools/bin/../lib/gcc/arm-none-eabi/11.3.1/thumb/v7e-m+fp/hard/libgcc.a

.comment        0x0000000000000000       0x43
 .comment       0x0000000000000000       0x43 /opt/st/stm32cubeide_1.13.2/plugins/com.st.stm32cube.ide.mcu.externaltools.gnu-tools-for-stm32.11.3.rel1.linux64_1.1.1.202309131626/tools/bin/../lib/gcc/arm-none-eabi/11.3.1/thumb/v7e-m+fp/hard/crtbegin.o
                                         0x44 (size before relaxing)
 .comment       0x0000000000000043       0x44 ./Core/Src/dma.o
 .comment       0x0000000000000043       0x44 ./Core/Src/gpio.o
 .comment       0x0000000000000043       0x44 ./Core/Src/i2c.o
 .comment       0x0000000000000043       0x44 ./Core/Src/main.o
 .comment       0x0000000000000043       0x44 ./Core/Src/spi.o
 .comment       0x0000000000000043       0x44 ./Core/Src/stm32f4xx_hal_msp.o
 .comment       0x0000000000000043       0x44 ./Core/Src/stm32f4xx_it.o
 .comment       0x0000000000000043       0x44 ./Core/Src/system_stm32f4xx.o
 .comment       0x0000000000000043       0x44 ./Core/Src/tim.o
 .comment       0x0000000000000043       0x44 ./Core/Src/usart.o
 .comment       0x0000000000000043       0x44 ./Drivers/STM32F4xx_HAL_Driver/Src/stm32f4xx_hal.o
 .comment       0x0000000000000043       0x44 ./Drivers/STM32F4xx_HAL_Driver/Src/stm32f4xx_hal_cortex.o
 .comment       0x0000000000000043       0x44 ./Drivers/STM32F4xx_HAL_Driver/Src/stm32f4xx_hal_dma.o
 .comment       0x0000000000000043       0x44 ./Drivers/STM32F4xx_HAL_Driver/Src/stm32f4xx_hal_gpio.o
 .comment       0x0000000000000043       0x44 ./Drivers/STM32F4xx_HAL_Driver/Src/stm32f4xx_hal_i2c.o
 .comment       0x0000000000000043       0x44 ./Drivers/STM32F4xx_HAL_Driver/Src/stm32f4xx_hal_rcc.o
 .comment       0x0000000000000043       0x44 ./Drivers/STM32F4xx_HAL_Driver/Src/stm32f4xx_hal_spi.o
 .comment       0x0000000000000043       0x44 ./Drivers/STM32F4xx_HAL_Driver/Src/stm32f4xx_hal_tim.o
 .comment       0x0000000000000043       0x44 ./Drivers/STM32F4xx_HAL_Driver/Src/stm32f4xx_hal_tim_ex.o
 .comment       0x0000000000000043       0x44 ./Drivers/STM32F4xx_HAL_Driver/Src/stm32f4xx_hal_uart.o
 .comment       0x0000000000000043       0x44 ./Filters/KalmanFilter.o
 .comment       0x0000000000000043       0x44 ./Filters/PID.o
 .comment       0x0000000000000043       0x44 ./Rc_Telemetry/ibus.o
 .comment       0x0000000000000043       0x44 ./Sensors/imu_adxl345.o
 .comment       0x0000000000000043       0x44 ./Sensors/mpu6050.o

.debug_info     0x0000000000000000    0x1531b
 .debug_info    0x0000000000000000      0x458 ./Core/Src/dma.o
 .debug_info    0x0000000000000458      0x2c7 ./Core/Src/gpio.o
 .debug_info    0x000000000000071f      0x9a5 ./Core/Src/i2c.o
 .debug_info    0x00000000000010c4     0x11cf ./Core/Src/main.o
 .debug_info    0x0000000000002293      0x976 ./Core/Src/spi.o
 .debug_info    0x0000000000002c09      0x291 ./Core/Src/stm32f4xx_hal_msp.o
 .debug_info    0x0000000000002e9a      0xa9e ./Core/Src/stm32f4xx_it.o
 .debug_info    0x0000000000003938      0x53e ./Core/Src/system_stm32f4xx.o
 .debug_info    0x0000000000003e76      0xdf6 ./Core/Src/tim.o
 .debug_info    0x0000000000004c6c      0xc73 ./Core/Src/usart.o
 .debug_info    0x00000000000058df       0x23 ./Core/Startup/startup_stm32f401cbux.o
 .debug_info    0x0000000000005902      0x8bb ./Drivers/STM32F4xx_HAL_Driver/Src/stm32f4xx_hal.o
 .debug_info    0x00000000000061bd      0xcb0 ./Drivers/STM32F4xx_HAL_Driver/Src/stm32f4xx_hal_cortex.o
 .debug_info    0x0000000000006e6d      0x8e6 ./Drivers/STM32F4xx_HAL_Driver/Src/stm32f4xx_hal_dma.o
 .debug_info    0x0000000000007753      0x6f9 ./Drivers/STM32F4xx_HAL_Driver/Src/stm32f4xx_hal_gpio.o
 .debug_info    0x0000000000007e4c     0x23f2 ./Drivers/STM32F4xx_HAL_Driver/Src/stm32f4xx_hal_i2c.o
 .debug_info    0x000000000000a23e      0x8f3 ./Drivers/STM32F4xx_HAL_Driver/Src/stm32f4xx_hal_rcc.o
 .debug_info    0x000000000000ab31     0x1606 ./Drivers/STM32F4xx_HAL_Driver/Src/stm32f4xx_hal_spi.o
 .debug_info    0x000000000000c137     0x2941 ./Drivers/STM32F4xx_HAL_Driver/Src/stm32f4xx_hal_tim.o
 .debug_info    0x000000000000ea78     0x14a7 ./Drivers/STM32F4xx_HAL_Driver/Src/stm32f4xx_hal_tim_ex.o
 .debug_info    0x000000000000ff1f     0x3258 ./Drivers/STM32F4xx_HAL_Driver/Src/stm32f4xx_hal_uart.o
 .debug_info    0x0000000000013177      0x3c2 ./Filters/KalmanFilter.o
 .debug_info    0x0000000000013539      0x3db ./Filters/PID.o
 .debug_info    0x0000000000013914      0x8cb ./Rc_Telemetry/ibus.o
 .debug_info    0x00000000000141df      0x80d ./Sensors/imu_adxl345.o
 .debug_info    0x00000000000149ec      0x92f ./Sensors/mpu6050.o

.debug_abbrev   0x0000000000000000     0x32be
 .debug_abbrev  0x0000000000000000      0x11b ./Core/Src/dma.o
 .debug_abbrev  0x000000000000011b       0xd8 ./Core/Src/gpio.o
 .debug_abbrev  0x00000000000001f3      0x1f0 ./Core/Src/i2c.o
 .debug_abbrev  0x00000000000003e3      0x2bc ./Core/Src/main.o
 .debug_abbrev  0x000000000000069f      0x1f1 ./Core/Src/spi.o
 .debug_abbrev  0x0000000000000890       0xd8 ./Core/Src/stm32f4xx_hal_msp.o
 .debug_abbrev  0x0000000000000968      0x1da ./Core/Src/stm32f4xx_it.o
 .debug_abbrev  0x0000000000000b42      0x11a ./Core/Src/system_stm32f4xx.o
 .debug_abbrev  0x0000000000000c5c      0x221 ./Core/Src/tim.o
 .debug_abbrev  0x0000000000000e7d      0x233 ./Core/Src/usart.o
 .debug_abbrev  0x00000000000010b0       0x12 ./Core/Startup/startup_stm32f401cbux.o
 .debug_abbrev  0x00000000000010c2      0x24b ./Drivers/STM32F4xx_HAL_Driver/Src/stm32f4xx_hal.o
 .debug_abbrev  0x000000000000130d      0x327 ./Drivers/STM32F4xx_HAL_Driver/Src/stm32f4xx_hal_cortex.o
 .debug_abbrev  0x0000000000001634      0x221 ./Drivers/STM32F4xx_HAL_Driver/Src/stm32f4xx_hal_dma.o
 .debug_abbrev  0x0000000000001855      0x1d3 ./Drivers/STM32F4xx_HAL_Driver/Src/stm32f4xx_hal_gpio.o
 .debug_abbrev  0x0000000000001a28      0x2bc ./Drivers/STM32F4xx_HAL_Driver/Src/stm32f4xx_hal_i2c.o
 .debug_abbrev  0x0000000000001ce4      0x2b5 ./Drivers/STM32F4xx_HAL_Driver/Src/stm32f4xx_hal_rcc.o
 .debug_abbrev  0x0000000000001f99      0x280 ./Drivers/STM32F4xx_HAL_Driver/Src/stm32f4xx_hal_spi.o
 .debug_abbrev  0x0000000000002219      0x284 ./Drivers/STM32F4xx_HAL_Driver/Src/stm32f4xx_hal_tim.o
 .debug_abbrev  0x000000000000249d      0x28f ./Drivers/STM32F4xx_HAL_Driver/Src/stm32f4xx_hal_tim_ex.o
 .debug_abbrev  0x000000000000272c      0x31a ./Drivers/STM32F4xx_HAL_Driver/Src/stm32f4xx_hal_uart.o
 .debug_abbrev  0x0000000000002a46      0x15a ./Filters/KalmanFilter.o
 .debug_abbrev  0x0000000000002ba0      0x118 ./Filters/PID.o
 .debug_abbrev  0x0000000000002cb8      0x273 ./Rc_Telemetry/ibus.o
 .debug_abbrev  0x0000000000002f2b      0x1e8 ./Sensors/imu_adxl345.o
 .debug_abbrev  0x0000000000003113      0x1ab ./Sensors/mpu6050.o

.debug_aranges  0x0000000000000000     0x1298
 .debug_aranges
                0x0000000000000000       0x20 ./Core/Src/dma.o
 .debug_aranges
                0x0000000000000020       0x20 ./Core/Src/gpio.o
 .debug_aranges
                0x0000000000000040       0x30 ./Core/Src/i2c.o
 .debug_aranges
                0x0000000000000070       0x38 ./Core/Src/main.o
 .debug_aranges
                0x00000000000000a8       0x30 ./Core/Src/spi.o
 .debug_aranges
                0x00000000000000d8       0x20 ./Core/Src/stm32f4xx_hal_msp.o
 .debug_aranges
                0x00000000000000f8       0x88 ./Core/Src/stm32f4xx_it.o
 .debug_aranges
                0x0000000000000180       0x28 ./Core/Src/system_stm32f4xx.o
 .debug_aranges
                0x00000000000001a8       0x38 ./Core/Src/tim.o
 .debug_aranges
                0x00000000000001e0       0x38 ./Core/Src/usart.o
 .debug_aranges
                0x0000000000000218       0x28 ./Core/Startup/startup_stm32f401cbux.o
 .debug_aranges
                0x0000000000000240       0xf0 ./Drivers/STM32F4xx_HAL_Driver/Src/stm32f4xx_hal.o
 .debug_aranges
                0x0000000000000330      0x118 ./Drivers/STM32F4xx_HAL_Driver/Src/stm32f4xx_hal_cortex.o
 .debug_aranges
                0x0000000000000448       0x90 ./Drivers/STM32F4xx_HAL_Driver/Src/stm32f4xx_hal_dma.o
 .debug_aranges
                0x00000000000004d8       0x58 ./Drivers/STM32F4xx_HAL_Driver/Src/stm32f4xx_hal_gpio.o
 .debug_aranges
                0x0000000000000530      0x2a0 ./Drivers/STM32F4xx_HAL_Driver/Src/stm32f4xx_hal_i2c.o
 .debug_aranges
                0x00000000000007d0       0x88 ./Drivers/STM32F4xx_HAL_Driver/Src/stm32f4xx_hal_rcc.o
 .debug_aranges
                0x0000000000000858      0x1d0 ./Drivers/STM32F4xx_HAL_Driver/Src/stm32f4xx_hal_spi.o
 .debug_aranges
                0x0000000000000a28      0x3d0 ./Drivers/STM32F4xx_HAL_Driver/Src/stm32f4xx_hal_tim.o
 .debug_aranges
                0x0000000000000df8      0x168 ./Drivers/STM32F4xx_HAL_Driver/Src/stm32f4xx_hal_tim_ex.o
 .debug_aranges
                0x0000000000000f60      0x228 ./Drivers/STM32F4xx_HAL_Driver/Src/stm32f4xx_hal_uart.o
 .debug_aranges
                0x0000000000001188       0x28 ./Filters/KalmanFilter.o
 .debug_aranges
                0x00000000000011b0       0x28 ./Filters/PID.o
 .debug_aranges
                0x00000000000011d8       0x50 ./Rc_Telemetry/ibus.o
 .debug_aranges
                0x0000000000001228       0x30 ./Sensors/imu_adxl345.o
 .debug_aranges
                0x0000000000001258       0x40 ./Sensors/mpu6050.o

.debug_rnglists
                0x0000000000000000      0xe8b
 .debug_rnglists
                0x0000000000000000       0x13 ./Core/Src/dma.o
 .debug_rnglists
                0x0000000000000013       0x14 ./Core/Src/gpio.o
 .debug_rnglists
                0x0000000000000027       0x20 ./Core/Src/i2c.o
 .debug_rnglists
                0x0000000000000047       0x27 ./Core/Src/main.o
 .debug_rnglists
                0x000000000000006e       0x20 ./Core/Src/spi.o
 .debug_rnglists
                0x000000000000008e       0x13 ./Core/Src/stm32f4xx_hal_msp.o
 .debug_rnglists
                0x00000000000000a1       0x61 ./Core/Src/stm32f4xx_it.o
 .debug_rnglists
                0x0000000000000102       0x1a ./Core/Src/system_stm32f4xx.o
 .debug_rnglists
                0x000000000000011c       0x27 ./Core/Src/tim.o
 .debug_rnglists
                0x0000000000000143       0x27 ./Core/Src/usart.o
 .debug_rnglists
                0x000000000000016a       0x19 ./Core/Startup/startup_stm32f401cbux.o
 .debug_rnglists
                0x0000000000000183       0xaf ./Drivers/STM32F4xx_HAL_Driver/Src/stm32f4xx_hal.o
 .debug_rnglists
                0x0000000000000232       0xce ./Drivers/STM32F4xx_HAL_Driver/Src/stm32f4xx_hal_cortex.o
 .debug_rnglists
                0x0000000000000300       0x70 ./Drivers/STM32F4xx_HAL_Driver/Src/stm32f4xx_hal_dma.o
 .debug_rnglists
                0x0000000000000370       0x3f ./Drivers/STM32F4xx_HAL_Driver/Src/stm32f4xx_hal_gpio.o
 .debug_rnglists
                0x00000000000003af      0x235 ./Drivers/STM32F4xx_HAL_Driver/Src/stm32f4xx_hal_i2c.o
 .debug_rnglists
                0x00000000000005e4       0x66 ./Drivers/STM32F4xx_HAL_Driver/Src/stm32f4xx_hal_rcc.o
 .debug_rnglists
                0x000000000000064a      0x16f ./Drivers/STM32F4xx_HAL_Driver/Src/stm32f4xx_hal_spi.o
 .debug_rnglists
                0x00000000000007b9      0x31a ./Drivers/STM32F4xx_HAL_Driver/Src/stm32f4xx_hal_tim.o
 .debug_rnglists
                0x0000000000000ad3      0x125 ./Drivers/STM32F4xx_HAL_Driver/Src/stm32f4xx_hal_tim_ex.o
 .debug_rnglists
                0x0000000000000bf8      0x1d7 ./Drivers/STM32F4xx_HAL_Driver/Src/stm32f4xx_hal_uart.o
 .debug_rnglists
                0x0000000000000dcf       0x1b ./Filters/KalmanFilter.o
 .debug_rnglists
                0x0000000000000dea       0x1b ./Filters/PID.o
 .debug_rnglists
                0x0000000000000e05       0x38 ./Rc_Telemetry/ibus.o
 .debug_rnglists
                0x0000000000000e3d       0x1f ./Sensors/imu_adxl345.o
 .debug_rnglists
                0x0000000000000e5c       0x2f ./Sensors/mpu6050.o

.debug_macro    0x0000000000000000    0x18688
 .debug_macro   0x0000000000000000      0x205 ./Core/Src/dma.o
 .debug_macro   0x0000000000000205      0xaa8 ./Core/Src/dma.o
 .debug_macro   0x0000000000000cad      0x2a7 ./Core/Src/dma.o
 .debug_macro   0x0000000000000f54       0x2e ./Core/Src/dma.o
 .debug_macro   0x0000000000000f82       0x28 ./Core/Src/dma.o
 .debug_macro   0x0000000000000faa       0x22 ./Core/Src/dma.o
 .debug_macro   0x0000000000000fcc       0x8e ./Core/Src/dma.o
 .debug_macro   0x000000000000105a       0x51 ./Core/Src/dma.o
 .debug_macro   0x00000000000010ab      0x103 ./Core/Src/dma.o
 .debug_macro   0x00000000000011ae       0x6a ./Core/Src/dma.o
 .debug_macro   0x0000000000001218      0x1df ./Core/Src/dma.o
 .debug_macro   0x00000000000013f7       0x1c ./Core/Src/dma.o
 .debug_macro   0x0000000000001413       0x22 ./Core/Src/dma.o
 .debug_macro   0x0000000000001435       0xd9 ./Core/Src/dma.o
 .debug_macro   0x000000000000150e     0x102d ./Core/Src/dma.o
 .debug_macro   0x000000000000253b      0x11f ./Core/Src/dma.o
 .debug_macro   0x000000000000265a     0xb86c ./Core/Src/dma.o
 .debug_macro   0x000000000000dec6       0x6d ./Core/Src/dma.o
 .debug_macro   0x000000000000df33     0x367e ./Core/Src/dma.o
 .debug_macro   0x00000000000115b1      0x174 ./Core/Src/dma.o
 .debug_macro   0x0000000000011725       0x5c ./Core/Src/dma.o
 .debug_macro   0x0000000000011781      0x416 ./Core/Src/dma.o
 .debug_macro   0x0000000000011b97      0x9fe ./Core/Src/dma.o
 .debug_macro   0x0000000000012595      0x115 ./Core/Src/dma.o
 .debug_macro   0x00000000000126aa       0xf8 ./Core/Src/dma.o
 .debug_macro   0x00000000000127a2       0xa5 ./Core/Src/dma.o
 .debug_macro   0x0000000000012847      0x15f ./Core/Src/dma.o
 .debug_macro   0x00000000000129a6      0x287 ./Core/Src/dma.o
 .debug_macro   0x0000000000012c2d       0x5f ./Core/Src/dma.o
 .debug_macro   0x0000000000012c8c      0x236 ./Core/Src/dma.o
 .debug_macro   0x0000000000012ec2      0x132 ./Core/Src/dma.o
 .debug_macro   0x0000000000012ff4      0x23a ./Core/Src/dma.o
 .debug_macro   0x000000000001322e       0x2e ./Core/Src/dma.o
 .debug_macro   0x000000000001325c      0x1b5 ./Core/Src/dma.o
 .debug_macro   0x0000000000013411       0x22 ./Core/Src/dma.o
 .debug_macro   0x0000000000013433       0xd6 ./Core/Src/dma.o
 .debug_macro   0x0000000000013509      0x11a ./Core/Src/dma.o
 .debug_macro   0x0000000000013623       0x85 ./Core/Src/dma.o
 .debug_macro   0x00000000000136a8       0x89 ./Core/Src/dma.o
 .debug_macro   0x0000000000013731      0x225 ./Core/Src/dma.o
 .debug_macro   0x0000000000013956      0x8e6 ./Core/Src/dma.o
 .debug_macro   0x000000000001423c       0x47 ./Core/Src/dma.o
 .debug_macro   0x0000000000014283      0x29c ./Core/Src/dma.o
 .debug_macro   0x000000000001451f      0x126 ./Core/Src/dma.o
 .debug_macro   0x0000000000014645      0x205 ./Core/Src/gpio.o
 .debug_macro   0x000000000001484a      0x205 ./Core/Src/i2c.o
 .debug_macro   0x0000000000014a4f      0x356 ./Core/Src/main.o
 .debug_macro   0x0000000000014da5       0x22 ./Core/Src/main.o
 .debug_macro   0x0000000000014dc7       0x22 ./Core/Src/main.o
 .debug_macro   0x0000000000014de9       0x61 ./Core/Src/main.o
 .debug_macro   0x0000000000014e4a       0x2a ./Core/Src/main.o
 .debug_macro   0x0000000000014e74       0x43 ./Core/Src/main.o
 .debug_macro   0x0000000000014eb7       0x34 ./Core/Src/main.o
 .debug_macro   0x0000000000014eeb       0x16 ./Core/Src/main.o
 .debug_macro   0x0000000000014f01       0x43 ./Core/Src/main.o
 .debug_macro   0x0000000000014f44       0x34 ./Core/Src/main.o
 .debug_macro   0x0000000000014f78       0x10 ./Core/Src/main.o
 .debug_macro   0x0000000000014f88       0x58 ./Core/Src/main.o
 .debug_macro   0x0000000000014fe0       0x8e ./Core/Src/main.o
 .debug_macro   0x000000000001506e       0x1c ./Core/Src/main.o
 .debug_macro   0x000000000001508a      0x177 ./Core/Src/main.o
 .debug_macro   0x0000000000015201      0x369 ./Core/Src/main.o
 .debug_macro   0x000000000001556a      0x19b ./Core/Src/main.o
 .debug_macro   0x0000000000015705       0x1c ./Core/Src/main.o
 .debug_macro   0x0000000000015721       0x35 ./Core/Src/main.o
 .debug_macro   0x0000000000015756       0x10 ./Core/Src/main.o
 .debug_macro   0x0000000000015766       0x1c ./Core/Src/main.o
 .debug_macro   0x0000000000015782       0x16 ./Core/Src/main.o
 .debug_macro   0x0000000000015798      0x147 ./Core/Src/main.o
 .debug_macro   0x00000000000158df      0x205 ./Core/Src/spi.o
 .debug_macro   0x0000000000015ae4      0x1fb ./Core/Src/stm32f4xx_hal_msp.o
 .debug_macro   0x0000000000015cdf      0x205 ./Core/Src/stm32f4xx_it.o
 .debug_macro   0x0000000000015ee4      0x1f1 ./Core/Src/system_stm32f4xx.o
 .debug_macro   0x00000000000160d5      0x205 ./Core/Src/tim.o
 .debug_macro   0x00000000000162da      0x205 ./Core/Src/usart.o
 .debug_macro   0x00000000000164df      0x251 ./Drivers/STM32F4xx_HAL_Driver/Src/stm32f4xx_hal.o
 .debug_macro   0x0000000000016730      0x1f1 ./Drivers/STM32F4xx_HAL_Driver/Src/stm32f4xx_hal_cortex.o
 .debug_macro   0x0000000000016921      0x1f7 ./Drivers/STM32F4xx_HAL_Driver/Src/stm32f4xx_hal_dma.o
 .debug_macro   0x0000000000016b18      0x1f7 ./Drivers/STM32F4xx_HAL_Driver/Src/stm32f4xx_hal_gpio.o
 .debug_macro   0x0000000000016d0f      0x238 ./Drivers/STM32F4xx_HAL_Driver/Src/stm32f4xx_hal_i2c.o
 .debug_macro   0x0000000000016f47      0x215 ./Drivers/STM32F4xx_HAL_Driver/Src/stm32f4xx_hal_rcc.o
 .debug_macro   0x000000000001715c      0x200 ./Drivers/STM32F4xx_HAL_Driver/Src/stm32f4xx_hal_spi.o
 .debug_macro   0x000000000001735c      0x1f2 ./Drivers/STM32F4xx_HAL_Driver/Src/stm32f4xx_hal_tim.o
 .debug_macro   0x000000000001754e      0x1f1 ./Drivers/STM32F4xx_HAL_Driver/Src/stm32f4xx_hal_tim_ex.o
 .debug_macro   0x000000000001773f      0x1f2 ./Drivers/STM32F4xx_HAL_Driver/Src/stm32f4xx_hal_uart.o
 .debug_macro   0x0000000000017931      0x2bc ./Filters/KalmanFilter.o
 .debug_macro   0x0000000000017bed       0x56 ./Filters/KalmanFilter.o
 .debug_macro   0x0000000000017c43      0x21f ./Filters/PID.o
 .debug_macro   0x0000000000017e62      0x221 ./Rc_Telemetry/ibus.o
 .debug_macro   0x0000000000018083      0x2eb ./Sensors/imu_adxl345.o
 .debug_macro   0x000000000001836e       0x16 ./Sensors/imu_adxl345.o
 .debug_macro   0x0000000000018384       0x16 ./Sensors/imu_adxl345.o
 .debug_macro   0x000000000001839a      0x2ee ./Sensors/mpu6050.o

.debug_line     0x0000000000000000    0x18a6f
 .debug_line    0x0000000000000000      0x6d2 ./Core/Src/dma.o
 .debug_line    0x00000000000006d2      0x6d2 ./Core/Src/gpio.o
 .debug_line    0x0000000000000da4      0x73d ./Core/Src/i2c.o
 .debug_line    0x00000000000014e1      0xb73 ./Core/Src/main.o
 .debug_line    0x0000000000002054      0x745 ./Core/Src/spi.o
 .debug_line    0x0000000000002799      0x6d4 ./Core/Src/stm32f4xx_hal_msp.o
 .debug_line    0x0000000000002e6d      0x811 ./Core/Src/stm32f4xx_it.o
 .debug_line    0x000000000000367e      0x755 ./Core/Src/system_stm32f4xx.o
 .debug_line    0x0000000000003dd3      0x7be ./Core/Src/tim.o
 .debug_line    0x0000000000004591      0x7fb ./Core/Src/usart.o
 .debug_line    0x0000000000004d8c       0x7a ./Core/Startup/startup_stm32f401cbux.o
 .debug_line    0x0000000000004e06      0x9bb ./Drivers/STM32F4xx_HAL_Driver/Src/stm32f4xx_hal.o
 .debug_line    0x00000000000057c1      0xc6a ./Drivers/STM32F4xx_HAL_Driver/Src/stm32f4xx_hal_cortex.o
 .debug_line    0x000000000000642b      0xf1f ./Drivers/STM32F4xx_HAL_Driver/Src/stm32f4xx_hal_dma.o
 .debug_line    0x000000000000734a      0xaf3 ./Drivers/STM32F4xx_HAL_Driver/Src/stm32f4xx_hal_gpio.o
 .debug_line    0x0000000000007e3d     0x397d ./Drivers/STM32F4xx_HAL_Driver/Src/stm32f4xx_hal_i2c.o
 .debug_line    0x000000000000b7ba      0xd32 ./Drivers/STM32F4xx_HAL_Driver/Src/stm32f4xx_hal_rcc.o
 .debug_line    0x000000000000c4ec     0x1c4c ./Drivers/STM32F4xx_HAL_Driver/Src/stm32f4xx_hal_spi.o
 .debug_line    0x000000000000e138     0x3481 ./Drivers/STM32F4xx_HAL_Driver/Src/stm32f4xx_hal_tim.o
 .debug_line    0x00000000000115b9     0x1953 ./Drivers/STM32F4xx_HAL_Driver/Src/stm32f4xx_hal_tim_ex.o
 .debug_line    0x0000000000012f0c     0x2d00 ./Drivers/STM32F4xx_HAL_Driver/Src/stm32f4xx_hal_uart.o
 .debug_line    0x0000000000015c0c      0x9dd ./Filters/KalmanFilter.o
 .debug_line    0x00000000000165e9      0x961 ./Filters/PID.o
 .debug_line    0x0000000000016f4a      0x8c3 ./Rc_Telemetry/ibus.o
 .debug_line    0x000000000001780d      0x861 ./Sensors/imu_adxl345.o
 .debug_line    0x000000000001806e      0xa01 ./Sensors/mpu6050.o

.debug_str      0x0000000000000000    0x920b5
 .debug_str     0x0000000000000000    0x88f24 ./Core/Src/dma.o
                                      0x891a4 (size before relaxing)
 .debug_str     0x0000000000088f24       0x2c ./Core/Src/gpio.o
                                      0x88de9 (size before relaxing)
 .debug_str     0x0000000000088f50      0x5b3 ./Core/Src/i2c.o
                                      0x893e8 (size before relaxing)
 .debug_str     0x0000000000089503     0x45ee ./Core/Src/main.o
                                      0x8da50 (size before relaxing)
 .debug_str     0x000000000008daf1      0x1c1 ./Core/Src/spi.o
                                      0x89340 (size before relaxing)
 .debug_str     0x000000000008dcb2       0x2c ./Core/Src/stm32f4xx_hal_msp.o
                                      0x88de9 (size before relaxing)
 .debug_str     0x000000000008dcde      0x412 ./Core/Src/stm32f4xx_it.o
                                      0x8964c (size before relaxing)
 .debug_str     0x000000000008e0f0       0xdb ./Core/Src/system_stm32f4xx.o
                                      0x88e99 (size before relaxing)
 .debug_str     0x000000000008e1cb      0x1fe ./Core/Src/tim.o
                                      0x899a6 (size before relaxing)
 .debug_str     0x000000000008e3c9       0x6d ./Core/Src/usart.o
                                      0x89848 (size before relaxing)
 .debug_str     0x000000000008e436       0x4c ./Core/Startup/startup_stm32f401cbux.o
 .debug_str     0x000000000008e482      0x603 ./Drivers/STM32F4xx_HAL_Driver/Src/stm32f4xx_hal.o
                                      0x898bb (size before relaxing)
 .debug_str     0x000000000008ea85      0x32d ./Drivers/STM32F4xx_HAL_Driver/Src/stm32f4xx_hal_cortex.o
                                      0x895dc (size before relaxing)
 .debug_str     0x000000000008edb2      0x2e6 ./Drivers/STM32F4xx_HAL_Driver/Src/stm32f4xx_hal_dma.o
                                      0x892a1 (size before relaxing)
 .debug_str     0x000000000008f098      0x158 ./Drivers/STM32F4xx_HAL_Driver/Src/stm32f4xx_hal_gpio.o
                                      0x89014 (size before relaxing)
 .debug_str     0x000000000008f1f0      0xac5 ./Drivers/STM32F4xx_HAL_Driver/Src/stm32f4xx_hal_i2c.o
                                      0x89e57 (size before relaxing)
 .debug_str     0x000000000008fcb5      0x1ea ./Drivers/STM32F4xx_HAL_Driver/Src/stm32f4xx_hal_rcc.o
                                      0x892cd (size before relaxing)
 .debug_str     0x000000000008fe9f      0x557 ./Drivers/STM32F4xx_HAL_Driver/Src/stm32f4xx_hal_spi.o
                                      0x8974b (size before relaxing)
 .debug_str     0x00000000000903f6      0xd50 ./Drivers/STM32F4xx_HAL_Driver/Src/stm32f4xx_hal_tim.o
                                      0x8a201 (size before relaxing)
 .debug_str     0x0000000000091146      0x493 ./Drivers/STM32F4xx_HAL_Driver/Src/stm32f4xx_hal_tim_ex.o
                                      0x89a1d (size before relaxing)
 .debug_str     0x00000000000915d9      0x7e0 ./Drivers/STM32F4xx_HAL_Driver/Src/stm32f4xx_hal_uart.o
                                      0x89b65 (size before relaxing)
 .debug_str     0x0000000000091db9       0xac ./Filters/KalmanFilter.o
                                      0x8c740 (size before relaxing)
 .debug_str     0x0000000000091e65       0x32 ./Filters/PID.o
                                      0x88e6a (size before relaxing)
 .debug_str     0x0000000000091e97       0xb5 ./Rc_Telemetry/ibus.o
                                      0x893fe (size before relaxing)
 .debug_str     0x0000000000091f4c       0x35 ./Sensors/imu_adxl345.o
                                      0x8c960 (size before relaxing)
 .debug_str     0x0000000000091f81      0x134 ./Sensors/mpu6050.o
                                      0x8cd14 (size before relaxing)

.debug_frame    0x0000000000000000     0x519c
 .debug_frame   0x0000000000000000       0x34 ./Core/Src/dma.o
 .debug_frame   0x0000000000000034       0x38 ./Core/Src/gpio.o
 .debug_frame   0x000000000000006c       0x74 ./Core/Src/i2c.o
 .debug_frame   0x00000000000000e0       0x8c ./Core/Src/main.o
 .debug_frame   0x000000000000016c       0x74 ./Core/Src/spi.o
 .debug_frame   0x00000000000001e0       0x38 ./Core/Src/stm32f4xx_hal_msp.o
 .debug_frame   0x0000000000000218      0x194 ./Core/Src/stm32f4xx_it.o
 .debug_frame   0x00000000000003ac       0x58 ./Core/Src/system_stm32f4xx.o
 .debug_frame   0x0000000000000404       0xa0 ./Core/Src/tim.o
 .debug_frame   0x00000000000004a4       0x90 ./Core/Src/usart.o
 .debug_frame   0x0000000000000534      0x374 ./Drivers/STM32F4xx_HAL_Driver/Src/stm32f4xx_hal.o
 .debug_frame   0x00000000000008a8      0x498 ./Drivers/STM32F4xx_HAL_Driver/Src/stm32f4xx_hal_cortex.o
 .debug_frame   0x0000000000000d40      0x250 ./Drivers/STM32F4xx_HAL_Driver/Src/stm32f4xx_hal_dma.o
 .debug_frame   0x0000000000000f90      0x14c ./Drivers/STM32F4xx_HAL_Driver/Src/stm32f4xx_hal_gpio.o
 .debug_frame   0x00000000000010dc      0xc5c ./Drivers/STM32F4xx_HAL_Driver/Src/stm32f4xx_hal_i2c.o
 .debug_frame   0x0000000000001d38      0x1f4 ./Drivers/STM32F4xx_HAL_Driver/Src/stm32f4xx_hal_rcc.o
 .debug_frame   0x0000000000001f2c      0x824 ./Drivers/STM32F4xx_HAL_Driver/Src/stm32f4xx_hal_spi.o
 .debug_frame   0x0000000000002750     0x11bc ./Drivers/STM32F4xx_HAL_Driver/Src/stm32f4xx_hal_tim.o
 .debug_frame   0x000000000000390c      0x638 ./Drivers/STM32F4xx_HAL_Driver/Src/stm32f4xx_hal_tim_ex.o
 .debug_frame   0x0000000000003f44      0x9f4 ./Drivers/STM32F4xx_HAL_Driver/Src/stm32f4xx_hal_uart.o
 .debug_frame   0x0000000000004938       0x70 ./Filters/KalmanFilter.o
 .debug_frame   0x00000000000049a8       0x64 ./Filters/PID.o
 .debug_frame   0x0000000000004a0c      0x104 ./Rc_Telemetry/ibus.o
 .debug_frame   0x0000000000004b10       0x74 ./Sensors/imu_adxl345.o
 .debug_frame   0x0000000000004b84       0xd4 ./Sensors/mpu6050.o
 .debug_frame   0x0000000000004c58      0x144 /opt/st/stm32cubeide_1.13.2/plugins/com.st.stm32cube.ide.mcu.externaltools.gnu-tools-for-stm32.11.3.rel1.linux64_1.1.1.202309131626/tools/bin/../lib/gcc/arm-none-eabi/11.3.1/../../../../arm-none-eabi/lib/thumb/v7e-m+fp/hard/libc_nano.a(libc_a-findfp.o)
 .debug_frame   0x0000000000004d9c       0x20 /opt/st/stm32cubeide_1.13.2/plugins/com.st.stm32cube.ide.mcu.externaltools.gnu-tools-for-stm32.11.3.rel1.linux64_1.1.1.202309131626/tools/bin/../lib/gcc/arm-none-eabi/11.3.1/../../../../arm-none-eabi/lib/thumb/v7e-m+fp/hard/libc_nano.a(libc_a-memset.o)
 .debug_frame   0x0000000000004dbc       0x20 /opt/st/stm32cubeide_1.13.2/plugins/com.st.stm32cube.ide.mcu.externaltools.gnu-tools-for-stm32.11.3.rel1.linux64_1.1.1.202309131626/tools/bin/../lib/gcc/arm-none-eabi/11.3.1/../../../../arm-none-eabi/lib/thumb/v7e-m+fp/hard/libc_nano.a(libc_a-errno.o)
 .debug_frame   0x0000000000004ddc       0x2c /opt/st/stm32cubeide_1.13.2/plugins/com.st.stm32cube.ide.mcu.externaltools.gnu-tools-for-stm32.11.3.rel1.linux64_1.1.1.202309131626/tools/bin/../lib/gcc/arm-none-eabi/11.3.1/../../../../arm-none-eabi/lib/thumb/v7e-m+fp/hard/libc_nano.a(libc_a-init.o)
 .debug_frame   0x0000000000004e08       0x20 /opt/st/stm32cubeide_1.13.2/plugins/com.st.stm32cube.ide.mcu.externaltools.gnu-tools-for-stm32.11.3.rel1.linux64_1.1.1.202309131626/tools/bin/../lib/gcc/arm-none-eabi/11.3.1/../../../../arm-none-eabi/lib/thumb/v7e-m+fp/hard/libm.a(libm_a-w_atan2.o)
 .debug_frame   0x0000000000004e28       0x3c /opt/st/stm32cubeide_1.13.2/plugins/com.st.stm32cube.ide.mcu.externaltools.gnu-tools-for-stm32.11.3.rel1.linux64_1.1.1.202309131626/tools/bin/../lib/gcc/arm-none-eabi/11.3.1/../../../../arm-none-eabi/lib/thumb/v7e-m+fp/hard/libm.a(libm_a-w_sqrt.o)
 .debug_frame   0x0000000000004e64       0x38 /opt/st/stm32cubeide_1.13.2/plugins/com.st.stm32cube.ide.mcu.externaltools.gnu-tools-for-stm32.11.3.rel1.linux64_1.1.1.202309131626/tools/bin/../lib/gcc/arm-none-eabi/11.3.1/../../../../arm-none-eabi/lib/thumb/v7e-m+fp/hard/libm.a(libm_a-s_atan.o)