Archive member included to satisfy reference by file (symbol)

/opt/stm32cubeide/plugins/com.st.stm32cube.ide.mcu.externaltools.gnu-tools-for-stm32.11.3.rel1.linux64_1.1.0.202305231506/tools/bin/../lib/gcc/arm-none-eabi/11.3.1/../../../../arm-none-eabi/lib/thumb/v7e-m+fp/hard/libc_nano.a(libc_a-exit.o)
                              /opt/stm32cubeide/plugins/com.st.stm32cube.ide.mcu.externaltools.gnu-tools-for-stm32.11.3.rel1.linux64_1.1.0.202305231506/tools/bin/../lib/gcc/arm-none-eabi/11.3.1/../../../../arm-none-eabi/lib/thumb/v7e-m+fp/hard/crt0.o (exit)
/opt/stm32cubeide/plugins/com.st.stm32cube.ide.mcu.externaltools.gnu-tools-for-stm32.11.3.rel1.linux64_1.1.0.202305231506/tools/bin/../lib/gcc/arm-none-eabi/11.3.1/../../../../arm-none-eabi/lib/thumb/v7e-m+fp/hard/libc_nano.a(libc_a-findfp.o)
                              /opt/stm32cubeide/plugins/com.st.stm32cube.ide.mcu.externaltools.gnu-tools-for-stm32.11.3.rel1.linux64_1.1.0.202305231506/tools/bin/../lib/gcc/arm-none-eabi/11.3.1/../../../../arm-none-eabi/lib/thumb/v7e-m+fp/hard/libc_nano.a(libc_a-exit.o) (__stdio_exit_handler)
/opt/stm32cubeide/plugins/com.st.stm32cube.ide.mcu.externaltools.gnu-tools-for-stm32.11.3.rel1.linux64_1.1.0.202305231506/tools/bin/../lib/gcc/arm-none-eabi/11.3.1/../../../../arm-none-eabi/lib/thumb/v7e-m+fp/hard/libc_nano.a(libc_a-fwalk.o)
                              /opt/stm32cubeide/plugins/com.st.stm32cube.ide.mcu.externaltools.gnu-tools-for-stm32.11.3.rel1.linux64_1.1.0.202305231506/tools/bin/../lib/gcc/arm-none-eabi/11.3.1/../../../../arm-none-eabi/lib/thumb/v7e-m+fp/hard/libc_nano.a(libc_a-findfp.o) (_fwalk_sglue)
/opt/stm32cubeide/plugins/com.st.stm32cube.ide.mcu.externaltools.gnu-tools-for-stm32.11.3.rel1.linux64_1.1.0.202305231506/tools/bin/../lib/gcc/arm-none-eabi/11.3.1/../../../../arm-none-eabi/lib/thumb/v7e-m+fp/hard/libc_nano.a(libc_a-stdio.o)
                              /opt/stm32cubeide/plugins/com.st.stm32cube.ide.mcu.externaltools.gnu-tools-for-stm32.11.3.rel1.linux64_1.1.0.202305231506/tools/bin/../lib/gcc/arm-none-eabi/11.3.1/../../../../arm-none-eabi/lib/thumb/v7e-m+fp/hard/libc_nano.a(libc_a-findfp.o) (__sread)
/opt/stm32cubeide/plugins/com.st.stm32cube.ide.mcu.externaltools.gnu-tools-for-stm32.11.3.rel1.linux64_1.1.0.202305231506/tools/bin/../lib/gcc/arm-none-eabi/11.3.1/../../../../arm-none-eabi/lib/thumb/v7e-m+fp/hard/libc_nano.a(libc_a-memset.o)
                              /opt/stm32cubeide/plugins/com.st.stm32cube.ide.mcu.externaltools.gnu-tools-for-stm32.11.3.rel1.linux64_1.1.0.202305231506/tools/bin/../lib/gcc/arm-none-eabi/11.3.1/../../../../arm-none-eabi/lib/thumb/v7e-m+fp/hard/crt0.o (memset)
/opt/stm32cubeide/plugins/com.st.stm32cube.ide.mcu.externaltools.gnu-tools-for-stm32.11.3.rel1.linux64_1.1.0.202305231506/tools/bin/../lib/gcc/arm-none-eabi/11.3.1/../../../../arm-none-eabi/lib/thumb/v7e-m+fp/hard/libc_nano.a(libc_a-closer.o)
                              /opt/stm32cubeide/plugins/com.st.stm32cube.ide.mcu.externaltools.gnu-tools-for-stm32.11.3.rel1.linux64_1.1.0.202305231506/tools/bin/../lib/gcc/arm-none-eabi/11.3.1/../../../../arm-none-eabi/lib/thumb/v7e-m+fp/hard/libc_nano.a(libc_a-stdio.o) (_close_r)
/opt/stm32cubeide/plugins/com.st.stm32cube.ide.mcu.externaltools.gnu-tools-for-stm32.11.3.rel1.linux64_1.1.0.202305231506/tools/bin/../lib/gcc/arm-none-eabi/11.3.1/../../../../arm-none-eabi/lib/thumb/v7e-m+fp/hard/libc_nano.a(libc_a-reent.o)
                              /opt/stm32cubeide/plugins/com.st.stm32cube.ide.mcu.externaltools.gnu-tools-for-stm32.11.3.rel1.linux64_1.1.0.202305231506/tools/bin/../lib/gcc/arm-none-eabi/11.3.1/../../../../arm-none-eabi/lib/thumb/v7e-m+fp/hard/libc_nano.a(libc_a-closer.o) (errno)
/opt/stm32cubeide/plugins/com.st.stm32cube.ide.mcu.externaltools.gnu-tools-for-stm32.11.3.rel1.linux64_1.1.0.202305231506/tools/bin/../lib/gcc/arm-none-eabi/11.3.1/../../../../arm-none-eabi/lib/thumb/v7e-m+fp/hard/libc_nano.a(libc_a-impure.o)
                              /opt/stm32cubeide/plugins/com.st.stm32cube.ide.mcu.externaltools.gnu-tools-for-stm32.11.3.rel1.linux64_1.1.0.202305231506/tools/bin/../lib/gcc/arm-none-eabi/11.3.1/../../../../arm-none-eabi/lib/thumb/v7e-m+fp/hard/libc_nano.a(libc_a-reent.o) (_impure_ptr)
/opt/stm32cubeide/plugins/com.st.stm32cube.ide.mcu.externaltools.gnu-tools-for-stm32.11.3.rel1.linux64_1.1.0.202305231506/tools/bin/../lib/gcc/arm-none-eabi/11.3.1/../../../../arm-none-eabi/lib/thumb/v7e-m+fp/hard/libc_nano.a(libc_a-lseekr.o)
                              /opt/stm32cubeide/plugins/com.st.stm32cube.ide.mcu.externaltools.gnu-tools-for-stm32.11.3.rel1.linux64_1.1.0.202305231506/tools/bin/../lib/gcc/arm-none-eabi/11.3.1/../../../../arm-none-eabi/lib/thumb/v7e-m+fp/hard/libc_nano.a(libc_a-stdio.o) (_lseek_r)
[...]
Memory Configuration

Name             Origin             Length             Attributes
RAM              0x0000000020000000 0x0000000000018000 xrw
FLASH            0x0000000008000000 0x0000000000060000 xr
*default*        0x0000000000000000 0xffffffffffffffff

Linker script and memory map

LOAD /opt/stm32cubeide/plugins/com.st.stm32cube.ide.mcu.externaltools.gnu-tools-for-stm32.11.3.rel1.linux64_1.1.0.202305231506/tools/bin/../lib/gcc/arm-none-eabi/11.3.1/thumb/v7e-m+fp/hard/crti.o
LOAD /opt/stm32cubeide/plugins/com.st.stm32cube.ide.mcu.externaltools.gnu-tools-for-stm32.11.3.rel1.linux64_1.1.0.202305231506/tools/bin/../lib/gcc/arm-none-eabi/11.3.1/thumb/v7e-m+fp/hard/crtbegin.o
LOAD /opt/stm32cubeide/plugins/com.st.stm32cube.ide.mcu.externaltools.gnu-tools-for-stm32.11.3.rel1.linux64_1.1.0.202305231506/tools/bin/../lib/gcc/arm-none-eabi/11.3.1/../../../../arm-none-eabi/lib/thumb/v7e-m+fp/hard/crt0.o
LOAD ./Core/Src/adxl345.o
LOAD ./Core/Src/main.o
LOAD ./Core/Src/stm32f4xx_hal_msp.o
LOAD ./Core/Src/stm32f4xx_it.o
LOAD ./Core/Src/syscalls.o
LOAD ./Core/Src/sysmem.o
LOAD ./Core/Src/system_stm32f4xx.o
LOAD ./Core/Startup/startup_stm32f401cdux.o
LOAD ./Drivers/STM32F4xx_HAL_Driver/Src/stm32f4xx_hal.o
LOAD ./Drivers/STM32F4xx_HAL_Driver/Src/stm32f4xx_hal_cortex.o
LOAD ./Drivers/STM32F4xx_HAL_Driver/Src/stm32f4xx_hal_dma.o
LOAD ./Drivers/STM32F4xx_HAL_Driver/Src/stm32f4xx_hal_dma_ex.o
LOAD ./Drivers/STM32F4xx_HAL_Driver/Src/stm32f4xx_hal_exti.o
LOAD ./Drivers/STM32F4xx_HAL_Driver/Src/stm32f4xx_hal_flash.o
LOAD ./Drivers/STM32F4xx_HAL_Driver/Src/stm32f4xx_hal_flash_ex.o
LOAD ./Drivers/STM32F4xx_HAL_Driver/Src/stm32f4xx_hal_flash_ramfunc.o
LOAD ./Drivers/STM32F4xx_HAL_Driver/Src/stm32f4xx_hal_gpio.o
LOAD ./Drivers/STM32F4xx_HAL_Driver/Src/stm32f4xx_hal_i2c.o
LOAD ./Drivers/STM32F4xx_HAL_Driver/Src/stm32f4xx_hal_i2c_ex.o
LOAD ./Drivers/STM32F4xx_HAL_Driver/Src/stm32f4xx_hal_pcd.o
LOAD ./Drivers/STM32F4xx_HAL_Driver/Src/stm32f4xx_hal_pcd_ex.o
LOAD ./Drivers/STM32F4xx_HAL_Driver/Src/stm32f4xx_hal_pwr.o
LOAD ./Drivers/STM32F4xx_HAL_Driver/Src/stm32f4xx_hal_pwr_ex.o
LOAD ./Drivers/STM32F4xx_HAL_Driver/Src/stm32f4xx_hal_rcc.o
LOAD ./Drivers/STM32F4xx_HAL_Driver/Src/stm32f4xx_hal_rcc_ex.o
LOAD ./Drivers/STM32F4xx_HAL_Driver/Src/stm32f4xx_hal_spi.o
LOAD ./Drivers/STM32F4xx_HAL_Driver/Src/stm32f4xx_hal_tim.o
LOAD ./Drivers/STM32F4xx_HAL_Driver/Src/stm32f4xx_hal_tim_ex.o
LOAD ./Drivers/STM32F4xx_HAL_Driver/Src/stm32f4xx_ll_usb.o
LOAD ./Middlewares/ST/STM32_USB_Device_Library/Class/CDC/Src/usbd_cdc.o
LOAD ./Middlewares/ST/STM32_USB_Device_Library/Core/Src/usbd_core.o
LOAD ./Middlewares/ST/STM32_USB_Device_Library/Core/Src/usbd_ctlreq.o
LOAD ./Middlewares/ST/STM32_USB_Device_Library/Core/Src/usbd_ioreq.o
LOAD ./USB_DEVICE/App/usb_device.o
LOAD ./USB_DEVICE/App/usbd_cdc_if.o
LOAD ./USB_DEVICE/App/usbd_desc.o
LOAD ./USB_DEVICE/Target/usbd_conf.o
START GROUP
LOAD /opt/stm32cubeide/plugins/com.st.stm32cube.ide.mcu.externaltools.gnu-tools-for-stm32.11.3.rel1.linux64_1.1.0.202305231506/tools/bin/../lib/gcc/arm-none-eabi/11.3.1/../../../../arm-none-eabi/lib/thumb/v7e-m+fp/hard/libc_nano.a
LOAD /opt/stm32cubeide/plugins/com.st.stm32cube.ide.mcu.externaltools.gnu-tools-for-stm32.11.3.rel1.linux64_1.1.0.202305231506/tools/bin/../lib/gcc/arm-none-eabi/11.3.1/../../../../arm-none-eabi/lib/thumb/v7e-m+fp/hard/libm.a
END GROUP
START GROUP
LOAD /opt/stm32cubeide/plugins/com.st.stm32cube.ide.mcu.externaltools.gnu-tools-for-stm32.11.3.rel1.linux64_1.1.0.202305231506/tools/bin/../lib/gcc/arm-none-eabi/11.3.1/thumb/v7e-m+fp/hard/libgcc.a
LOAD /opt/stm32cubeide/plugins/com.st.stm32cube.ide.mcu.externaltools.gnu-tools-for-stm32.11.3.rel1.linux64_1.1.0.202305231506/tools/bin/../lib/gcc/arm-none-eabi/11.3.1/../../../../arm-none-eabi/lib/thumb/v7e-m+fp/hard/libc_nano.a
END GROUP
START GROUP
LOAD /opt/stm32cubeide/plugins/com.st.stm32cube.ide.mcu.externaltools.gnu-tools-for-stm32.11.3.rel1.linux64_1.1.0.202305231506/tools/bin/../lib/gcc/arm-none-eabi/11.3.1/thumb/v7e-m+fp/hard/libgcc.a
LOAD /opt/stm32cubeide/plugins/com.st.stm32cube.ide.mcu.externaltools.gnu-tools-for-stm32.11.3.rel1.linux64_1.1.0.202305231506/tools/bin/../lib/gcc/arm-none-eabi/11.3.1/../../../../arm-none-eabi/lib/thumb/v7e-m+fp/hard/libc_nano.a
LOAD /opt/stm32cubeide/plugins/com.st.stm32cube.ide.mcu.externaltools.gnu-tools-for-stm32.11.3.rel1.linux64_1.1.0.202305231506/tools/bin/../lib/gcc/arm-none-eabi/11.3.1/../../../../arm-none-eabi/lib/thumb/v7e-m+fp/hard/libnosys.a
END GROUP
START GROUP
LOAD /opt/stm32cubeide/plugins/com.st.stm32cube.ide.mcu.externaltools.gnu-tools-for-stm32.11.3.rel1.linux64_1.1.0.202305231506/tools/bin/../lib/gcc/arm-none-eabi/11.3.1/thumb/v7e-m+fp/hard/libgcc.a
LOAD /opt/stm32cubeide/plugins/com.st.stm32cube.ide.mcu.externaltools.gnu-tools-for-stm32.11.3.rel1.linux64_1.1.0.202305231506/tools/bin/../lib/gcc/arm-none-eabi/11.3.1/../../../../arm-none-eabi/lib/thumb/v7e-m+fp/hard/libc_nano.a
LOAD /opt/stm32cubeide/plugins/com.st.stm32cube.ide.mcu.externaltools.gnu-tools-for-stm32.11.3.rel1.linux64_1.1.0.202305231506/tools/bin/../lib/gcc/arm-none-eabi/11.3.1/../../../../arm-none-eabi/lib/thumb/v7e-m+fp/hard/libnosys.a
END GROUP
LOAD /opt/stm32cubeide/plugins/com.st.stm32cube.ide.mcu.externaltools.gnu-tools-for-stm32.11.3.rel1.linux64_1.1.0.202305231506/tools/bin/../lib/gcc/arm-none-eabi/11.3.1/thumb/v7e-m+fp/hard/crtend.o
LOAD /opt/stm32cubeide/plugins/com.st.stm32cube.ide.mcu.externaltools.gnu-tools-for-stm32.11.3.rel1.linux64_1.1.0.202305231506/tools/bin/../lib/gcc/arm-none-eabi/11.3.1/thumb/v7e-m+fp/hard/crtn.o
                0x0000000020018000                _estack = (ORIGIN (RAM) + LENGTH (RAM))
                0x0000000000000200                _Min_Heap_Size = 0x200
                0x0000000000000400                _Min_Stack_Size = 0x400

.isr_vector     0x0000000008000000      0x194
                0x0000000008000000                . = ALIGN (0x4)
 *(.isr_vector)
 .isr_vector    0x0000000008000000      0x194 ./Core/Startup/startup_stm32f401cdux.o
                0x0000000008000000                g_pfnVectors
                0x0000000008000194                . = ALIGN (0x4)

.text           0x0000000008000194     0x8de4
                0x0000000008000194                . = ALIGN (0x4)
 *(.text)
 .text          0x0000000008000194       0x40 /opt/stm32cubeide/plugins/com.st.stm32cube.ide.mcu.externaltools.gnu-tools-for-stm32.11.3.rel1.linux64_1.1.0.202305231506/tools/bin/../lib/gcc/arm-none-eabi/11.3.1/thumb/v7e-m+fp/hard/crtbegin.o
 .text          0x00000000080001d4       0x30 /opt/stm32cubeide/plugins/com.st.stm32cube.ide.mcu.externaltools.gnu-tools-for-stm32.11.3.rel1.linux64_1.1.0.202305231506/tools/bin/../lib/gcc/arm-none-eabi/11.3.1/thumb/v7e-m+fp/hard/libgcc.a(_aeabi_uldivmod.o)
                0x00000000080001d4                __aeabi_uldivmod
 .text          0x0000000008000204      0x2c8 /opt/stm32cubeide/plugins/com.st.stm32cube.ide.mcu.externaltools.gnu-tools-for-stm32.11.3.rel1.linux64_1.1.0.202305231506/tools/bin/../lib/gcc/arm-none-eabi/11.3.1/thumb/v7e-m+fp/hard/libgcc.a(_udivmoddi4.o)
                0x0000000008000204                __udivmoddi4
 .text          0x00000000080004cc        0x4 /opt/stm32cubeide/plugins/com.st.stm32cube.ide.mcu.externaltools.gnu-tools-for-stm32.11.3.rel1.linux64_1.1.0.202305231506/tools/bin/../lib/gcc/arm-none-eabi/11.3.1/thumb/v7e-m+fp/hard/libgcc.a(_dvmd_tls.o)
                0x00000000080004cc                __aeabi_ldiv0
                0x00000000080004cc                __aeabi_idiv0
 *(.text*)
 .text.adxl_write
                0x00000000080004d0       0x38 ./Core/Src/adxl345.o
                0x00000000080004d0                adxl_write
 .text.adxl_read_values
                0x0000000008000508       0x34 ./Core/Src/adxl345.o
                0x0000000008000508                adxl_read_values
 .text.adxl_read_address
                0x000000000800053c       0x34 ./Core/Src/adxl345.o
                0x000000000800053c                adxl_read_address
 .text.adxl_init
                0x0000000008000570       0x26 ./Core/Src/adxl345.o
                0x0000000008000570                adxl_init
 *fill*         0x0000000008000596        0x2 
 .text.adxl_readx
                0x0000000008000598       0x30 ./Core/Src/adxl345.o
                0x0000000008000598                adxl_readx
 .text.adxl_ready
                0x00000000080005c8       0x30 ./Core/Src/adxl345.o
                0x00000000080005c8                adxl_ready
 .text.adxl_readz
                0x00000000080005f8       0x30 ./Core/Src/adxl345.o
                0x00000000080005f8                adxl_readz
 .text.main     0x0000000008000628       0x64 ./Core/Src/main.o
                0x0000000008000628                main
 .text.SystemClock_Config
                0x000000000800068c       0xdc ./Core/Src/main.o
                0x000000000800068c                SystemClock_Config
 .text.MX_I2C1_Init
                0x0000000008000768       0x5c ./Core/Src/main.o
 .text.MX_SPI1_Init
                0x00000000080007c4       0x6c ./Core/Src/main.o
 .text.MX_TIM2_Init
                0x0000000008000830       0xec ./Core/Src/main.o
 .text.MX_GPIO_Init
                0x000000000800091c       0xc0 ./Core/Src/main.o
 .text.Error_Handler
                0x00000000080009dc        0xa ./Core/Src/main.o
                0x00000000080009dc                Error_Handler
 *fill*         0x00000000080009e6        0x2 
 .text.HAL_MspInit
                0x00000000080009e8       0x50 ./Core/Src/stm32f4xx_hal_msp.o
                0x00000000080009e8                HAL_MspInit
 .text.HAL_I2C_MspInit
                0x0000000008000a38       0x90 ./Core/Src/stm32f4xx_hal_msp.o
                0x0000000008000a38                HAL_I2C_MspInit
 .text.HAL_SPI_MspInit
                0x0000000008000ac8       0x90 ./Core/Src/stm32f4xx_hal_msp.o
                0x0000000008000ac8                HAL_SPI_MspInit
 .text.HAL_TIM_Base_MspInit
                0x0000000008000b58       0x40 ./Core/Src/stm32f4xx_hal_msp.o
                0x0000000008000b58                HAL_TIM_Base_MspInit
 .text.HAL_TIM_MspPostInit
                0x0000000008000b98       0x70 ./Core/Src/stm32f4xx_hal_msp.o
                0x0000000008000b98                HAL_TIM_MspPostInit
 .text.NMI_Handler
                0x0000000008000c08        0x6 ./Core/Src/stm32f4xx_it.o
                0x0000000008000c08                NMI_Handler
 .text.HardFault_Handler
                0x0000000008000c0e        0x6 ./Core/Src/stm32f4xx_it.o
                0x0000000008000c0e                HardFault_Handler
 .text.MemManage_Handler
                0x0000000008000c14        0x6 ./Core/Src/stm32f4xx_it.o
                0x0000000008000c14                MemManage_Handler
 .text.BusFault_Handler
                0x0000000008000c1a        0x6 ./Core/Src/stm32f4xx_it.o
                0x0000000008000c1a                BusFault_Handler
 .text.UsageFault_Handler
                0x0000000008000c20        0x6 ./Core/Src/stm32f4xx_it.o
                0x0000000008000c20                UsageFault_Handler
 .text.SVC_Handler
                0x0000000008000c26        0xe ./Core/Src/stm32f4xx_it.o
                0x0000000008000c26                SVC_Handler
 .text.DebugMon_Handler
                0x0000000008000c34        0xe ./Core/Src/stm32f4xx_it.o
                0x0000000008000c34                DebugMon_Handler
 .text.PendSV_Handler
                0x0000000008000c42        0xe ./Core/Src/stm32f4xx_it.o
                0x0000000008000c42                PendSV_Handler
 .text.SysTick_Handler
                0x0000000008000c50        0xc ./Core/Src/stm32f4xx_it.o
                0x0000000008000c50                SysTick_Handler
 .text.OTG_FS_IRQHandler
                0x0000000008000c5c       0x14 ./Core/Src/stm32f4xx_it.o
                0x0000000008000c5c                OTG_FS_IRQHandler
 .text.SystemInit
                0x0000000008000c70       0x24 ./Core/Src/system_stm32f4xx.o
                0x0000000008000c70                SystemInit
 .text.Reset_Handler
                0x0000000008000c94       0x50 ./Core/Startup/startup_stm32f401cdux.o
                0x0000000008000c94                Reset_Handler
 .text.Default_Handler
                0x0000000008000ce4        0x2 ./Core/Startup/startup_stm32f401cdux.o
                0x0000000008000ce4                RTC_Alarm_IRQHandler
                0x0000000008000ce4                EXTI2_IRQHandler
                0x0000000008000ce4                SPI4_IRQHandler
                0x0000000008000ce4                TIM1_CC_IRQHandler
                0x0000000008000ce4                DMA2_Stream5_IRQHandler
                0x0000000008000ce4                DMA1_Stream5_IRQHandler
                0x0000000008000ce4                PVD_IRQHandler
                0x0000000008000ce4                SDIO_IRQHandler
                0x0000000008000ce4                TAMP_STAMP_IRQHandler
                0x0000000008000ce4                EXTI3_IRQHandler
                0x0000000008000ce4                TIM1_UP_TIM10_IRQHandler
                0x0000000008000ce4                I2C3_ER_IRQHandler
                0x0000000008000ce4                EXTI0_IRQHandler
                0x0000000008000ce4                I2C2_EV_IRQHandler
                0x0000000008000ce4                DMA1_Stream2_IRQHandler
                0x0000000008000ce4                FPU_IRQHandler
                0x0000000008000ce4                DMA2_Stream2_IRQHandler
                0x0000000008000ce4                SPI1_IRQHandler
                0x0000000008000ce4                TIM1_BRK_TIM9_IRQHandler
                0x0000000008000ce4                DMA2_Stream3_IRQHandler
                0x0000000008000ce4                USART6_IRQHandler
                0x0000000008000ce4                DMA2_Stream0_IRQHandler
                0x0000000008000ce4                TIM4_IRQHandler
                0x0000000008000ce4                I2C1_EV_IRQHandler
                0x0000000008000ce4                DMA1_Stream6_IRQHandler
                0x0000000008000ce4                DMA1_Stream1_IRQHandler
                0x0000000008000ce4                TIM3_IRQHandler
                0x0000000008000ce4                RCC_IRQHandler
                0x0000000008000ce4                Default_Handler
                0x0000000008000ce4                EXTI15_10_IRQHandler
                0x0000000008000ce4                ADC_IRQHandler
                0x0000000008000ce4                DMA1_Stream7_IRQHandler
                0x0000000008000ce4                TIM5_IRQHandler
                0x0000000008000ce4                DMA2_Stream7_IRQHandler
                0x0000000008000ce4                I2C3_EV_IRQHandler
                0x0000000008000ce4                EXTI9_5_IRQHandler
                0x0000000008000ce4                RTC_WKUP_IRQHandler
                0x0000000008000ce4                SPI2_IRQHandler
                0x0000000008000ce4                DMA1_Stream0_IRQHandler
                0x0000000008000ce4                EXTI4_IRQHandler
                0x0000000008000ce4                WWDG_IRQHandler
                0x0000000008000ce4                TIM2_IRQHandler
                0x0000000008000ce4                OTG_FS_WKUP_IRQHandler
                0x0000000008000ce4                TIM1_TRG_COM_TIM11_IRQHandler
                0x0000000008000ce4                EXTI1_IRQHandler
                0x0000000008000ce4                USART2_IRQHandler
                0x0000000008000ce4                I2C2_ER_IRQHandler
                0x0000000008000ce4                DMA2_Stream1_IRQHandler
                0x0000000008000ce4                FLASH_IRQHandler
                0x0000000008000ce4                DMA2_Stream4_IRQHandler
                0x0000000008000ce4                USART1_IRQHandler
                0x0000000008000ce4                SPI3_IRQHandler
                0x0000000008000ce4                DMA1_Stream4_IRQHandler
                0x0000000008000ce4                I2C1_ER_IRQHandler
                0x0000000008000ce4                DMA2_Stream6_IRQHandler
                0x0000000008000ce4                DMA1_Stream3_IRQHandler
 *fill*         0x0000000008000ce6        0x2 
 .text.HAL_Init
                0x0000000008000ce8       0x44 ./Drivers/STM32F4xx_HAL_Driver/Src/stm32f4xx_hal.o
                0x0000000008000ce8                HAL_Init
 .text.HAL_InitTick
                0x0000000008000d2c       0x60 ./Drivers/STM32F4xx_HAL_Driver/Src/stm32f4xx_hal.o
                0x0000000008000d2c                HAL_InitTick
 .text.HAL_IncTick
                0x0000000008000d8c       0x28 ./Drivers/STM32F4xx_HAL_Driver/Src/stm32f4xx_hal.o
                0x0000000008000d8c                HAL_IncTick
 .text.HAL_GetTick
                0x0000000008000db4       0x18 ./Drivers/STM32F4xx_HAL_Driver/Src/stm32f4xx_hal.o
                0x0000000008000db4                HAL_GetTick
 .text.HAL_Delay
                0x0000000008000dcc       0x48 ./Drivers/STM32F4xx_HAL_Driver/Src/stm32f4xx_hal.o
                0x0000000008000dcc                HAL_Delay
 .text.__NVIC_SetPriorityGrouping
                0x0000000008000e14       0x48 ./Drivers/STM32F4xx_HAL_Driver/Src/stm32f4xx_hal_cortex.o
 .text.__NVIC_GetPriorityGrouping
                0x0000000008000e5c       0x1c ./Drivers/STM32F4xx_HAL_Driver/Src/stm32f4xx_hal_cortex.o
 .text.__NVIC_EnableIRQ
                0x0000000008000e78       0x3c ./Drivers/STM32F4xx_HAL_Driver/Src/stm32f4xx_hal_cortex.o
 .text.__NVIC_SetPriority
                0x0000000008000eb4       0x54 ./Drivers/STM32F4xx_HAL_Driver/Src/stm32f4xx_hal_cortex.o
 .text.NVIC_EncodePriority
                0x0000000008000f08       0x66 ./Drivers/STM32F4xx_HAL_Driver/Src/stm32f4xx_hal_cortex.o
 *fill*         0x0000000008000f6e        0x2 
 .text.SysTick_Config
                0x0000000008000f70       0x44 ./Drivers/STM32F4xx_HAL_Driver/Src/stm32f4xx_hal_cortex.o
 .text.HAL_NVIC_SetPriorityGrouping
                0x0000000008000fb4       0x16 ./Drivers/STM32F4xx_HAL_Driver/Src/stm32f4xx_hal_cortex.o
                0x0000000008000fb4                HAL_NVIC_SetPriorityGrouping
 .text.HAL_NVIC_SetPriority
                0x0000000008000fca       0x38 ./Drivers/STM32F4xx_HAL_Driver/Src/stm32f4xx_hal_cortex.o
                0x0000000008000fca                HAL_NVIC_SetPriority
 .text.HAL_NVIC_EnableIRQ
                0x0000000008001002       0x1c ./Drivers/STM32F4xx_HAL_Driver/Src/stm32f4xx_hal_cortex.o
                0x0000000008001002                HAL_NVIC_EnableIRQ
 .text.HAL_SYSTICK_Config
                0x000000000800101e       0x18 ./Drivers/STM32F4xx_HAL_Driver/Src/stm32f4xx_hal_cortex.o
                0x000000000800101e                HAL_SYSTICK_Config
 *fill*         0x0000000008001036        0x2 
 .text.HAL_GPIO_Init
                0x0000000008001038      0x308 ./Drivers/STM32F4xx_HAL_Driver/Src/stm32f4xx_hal_gpio.o
                0x0000000008001038                HAL_GPIO_Init
 .text.HAL_GPIO_WritePin
                0x0000000008001340       0x32 ./Drivers/STM32F4xx_HAL_Driver/Src/stm32f4xx_hal_gpio.o
                0x0000000008001340                HAL_GPIO_WritePin
 *fill*         0x0000000008001372        0x2 
 .text.HAL_I2C_Init
                0x0000000008001374      0x288 ./Drivers/STM32F4xx_HAL_Driver/Src/stm32f4xx_hal_i2c.o
                0x0000000008001374                HAL_I2C_Init
 .text.HAL_I2C_Master_Transmit
                0x00000000080015fc      0x1fc ./Drivers/STM32F4xx_HAL_Driver/Src/stm32f4xx_hal_i2c.o
                0x00000000080015fc                HAL_I2C_Master_Transmit
 .text.HAL_I2C_Mem_Read
                0x00000000080017f8      0x44c ./Drivers/STM32F4xx_HAL_Driver/Src/stm32f4xx_hal_i2c.o
                0x00000000080017f8                HAL_I2C_Mem_Read
 .text.I2C_MasterRequestWrite
                0x0000000008001c44      0x104 ./Drivers/STM32F4xx_HAL_Driver/Src/stm32f4xx_hal_i2c.o
 .text.I2C_RequestMemoryRead
                0x0000000008001d48      0x1d0 ./Drivers/STM32F4xx_HAL_Driver/Src/stm32f4xx_hal_i2c.o
 .text.I2C_WaitOnFlagUntilTimeout
                0x0000000008001f18       0xae ./Drivers/STM32F4xx_HAL_Driver/Src/stm32f4xx_hal_i2c.o
 .text.I2C_WaitOnMasterAddressFlagUntilTimeout
                0x0000000008001fc6       0xfe ./Drivers/STM32F4xx_HAL_Driver/Src/stm32f4xx_hal_i2c.o
 .text.I2C_WaitOnTXEFlagUntilTimeout
                0x00000000080020c4       0x82 ./Drivers/STM32F4xx_HAL_Driver/Src/stm32f4xx_hal_i2c.o
 .text.I2C_WaitOnBTFFlagUntilTimeout
                0x0000000008002146       0x82 ./Drivers/STM32F4xx_HAL_Driver/Src/stm32f4xx_hal_i2c.o
 .text.I2C_WaitOnRXNEFlagUntilTimeout
                0x00000000080021c8       0xac ./Drivers/STM32F4xx_HAL_Driver/Src/stm32f4xx_hal_i2c.o
 .text.I2C_IsAcknowledgeFailed
                0x0000000008002274       0x5e ./Drivers/STM32F4xx_HAL_Driver/Src/stm32f4xx_hal_i2c.o
 .text.HAL_PCD_Init
                0x00000000080022d2      0x23a ./Drivers/STM32F4xx_HAL_Driver/Src/stm32f4xx_hal_pcd.o
                0x00000000080022d2                HAL_PCD_Init
 .text.HAL_PCD_Start
                0x000000000800250c       0x66 ./Drivers/STM32F4xx_HAL_Driver/Src/stm32f4xx_hal_pcd.o
                0x000000000800250c                HAL_PCD_Start
 .text.HAL_PCD_IRQHandler
                0x0000000008002572      0x93e ./Drivers/STM32F4xx_HAL_Driver/Src/stm32f4xx_hal_pcd.o
                0x0000000008002572                HAL_PCD_IRQHandler
 .text.HAL_PCD_SetAddress
                0x0000000008002eb0       0x4a ./Drivers/STM32F4xx_HAL_Driver/Src/stm32f4xx_hal_pcd.o
                0x0000000008002eb0                HAL_PCD_SetAddress
 .text.HAL_PCD_EP_Open
                0x0000000008002efa       0xd0 ./Drivers/STM32F4xx_HAL_Driver/Src/stm32f4xx_hal_pcd.o
                0x0000000008002efa                HAL_PCD_EP_Open
 .text.HAL_PCD_EP_Close
                0x0000000008002fca       0x94 ./Drivers/STM32F4xx_HAL_Driver/Src/stm32f4xx_hal_pcd.o
                0x0000000008002fca                HAL_PCD_EP_Close
 .text.HAL_PCD_EP_Receive
                0x000000000800305e       0x96 ./Drivers/STM32F4xx_HAL_Driver/Src/stm32f4xx_hal_pcd.o
                0x000000000800305e                HAL_PCD_EP_Receive
 .text.HAL_PCD_EP_GetRxCount
                0x00000000080030f4       0x30 ./Drivers/STM32F4xx_HAL_Driver/Src/stm32f4xx_hal_pcd.o
                0x00000000080030f4                HAL_PCD_EP_GetRxCount
 .text.HAL_PCD_EP_Transmit
                0x0000000008003124       0x94 ./Drivers/STM32F4xx_HAL_Driver/Src/stm32f4xx_hal_pcd.o
                0x0000000008003124                HAL_PCD_EP_Transmit
 .text.HAL_PCD_EP_SetStall
                0x00000000080031b8       0xc8 ./Drivers/STM32F4xx_HAL_Driver/Src/stm32f4xx_hal_pcd.o
                0x00000000080031b8                HAL_PCD_EP_SetStall
 .text.HAL_PCD_EP_ClrStall
                0x0000000008003280       0xac ./Drivers/STM32F4xx_HAL_Driver/Src/stm32f4xx_hal_pcd.o
                0x0000000008003280                HAL_PCD_EP_ClrStall
 .text.HAL_PCD_EP_Abort
                0x000000000800332c       0x62 ./Drivers/STM32F4xx_HAL_Driver/Src/stm32f4xx_hal_pcd.o
                0x000000000800332c                HAL_PCD_EP_Abort
 .text.PCD_WriteEmptyTxFifo
                0x000000000800338e      0x11a ./Drivers/STM32F4xx_HAL_Driver/Src/stm32f4xx_hal_pcd.o
 .text.PCD_EP_OutXfrComplete_int
                0x00000000080034a8      0x1d0 ./Drivers/STM32F4xx_HAL_Driver/Src/stm32f4xx_hal_pcd.o
 .text.PCD_EP_OutSetupPacket_int
                0x0000000008003678       0x8c ./Drivers/STM32F4xx_HAL_Driver/Src/stm32f4xx_hal_pcd.o
 .text.HAL_PCDEx_SetTxFiFo
                0x0000000008003704       0x8e ./Drivers/STM32F4xx_HAL_Driver/Src/stm32f4xx_hal_pcd_ex.o
                0x0000000008003704                HAL_PCDEx_SetTxFiFo
 .text.HAL_PCDEx_SetRxFiFo
                0x0000000008003792       0x22 ./Drivers/STM32F4xx_HAL_Driver/Src/stm32f4xx_hal_pcd_ex.o
                0x0000000008003792                HAL_PCDEx_SetRxFiFo
 .text.HAL_PCDEx_LPM_Callback
                0x00000000080037b4       0x18 ./Drivers/STM32F4xx_HAL_Driver/Src/stm32f4xx_hal_pcd_ex.o
                0x00000000080037b4                HAL_PCDEx_LPM_Callback
 .text.HAL_RCC_OscConfig
                0x00000000080037cc      0x4f0 ./Drivers/STM32F4xx_HAL_Driver/Src/stm32f4xx_hal_rcc.o
                0x00000000080037cc                HAL_RCC_OscConfig
 .text.HAL_RCC_ClockConfig
                0x0000000008003cbc      0x1cc ./Drivers/STM32F4xx_HAL_Driver/Src/stm32f4xx_hal_rcc.o
                0x0000000008003cbc                HAL_RCC_ClockConfig
 .text.HAL_RCC_GetSysClockFreq
                0x0000000008003e88      0x18c ./Drivers/STM32F4xx_HAL_Driver/Src/stm32f4xx_hal_rcc.o
                0x0000000008003e88                HAL_RCC_GetSysClockFreq
 .text.HAL_RCC_GetHCLKFreq
                0x0000000008004014       0x18 ./Drivers/STM32F4xx_HAL_Driver/Src/stm32f4xx_hal_rcc.o
                0x0000000008004014                HAL_RCC_GetHCLKFreq
 .text.HAL_RCC_GetPCLK1Freq
                0x000000000800402c       0x28 ./Drivers/STM32F4xx_HAL_Driver/Src/stm32f4xx_hal_rcc.o
                0x000000000800402c                HAL_RCC_GetPCLK1Freq
 .text.HAL_SPI_Init
                0x0000000008004054      0x112 ./Drivers/STM32F4xx_HAL_Driver/Src/stm32f4xx_hal_spi.o
                0x0000000008004054                HAL_SPI_Init
 .text.HAL_TIM_Base_Init
                0x0000000008004166       0x9e ./Drivers/STM32F4xx_HAL_Driver/Src/stm32f4xx_hal_tim.o
                0x0000000008004166                HAL_TIM_Base_Init
 .text.HAL_TIM_Base_Start
                0x0000000008004204       0xb4 ./Drivers/STM32F4xx_HAL_Driver/Src/stm32f4xx_hal_tim.o
                0x0000000008004204                HAL_TIM_Base_Start
 .text.HAL_TIM_PWM_Init
                0x00000000080042b8       0x9e ./Drivers/STM32F4xx_HAL_Driver/Src/stm32f4xx_hal_tim.o
                0x00000000080042b8                HAL_TIM_PWM_Init
 .text.HAL_TIM_PWM_MspInit
                0x0000000008004356       0x14 ./Drivers/STM32F4xx_HAL_Driver/Src/stm32f4xx_hal_tim.o
                0x0000000008004356                HAL_TIM_PWM_MspInit
 *fill*         0x000000000800436a        0x2 
 .text.HAL_TIM_PWM_ConfigChannel
                0x000000000800436c      0x184 ./Drivers/STM32F4xx_HAL_Driver/Src/stm32f4xx_hal_tim.o
                0x000000000800436c                HAL_TIM_PWM_ConfigChannel
 .text.HAL_TIM_ConfigClockSource
                0x00000000080044f0      0x18e ./Drivers/STM32F4xx_HAL_Driver/Src/stm32f4xx_hal_tim.o
                0x00000000080044f0                HAL_TIM_ConfigClockSource
 *fill*         0x000000000800467e        0x2 
 .text.TIM_Base_SetConfig
                0x0000000008004680      0x100 ./Drivers/STM32F4xx_HAL_Driver/Src/stm32f4xx_hal_tim.o
                0x0000000008004680                TIM_Base_SetConfig
 .text.TIM_OC1_SetConfig
                0x0000000008004780       0xcc ./Drivers/STM32F4xx_HAL_Driver/Src/stm32f4xx_hal_tim.o
 .text.TIM_OC2_SetConfig
                0x000000000800484c       0xd8 ./Drivers/STM32F4xx_HAL_Driver/Src/stm32f4xx_hal_tim.o
                0x000000000800484c                TIM_OC2_SetConfig
 .text.TIM_OC3_SetConfig
                0x0000000008004924       0xd4 ./Drivers/STM32F4xx_HAL_Driver/Src/stm32f4xx_hal_tim.o
 .text.TIM_OC4_SetConfig
                0x00000000080049f8       0xa0 ./Drivers/STM32F4xx_HAL_Driver/Src/stm32f4xx_hal_tim.o
 .text.TIM_TI1_ConfigInputStage
                0x0000000008004a98       0x5e ./Drivers/STM32F4xx_HAL_Driver/Src/stm32f4xx_hal_tim.o
 .text.TIM_TI2_ConfigInputStage
                0x0000000008004af6       0x60 ./Drivers/STM32F4xx_HAL_Driver/Src/stm32f4xx_hal_tim.o
 .text.TIM_ITRx_SetConfig
                0x0000000008004b56       0x36 ./Drivers/STM32F4xx_HAL_Driver/Src/stm32f4xx_hal_tim.o
 .text.TIM_ETR_SetConfig
                0x0000000008004b8c       0x40 ./Drivers/STM32F4xx_HAL_Driver/Src/stm32f4xx_hal_tim.o
                0x0000000008004b8c                TIM_ETR_SetConfig
 .text.HAL_TIMEx_MasterConfigSynchronization
                0x0000000008004bcc       0xdc ./Drivers/STM32F4xx_HAL_Driver/Src/stm32f4xx_hal_tim_ex.o
                0x0000000008004bcc                HAL_TIMEx_MasterConfigSynchronization
 .text.USB_CoreInit
                0x0000000008004ca8       0xc2 ./Drivers/STM32F4xx_HAL_Driver/Src/stm32f4xx_ll_usb.o
                0x0000000008004ca8                USB_CoreInit
 *fill*         0x0000000008004d6a        0x2 
 .text.USB_SetTurnaroundTime
                0x0000000008004d6c      0x144 ./Drivers/STM32F4xx_HAL_Driver/Src/stm32f4xx_ll_usb.o
                0x0000000008004d6c                USB_SetTurnaroundTime
 .text.USB_EnableGlobalInt
                0x0000000008004eb0       0x22 ./Drivers/STM32F4xx_HAL_Driver/Src/stm32f4xx_ll_usb.o
                0x0000000008004eb0                USB_EnableGlobalInt
 .text.USB_DisableGlobalInt
                0x0000000008004ed2       0x22 ./Drivers/STM32F4xx_HAL_Driver/Src/stm32f4xx_ll_usb.o
                0x0000000008004ed2                USB_DisableGlobalInt
 .text.USB_SetCurrentMode
                0x0000000008004ef4       0x98 ./Drivers/STM32F4xx_HAL_Driver/Src/stm32f4xx_ll_usb.o
                0x0000000008004ef4                USB_SetCurrentMode
 .text.USB_DevInit
                0x0000000008004f8c      0x2c8 ./Drivers/STM32F4xx_HAL_Driver/Src/stm32f4xx_ll_usb.o
                0x0000000008004f8c                USB_DevInit
 .text.USB_FlushTxFifo
                0x0000000008005254       0x68 ./Drivers/STM32F4xx_HAL_Driver/Src/stm32f4xx_ll_usb.o
                0x0000000008005254                USB_FlushTxFifo
 .text.USB_FlushRxFifo
                0x00000000080052bc       0x60 ./Drivers/STM32F4xx_HAL_Driver/Src/stm32f4xx_ll_usb.o
                0x00000000080052bc                USB_FlushRxFifo
 .text.USB_SetDevSpeed
                0x000000000800531c       0x32 ./Drivers/STM32F4xx_HAL_Driver/Src/stm32f4xx_ll_usb.o
                0x000000000800531c                USB_SetDevSpeed
 .text.USB_GetDevSpeed
                0x000000000800534e       0x4a ./Drivers/STM32F4xx_HAL_Driver/Src/stm32f4xx_ll_usb.o
                0x000000000800534e                USB_GetDevSpeed
 .text.USB_ActivateEndpoint
                0x0000000008005398      0x10e ./Drivers/STM32F4xx_HAL_Driver/Src/stm32f4xx_ll_usb.o
                0x0000000008005398                USB_ActivateEndpoint
 *fill*         0x00000000080054a6        0x2 
 .text.USB_DeactivateEndpoint
                0x00000000080054a8      0x1b8 ./Drivers/STM32F4xx_HAL_Driver/Src/stm32f4xx_ll_usb.o
                0x00000000080054a8                USB_DeactivateEndpoint
 .text.USB_EPStartXfer
                0x0000000008005660      0x490 ./Drivers/STM32F4xx_HAL_Driver/Src/stm32f4xx_ll_usb.o
                0x0000000008005660                USB_EPStartXfer
 .text.USB_EP0StartXfer
                0x0000000008005af0      0x2b0 ./Drivers/STM32F4xx_HAL_Driver/Src/stm32f4xx_ll_usb.o
                0x0000000008005af0                USB_EP0StartXfer
 .text.USB_EPStopXfer
                0x0000000008005da0      0x154 ./Drivers/STM32F4xx_HAL_Driver/Src/stm32f4xx_ll_usb.o
                0x0000000008005da0                USB_EPStopXfer
 .text.USB_WritePacket
                0x0000000008005ef4       0x7c ./Drivers/STM32F4xx_HAL_Driver/Src/stm32f4xx_ll_usb.o
                0x0000000008005ef4                USB_WritePacket
 .text.USB_ReadPacket
                0x0000000008005f70       0xb0 ./Drivers/STM32F4xx_HAL_Driver/Src/stm32f4xx_ll_usb.o
                0x0000000008005f70                USB_ReadPacket
 .text.USB_EPSetStall
                0x0000000008006020       0xdc ./Drivers/STM32F4xx_HAL_Driver/Src/stm32f4xx_ll_usb.o
                0x0000000008006020                USB_EPSetStall
 .text.USB_EPClearStall
                0x00000000080060fc       0xcc ./Drivers/STM32F4xx_HAL_Driver/Src/stm32f4xx_ll_usb.o
                0x00000000080060fc                USB_EPClearStall
 .text.USB_SetDevAddress
                0x00000000080061c8       0x4c ./Drivers/STM32F4xx_HAL_Driver/Src/stm32f4xx_ll_usb.o
                0x00000000080061c8                USB_SetDevAddress
 .text.USB_DevConnect
                0x0000000008006214       0x42 ./Drivers/STM32F4xx_HAL_Driver/Src/stm32f4xx_ll_usb.o
                0x0000000008006214                USB_DevConnect
 .text.USB_DevDisconnect
                0x0000000008006256       0x42 ./Drivers/STM32F4xx_HAL_Driver/Src/stm32f4xx_ll_usb.o
                0x0000000008006256                USB_DevDisconnect
 .text.USB_ReadInterrupts
                0x0000000008006298       0x26 ./Drivers/STM32F4xx_HAL_Driver/Src/stm32f4xx_ll_usb.o
                0x0000000008006298                USB_ReadInterrupts
 .text.USB_ReadDevAllOutEpInterrupt
                0x00000000080062be       0x34 ./Drivers/STM32F4xx_HAL_Driver/Src/stm32f4xx_ll_usb.o
                0x00000000080062be                USB_ReadDevAllOutEpInterrupt
 .text.USB_ReadDevAllInEpInterrupt
                0x00000000080062f2       0x34 ./Drivers/STM32F4xx_HAL_Driver/Src/stm32f4xx_ll_usb.o
                0x00000000080062f2                USB_ReadDevAllInEpInterrupt
 .text.USB_ReadDevOutEPInterrupt
                0x0000000008006326       0x3c ./Drivers/STM32F4xx_HAL_Driver/Src/stm32f4xx_ll_usb.o
                0x0000000008006326                USB_ReadDevOutEPInterrupt
 .text.USB_ReadDevInEPInterrupt
                0x0000000008006362       0x5c ./Drivers/STM32F4xx_HAL_Driver/Src/stm32f4xx_ll_usb.o
                0x0000000008006362                USB_ReadDevInEPInterrupt
 .text.USB_GetMode
                0x00000000080063be       0x1c ./Drivers/STM32F4xx_HAL_Driver/Src/stm32f4xx_ll_usb.o
                0x00000000080063be                USB_GetMode
 .text.USB_ActivateSetup
                0x00000000080063da       0x46 ./Drivers/STM32F4xx_HAL_Driver/Src/stm32f4xx_ll_usb.o
                0x00000000080063da                USB_ActivateSetup
 .text.USB_EP0_OutStart
                0x0000000008006420       0xbc ./Drivers/STM32F4xx_HAL_Driver/Src/stm32f4xx_ll_usb.o
                0x0000000008006420                USB_EP0_OutStart
 .text.USB_CoreReset
                0x00000000080064dc       0x68 ./Drivers/STM32F4xx_HAL_Driver/Src/stm32f4xx_ll_usb.o
 .text.USBD_CDC_Init
                0x0000000008006544      0x1f0 ./Middlewares/ST/STM32_USB_Device_Library/Class/CDC/Src/usbd_cdc.o
 .text.USBD_CDC_DeInit
                0x0000000008006734      0x104 ./Middlewares/ST/STM32_USB_Device_Library/Class/CDC/Src/usbd_cdc.o
 .text.USBD_CDC_Setup
                0x0000000008006838      0x1b8 ./Middlewares/ST/STM32_USB_Device_Library/Class/CDC/Src/usbd_cdc.o
 .text.USBD_CDC_DataIn
                0x00000000080069f0       0xfe ./Middlewares/ST/STM32_USB_Device_Library/Class/CDC/Src/usbd_cdc.o
 .text.USBD_CDC_DataOut
                0x0000000008006aee       0x70 ./Middlewares/ST/STM32_USB_Device_Library/Class/CDC/Src/usbd_cdc.o
 .text.USBD_CDC_EP0_RxReady
                0x0000000008006b5e       0x76 ./Middlewares/ST/STM32_USB_Device_Library/Class/CDC/Src/usbd_cdc.o
 .text.USBD_CDC_GetFSCfgDesc
                0x0000000008006bd4       0x70 ./Middlewares/ST/STM32_USB_Device_Library/Class/CDC/Src/usbd_cdc.o
 .text.USBD_CDC_GetHSCfgDesc
                0x0000000008006c44       0x70 ./Middlewares/ST/STM32_USB_Device_Library/Class/CDC/Src/usbd_cdc.o
 .text.USBD_CDC_GetOtherSpeedCfgDesc
                0x0000000008006cb4       0x70 ./Middlewares/ST/STM32_USB_Device_Library/Class/CDC/Src/usbd_cdc.o
 .text.USBD_CDC_GetDeviceQualifierDescriptor
                0x0000000008006d24       0x20 ./Middlewares/ST/STM32_USB_Device_Library/Class/CDC/Src/usbd_cdc.o
                0x0000000008006d24                USBD_CDC_GetDeviceQualifierDescriptor
 .text.USBD_CDC_RegisterInterface
                0x0000000008006d44       0x34 ./Middlewares/ST/STM32_USB_Device_Library/Class/CDC/Src/usbd_cdc.o
                0x0000000008006d44                USBD_CDC_RegisterInterface
 .text.USBD_CDC_SetTxBuffer
                0x0000000008006d78       0x44 ./Middlewares/ST/STM32_USB_Device_Library/Class/CDC/Src/usbd_cdc.o
                0x0000000008006d78                USBD_CDC_SetTxBuffer
 .text.USBD_CDC_SetRxBuffer
                0x0000000008006dbc       0x3a ./Middlewares/ST/STM32_USB_Device_Library/Class/CDC/Src/usbd_cdc.o
                0x0000000008006dbc                USBD_CDC_SetRxBuffer
 *fill*         0x0000000008006df6        0x2 
 .text.USBD_CDC_TransmitPacket
                0x0000000008006df8       0x8c ./Middlewares/ST/STM32_USB_Device_Library/Class/CDC/Src/usbd_cdc.o
                0x0000000008006df8                USBD_CDC_TransmitPacket
 .text.USBD_CDC_ReceivePacket
                0x0000000008006e84       0x6c ./Middlewares/ST/STM32_USB_Device_Library/Class/CDC/Src/usbd_cdc.o
                0x0000000008006e84                USBD_CDC_ReceivePacket
 .text.USBD_Init
                0x0000000008006ef0       0x60 ./Middlewares/ST/STM32_USB_Device_Library/Core/Src/usbd_core.o
                0x0000000008006ef0                USBD_Init
 .text.USBD_RegisterClass
                0x0000000008006f50       0x6c ./Middlewares/ST/STM32_USB_Device_Library/Core/Src/usbd_core.o
                0x0000000008006f50                USBD_RegisterClass
 .text.USBD_Start
                0x0000000008006fbc       0x18 ./Middlewares/ST/STM32_USB_Device_Library/Core/Src/usbd_core.o
                0x0000000008006fbc                USBD_Start
 .text.USBD_RunTestMode
                0x0000000008006fd4       0x16 ./Middlewares/ST/STM32_USB_Device_Library/Core/Src/usbd_core.o
                0x0000000008006fd4                USBD_RunTestMode
 .text.USBD_SetClassConfig
                0x0000000008006fea       0x38 ./Middlewares/ST/STM32_USB_Device_Library/Core/Src/usbd_core.o
                0x0000000008006fea                USBD_SetClassConfig
 .text.USBD_ClrClassConfig
                0x0000000008007022       0x34 ./Middlewares/ST/STM32_USB_Device_Library/Core/Src/usbd_core.o
                0x0000000008007022                USBD_ClrClassConfig
 .text.USBD_LL_SetupStage
                0x0000000008007056       0xaa ./Middlewares/ST/STM32_USB_Device_Library/Core/Src/usbd_core.o
                0x0000000008007056                USBD_LL_SetupStage
 .text.USBD_LL_DataOutStage
                0x0000000008007100      0x166 ./Middlewares/ST/STM32_USB_Device_Library/Core/Src/usbd_core.o
                0x0000000008007100                USBD_LL_DataOutStage
 .text.USBD_LL_DataInStage
                0x0000000008007266      0x164 ./Middlewares/ST/STM32_USB_Device_Library/Core/Src/usbd_core.o
                0x0000000008007266                USBD_LL_DataInStage
 .text.USBD_LL_Reset
                0x00000000080073ca       0xa4 ./Middlewares/ST/STM32_USB_Device_Library/Core/Src/usbd_core.o
                0x00000000080073ca                USBD_LL_Reset
 .text.USBD_LL_SetSpeed
                0x000000000800746e       0x20 ./Middlewares/ST/STM32_USB_Device_Library/Core/Src/usbd_core.o
                0x000000000800746e                USBD_LL_SetSpeed
 .text.USBD_LL_Suspend
                0x000000000800748e       0x2c ./Middlewares/ST/STM32_USB_Device_Library/Core/Src/usbd_core.o
                0x000000000800748e                USBD_LL_Suspend
 .text.USBD_LL_Resume
                0x00000000080074ba       0x30 ./Middlewares/ST/STM32_USB_Device_Library/Core/Src/usbd_core.o
                0x00000000080074ba                USBD_LL_Resume
 .text.USBD_LL_SOF
                0x00000000080074ea       0x40 ./Middlewares/ST/STM32_USB_Device_Library/Core/Src/usbd_core.o
                0x00000000080074ea                USBD_LL_SOF
 .text.USBD_LL_IsoINIncomplete
                0x000000000800752a       0x64 ./Middlewares/ST/STM32_USB_Device_Library/Core/Src/usbd_core.o
                0x000000000800752a                USBD_LL_IsoINIncomplete
 .text.USBD_LL_IsoOUTIncomplete
                0x000000000800758e       0x64 ./Middlewares/ST/STM32_USB_Device_Library/Core/Src/usbd_core.o
                0x000000000800758e                USBD_LL_IsoOUTIncomplete
 .text.USBD_LL_DevConnected
                0x00000000080075f2       0x16 ./Middlewares/ST/STM32_USB_Device_Library/Core/Src/usbd_core.o
                0x00000000080075f2                USBD_LL_DevConnected
 .text.USBD_LL_DevDisconnected
                0x0000000008007608       0x46 ./Middlewares/ST/STM32_USB_Device_Library/Core/Src/usbd_core.o
                0x0000000008007608                USBD_LL_DevDisconnected
 .text.USBD_CoreFindIF
                0x000000000800764e       0x1a ./Middlewares/ST/STM32_USB_Device_Library/Core/Src/usbd_core.o
                0x000000000800764e                USBD_CoreFindIF
 .text.USBD_CoreFindEP
                0x0000000008007668       0x1a ./Middlewares/ST/STM32_USB_Device_Library/Core/Src/usbd_core.o
                0x0000000008007668                USBD_CoreFindEP
 .text.USBD_GetEpDesc
                0x0000000008007682       0x74 ./Middlewares/ST/STM32_USB_Device_Library/Core/Src/usbd_core.o
                0x0000000008007682                USBD_GetEpDesc
 .text.USBD_GetNextDesc
                0x00000000080076f6       0x3a ./Middlewares/ST/STM32_USB_Device_Library/Core/Src/usbd_core.o
                0x00000000080076f6                USBD_GetNextDesc
 .text.SWAPBYTE
                0x0000000008007730       0x3c ./Middlewares/ST/STM32_USB_Device_Library/Core/Src/usbd_ctlreq.o
 .text.USBD_StdDevReq
                0x000000000800776c       0xe4 ./Middlewares/ST/STM32_USB_Device_Library/Core/Src/usbd_ctlreq.o
                0x000000000800776c                USBD_StdDevReq
 .text.USBD_StdItfReq
                0x0000000008007850       0xd8 ./Middlewares/ST/STM32_USB_Device_Library/Core/Src/usbd_ctlreq.o
                0x0000000008007850                USBD_StdItfReq
 .text.USBD_StdEPReq
                0x0000000008007928      0x33a ./Middlewares/ST/STM32_USB_Device_Library/Core/Src/usbd_ctlreq.o
                0x0000000008007928                USBD_StdEPReq
 *fill*         0x0000000008007c62        0x2 
 .text.USBD_GetDescriptor
                0x0000000008007c64      0x2d4 ./Middlewares/ST/STM32_USB_Device_Library/Core/Src/usbd_ctlreq.o
 .text.USBD_SetAddress
                0x0000000008007f38       0x88 ./Middlewares/ST/STM32_USB_Device_Library/Core/Src/usbd_ctlreq.o
 .text.USBD_SetConfig
                0x0000000008007fc0      0x154 ./Middlewares/ST/STM32_USB_Device_Library/Core/Src/usbd_ctlreq.o
 .text.USBD_GetConfig
                0x0000000008008114       0x6c ./Middlewares/ST/STM32_USB_Device_Library/Core/Src/usbd_ctlreq.o
 .text.USBD_GetStatus
                0x0000000008008180       0x68 ./Middlewares/ST/STM32_USB_Device_Library/Core/Src/usbd_ctlreq.o
 .text.USBD_SetFeature
                0x00000000080081e8       0x52 ./Middlewares/ST/STM32_USB_Device_Library/Core/Src/usbd_ctlreq.o
 .text.USBD_ClrFeature
                0x000000000800823a       0x44 ./Middlewares/ST/STM32_USB_Device_Library/Core/Src/usbd_ctlreq.o
 .text.USBD_ParseSetupRequest
                0x000000000800827e       0x74 ./Middlewares/ST/STM32_USB_Device_Library/Core/Src/usbd_ctlreq.o
                0x000000000800827e                USBD_ParseSetupRequest
 .text.USBD_CtlError
                0x00000000080082f2       0x22 ./Middlewares/ST/STM32_USB_Device_Library/Core/Src/usbd_ctlreq.o
                0x00000000080082f2                USBD_CtlError
 .text.USBD_GetString
                0x0000000008008314       0x8c ./Middlewares/ST/STM32_USB_Device_Library/Core/Src/usbd_ctlreq.o
                0x0000000008008314                USBD_GetString
 .text.USBD_GetLen
                0x00000000080083a0       0x34 ./Middlewares/ST/STM32_USB_Device_Library/Core/Src/usbd_ctlreq.o
 .text.USBD_CtlSendData
                0x00000000080083d4       0x36 ./Middlewares/ST/STM32_USB_Device_Library/Core/Src/usbd_ioreq.o
                0x00000000080083d4                USBD_CtlSendData
 .text.USBD_CtlContinueSendData
                0x000000000800840a       0x22 ./Middlewares/ST/STM32_USB_Device_Library/Core/Src/usbd_ioreq.o
                0x000000000800840a                USBD_CtlContinueSendData
 .text.USBD_CtlPrepareRx
                0x000000000800842c       0x3a ./Middlewares/ST/STM32_USB_Device_Library/Core/Src/usbd_ioreq.o
                0x000000000800842c                USBD_CtlPrepareRx
 .text.USBD_CtlContinueRx
                0x0000000008008466       0x22 ./Middlewares/ST/STM32_USB_Device_Library/Core/Src/usbd_ioreq.o
                0x0000000008008466                USBD_CtlContinueRx
 .text.USBD_CtlSendStatus
                0x0000000008008488       0x26 ./Middlewares/ST/STM32_USB_Device_Library/Core/Src/usbd_ioreq.o
                0x0000000008008488                USBD_CtlSendStatus
 .text.USBD_CtlReceiveStatus
                0x00000000080084ae       0x26 ./Middlewares/ST/STM32_USB_Device_Library/Core/Src/usbd_ioreq.o
                0x00000000080084ae                USBD_CtlReceiveStatus
 .text.MX_USB_DEVICE_Init
                0x00000000080084d4       0x60 ./USB_DEVICE/App/usb_device.o
                0x00000000080084d4                MX_USB_DEVICE_Init
 .text.CDC_Init_FS
                0x0000000008008534       0x28 ./USB_DEVICE/App/usbd_cdc_if.o
 .text.CDC_DeInit_FS
                0x000000000800855c       0x10 ./USB_DEVICE/App/usbd_cdc_if.o
 .text.CDC_Control_FS
                0x000000000800856c       0xbc ./USB_DEVICE/App/usbd_cdc_if.o
 .text.CDC_Receive_FS
                0x0000000008008628       0x28 ./USB_DEVICE/App/usbd_cdc_if.o
 .text.CDC_Transmit_FS
                0x0000000008008650       0x4c ./USB_DEVICE/App/usbd_cdc_if.o
                0x0000000008008650                CDC_Transmit_FS
 .text.CDC_TransmitCplt_FS
                0x000000000800869c       0x22 ./USB_DEVICE/App/usbd_cdc_if.o
 *fill*         0x00000000080086be        0x2 
 .text.USBD_FS_DeviceDescriptor
                0x00000000080086c0       0x24 ./USB_DEVICE/App/usbd_desc.o
                0x00000000080086c0                USBD_FS_DeviceDescriptor
 .text.USBD_FS_LangIDStrDescriptor
                0x00000000080086e4       0x24 ./USB_DEVICE/App/usbd_desc.o
                0x00000000080086e4                USBD_FS_LangIDStrDescriptor
 .text.USBD_FS_ProductStrDescriptor
                0x0000000008008708       0x3c ./USB_DEVICE/App/usbd_desc.o
                0x0000000008008708                USBD_FS_ProductStrDescriptor
 .text.USBD_FS_ManufacturerStrDescriptor
                0x0000000008008744       0x28 ./USB_DEVICE/App/usbd_desc.o
                0x0000000008008744                USBD_FS_ManufacturerStrDescriptor
 .text.USBD_FS_SerialStrDescriptor
                0x000000000800876c       0x24 ./USB_DEVICE/App/usbd_desc.o
                0x000000000800876c                USBD_FS_SerialStrDescriptor
 .text.USBD_FS_ConfigStrDescriptor
                0x0000000008008790       0x3c ./USB_DEVICE/App/usbd_desc.o
                0x0000000008008790                USBD_FS_ConfigStrDescriptor
 .text.USBD_FS_InterfaceStrDescriptor
                0x00000000080087cc       0x3c ./USB_DEVICE/App/usbd_desc.o
                0x00000000080087cc                USBD_FS_InterfaceStrDescriptor
 .text.Get_SerialNum
                0x0000000008008808       0x58 ./USB_DEVICE/App/usbd_desc.o
 .text.IntToUnicode
                0x0000000008008860       0x7e ./USB_DEVICE/App/usbd_desc.o
 *fill*         0x00000000080088de        0x2 
 .text.HAL_PCD_MspInit
                0x00000000080088e0       0xa8 ./USB_DEVICE/Target/usbd_conf.o
                0x00000000080088e0                HAL_PCD_MspInit
 .text.HAL_PCD_SetupStageCallback
                0x0000000008008988       0x24 ./USB_DEVICE/Target/usbd_conf.o
                0x0000000008008988                HAL_PCD_SetupStageCallback
 .text.HAL_PCD_DataOutStageCallback
                0x00000000080089ac       0x36 ./USB_DEVICE/Target/usbd_conf.o
                0x00000000080089ac                HAL_PCD_DataOutStageCallback
 .text.HAL_PCD_DataInStageCallback
                0x00000000080089e2       0x34 ./USB_DEVICE/Target/usbd_conf.o
                0x00000000080089e2                HAL_PCD_DataInStageCallback
 .text.HAL_PCD_SOFCallback
                0x0000000008008a16       0x1c ./USB_DEVICE/Target/usbd_conf.o
                0x0000000008008a16                HAL_PCD_SOFCallback
 .text.HAL_PCD_ResetCallback
                0x0000000008008a32       0x50 ./USB_DEVICE/Target/usbd_conf.o
                0x0000000008008a32                HAL_PCD_ResetCallback
 *fill*         0x0000000008008a82        0x2 
 .text.HAL_PCD_SuspendCallback
                0x0000000008008a84       0x4c ./USB_DEVICE/Target/usbd_conf.o
                0x0000000008008a84                HAL_PCD_SuspendCallback
 .text.HAL_PCD_ResumeCallback
                0x0000000008008ad0       0x1c ./USB_DEVICE/Target/usbd_conf.o
                0x0000000008008ad0                HAL_PCD_ResumeCallback
 .text.HAL_PCD_ISOOUTIncompleteCallback
                0x0000000008008aec       0x24 ./USB_DEVICE/Target/usbd_conf.o
                0x0000000008008aec                HAL_PCD_ISOOUTIncompleteCallback
 .text.HAL_PCD_ISOINIncompleteCallback
                0x0000000008008b10       0x24 ./USB_DEVICE/Target/usbd_conf.o
                0x0000000008008b10                HAL_PCD_ISOINIncompleteCallback
 .text.HAL_PCD_ConnectCallback
                0x0000000008008b34       0x1c ./USB_DEVICE/Target/usbd_conf.o
                0x0000000008008b34                HAL_PCD_ConnectCallback
 .text.HAL_PCD_DisconnectCallback
                0x0000000008008b50       0x1c ./USB_DEVICE/Target/usbd_conf.o
                0x0000000008008b50                HAL_PCD_DisconnectCallback
 .text.USBD_LL_Init
                0x0000000008008b6c       0x98 ./USB_DEVICE/Target/usbd_conf.o
                0x0000000008008b6c                USBD_LL_Init
 .text.USBD_LL_Start
                0x0000000008008c04       0x36 ./USB_DEVICE/Target/usbd_conf.o
                0x0000000008008c04                USBD_LL_Start
 .text.USBD_LL_OpenEP
                0x0000000008008c3a       0x4c ./USB_DEVICE/Target/usbd_conf.o
                0x0000000008008c3a                USBD_LL_OpenEP
 .text.USBD_LL_CloseEP
                0x0000000008008c86       0x3e ./USB_DEVICE/Target/usbd_conf.o
                0x0000000008008c86                USBD_LL_CloseEP
 .text.USBD_LL_StallEP
                0x0000000008008cc4       0x3e ./USB_DEVICE/Target/usbd_conf.o
                0x0000000008008cc4                USBD_LL_StallEP
 .text.USBD_LL_ClearStallEP
                0x0000000008008d02       0x3e ./USB_DEVICE/Target/usbd_conf.o
                0x0000000008008d02                USBD_LL_ClearStallEP
 .text.USBD_LL_IsStallEP
                0x0000000008008d40       0x58 ./USB_DEVICE/Target/usbd_conf.o
                0x0000000008008d40                USBD_LL_IsStallEP
 .text.USBD_LL_SetUSBAddress
                0x0000000008008d98       0x3e ./USB_DEVICE/Target/usbd_conf.o
                0x0000000008008d98                USBD_LL_SetUSBAddress
 .text.USBD_LL_Transmit
                0x0000000008008dd6       0x42 ./USB_DEVICE/Target/usbd_conf.o
                0x0000000008008dd6                USBD_LL_Transmit
 .text.USBD_LL_PrepareReceive
                0x0000000008008e18       0x42 ./USB_DEVICE/Target/usbd_conf.o
                0x0000000008008e18                USBD_LL_PrepareReceive
 .text.USBD_LL_GetRxDataSize
                0x0000000008008e5a       0x26 ./USB_DEVICE/Target/usbd_conf.o
                0x0000000008008e5a                USBD_LL_GetRxDataSize
 .text.USBD_static_malloc
                0x0000000008008e80       0x1c ./USB_DEVICE/Target/usbd_conf.o
                0x0000000008008e80                USBD_static_malloc
 .text.USBD_static_free
                0x0000000008008e9c       0x14 ./USB_DEVICE/Target/usbd_conf.o
                0x0000000008008e9c                USBD_static_free
 .text.USBD_Get_USB_Status
                0x0000000008008eb0       0x58 ./USB_DEVICE/Target/usbd_conf.o
                0x0000000008008eb0                USBD_Get_USB_Status
 .text.memset   0x0000000008008f08       0x10 /opt/stm32cubeide/plugins/com.st.stm32cube.ide.mcu.externaltools.gnu-tools-for-stm32.11.3.rel1.linux64_1.1.0.202305231506/tools/bin/../lib/gcc/arm-none-eabi/11.3.1/../../../../arm-none-eabi/lib/thumb/v7e-m+fp/hard/libc_nano.a(libc_a-memset.o)
                0x0000000008008f08                memset
 .text.__libc_init_array
                0x0000000008008f18       0x48 /opt/stm32cubeide/plugins/com.st.stm32cube.ide.mcu.externaltools.gnu-tools-for-stm32.11.3.rel1.linux64_1.1.0.202305231506/tools/bin/../lib/gcc/arm-none-eabi/11.3.1/../../../../arm-none-eabi/lib/thumb/v7e-m+fp/hard/libc_nano.a(libc_a-init.o)
                0x0000000008008f18                __libc_init_array
 *(.glue_7)
 .glue_7        0x0000000008008f60        0x0 linker stubs
 *(.glue_7t)
 .glue_7t       0x0000000008008f60        0x0 linker stubs
 *(.eh_frame)
 .eh_frame      0x0000000008008f60        0x0 /opt/stm32cubeide/plugins/com.st.stm32cube.ide.mcu.externaltools.gnu-tools-for-stm32.11.3.rel1.linux64_1.1.0.202305231506/tools/bin/../lib/gcc/arm-none-eabi/11.3.1/thumb/v7e-m+fp/hard/crtbegin.o
 *(.init)
 .init          0x0000000008008f60        0x4 /opt/stm32cubeide/plugins/com.st.stm32cube.ide.mcu.externaltools.gnu-tools-for-stm32.11.3.rel1.linux64_1.1.0.202305231506/tools/bin/../lib/gcc/arm-none-eabi/11.3.1/thumb/v7e-m+fp/hard/crti.o
                0x0000000008008f60                _init
 .init          0x0000000008008f64        0x8 /opt/stm32cubeide/plugins/com.st.stm32cube.ide.mcu.externaltools.gnu-tools-for-stm32.11.3.rel1.linux64_1.1.0.202305231506/tools/bin/../lib/gcc/arm-none-eabi/11.3.1/thumb/v7e-m+fp/hard/crtn.o
 *(.fini)
 .fini          0x0000000008008f6c        0x4 /opt/stm32cubeide/plugins/com.st.stm32cube.ide.mcu.externaltools.gnu-tools-for-stm32.11.3.rel1.linux64_1.1.0.202305231506/tools/bin/../lib/gcc/arm-none-eabi/11.3.1/thumb/v7e-m+fp/hard/crti.o
                0x0000000008008f6c                _fini
 .fini          0x0000000008008f70        0x8 /opt/stm32cubeide/plugins/com.st.stm32cube.ide.mcu.externaltools.gnu-tools-for-stm32.11.3.rel1.linux64_1.1.0.202305231506/tools/bin/../lib/gcc/arm-none-eabi/11.3.1/thumb/v7e-m+fp/hard/crtn.o
                0x0000000008008f78                . = ALIGN (0x4)
                0x0000000008008f78                _etext = .

.vfp11_veneer   0x0000000008008f78        0x0
 .vfp11_veneer  0x0000000008008f78        0x0 linker stubs

.v4_bx          0x0000000008008f78        0x0
 .v4_bx         0x0000000008008f78        0x0 linker stubs

.iplt           0x0000000008008f78        0x0
 .iplt          0x0000000008008f78        0x0 /opt/stm32cubeide/plugins/com.st.stm32cube.ide.mcu.externaltools.gnu-tools-for-stm32.11.3.rel1.linux64_1.1.0.202305231506/tools/bin/../lib/gcc/arm-none-eabi/11.3.1/thumb/v7e-m+fp/hard/crtbegin.o

.rodata         0x0000000008008f78       0x60
                0x0000000008008f78                . = ALIGN (0x4)
 *(.rodata)
 .rodata        0x0000000008008f78       0x46 ./USB_DEVICE/App/usbd_desc.o
 *(.rodata*)
 *fill*         0x0000000008008fbe        0x2 
 .rodata.AHBPrescTable
                0x0000000008008fc0       0x10 ./Core/Src/system_stm32f4xx.o
                0x0000000008008fc0                AHBPrescTable
 .rodata.APBPrescTable
                0x0000000008008fd0        0x8 ./Core/Src/system_stm32f4xx.o
                0x0000000008008fd0                APBPrescTable
                0x0000000008008fd8                . = ALIGN (0x4)

.ARM.extab      0x0000000008008fd8        0x0
                0x0000000008008fd8                . = ALIGN (0x4)
 *(.ARM.extab* .gnu.linkonce.armextab.*)
                0x0000000008008fd8                . = ALIGN (0x4)

.ARM            0x0000000008008fd8        0x8
                0x0000000008008fd8                . = ALIGN (0x4)
                0x0000000008008fd8                __exidx_start = .
 *(.ARM.exidx*)
 .ARM.exidx     0x0000000008008fd8        0x8 /opt/stm32cubeide/plugins/com.st.stm32cube.ide.mcu.externaltools.gnu-tools-for-stm32.11.3.rel1.linux64_1.1.0.202305231506/tools/bin/../lib/gcc/arm-none-eabi/11.3.1/thumb/v7e-m+fp/hard/libgcc.a(_udivmoddi4.o)
                0x0000000008008fe0                __exidx_end = .
                0x0000000008008fe0                . = ALIGN (0x4)

.rel.dyn        0x0000000008008fe0        0x0
 .rel.iplt      0x0000000008008fe0        0x0 /opt/stm32cubeide/plugins/com.st.stm32cube.ide.mcu.externaltools.gnu-tools-for-stm32.11.3.rel1.linux64_1.1.0.202305231506/tools/bin/../lib/gcc/arm-none-eabi/11.3.1/thumb/v7e-m+fp/hard/crtbegin.o

.preinit_array  0x0000000008008fe0        0x0
                0x0000000008008fe0                . = ALIGN (0x4)
                0x0000000008008fe0                PROVIDE (__preinit_array_start = .)
 *(.preinit_array*)
                0x0000000008008fe0                PROVIDE (__preinit_array_end = .)
                0x0000000008008fe0                . = ALIGN (0x4)

.init_array     0x0000000008008fe0        0x4
                0x0000000008008fe0                . = ALIGN (0x4)
                0x0000000008008fe0                PROVIDE (__init_array_start = .)
 *(SORT_BY_NAME(.init_array.*))
 *(.init_array*)
 .init_array    0x0000000008008fe0        0x4 /opt/stm32cubeide/plugins/com.st.stm32cube.ide.mcu.externaltools.gnu-tools-for-stm32.11.3.rel1.linux64_1.1.0.202305231506/tools/bin/../lib/gcc/arm-none-eabi/11.3.1/thumb/v7e-m+fp/hard/crtbegin.o
                0x0000000008008fe4                PROVIDE (__init_array_end = .)
                0x0000000008008fe4                . = ALIGN (0x4)

.fini_array     0x0000000008008fe4        0x4
                0x0000000008008fe4                . = ALIGN (0x4)
                [!provide]                        PROVIDE (__fini_array_start = .)
 *(SORT_BY_NAME(.fini_array.*))
 *(.fini_array*)
 .fini_array    0x0000000008008fe4        0x4 /opt/stm32cubeide/plugins/com.st.stm32cube.ide.mcu.externaltools.gnu-tools-for-stm32.11.3.rel1.linux64_1.1.0.202305231506/tools/bin/../lib/gcc/arm-none-eabi/11.3.1/thumb/v7e-m+fp/hard/crtbegin.o
                [!provide]                        PROVIDE (__fini_array_end = .)
                0x0000000008008fe8                . = ALIGN (0x4)
                0x0000000008008fe8                _sidata = LOADADDR (.data)

.data           0x0000000020000000       0xfc load address 0x0000000008008fe8
                0x0000000020000000                . = ALIGN (0x4)
                0x0000000020000000                _sdata = .
 *(.data)
 *(.data*)
 .data.SystemCoreClock
                0x0000000020000000        0x4 ./Core/Src/system_stm32f4xx.o
                0x0000000020000000                SystemCoreClock
 .data.uwTickPrio
                0x0000000020000004        0x4 ./Drivers/STM32F4xx_HAL_Driver/Src/stm32f4xx_hal.o
                0x0000000020000004                uwTickPrio
 .data.uwTickFreq
                0x0000000020000008        0x1 ./Drivers/STM32F4xx_HAL_Driver/Src/stm32f4xx_hal.o
                0x0000000020000008                uwTickFreq
 *fill*         0x0000000020000009        0x3 
 .data.USBD_CDC_DeviceQualifierDesc
                0x000000002000000c        0xa ./Middlewares/ST/STM32_USB_Device_Library/Class/CDC/Src/usbd_cdc.o
 *fill*         0x0000000020000016        0x2 
 .data.USBD_CDC
                0x0000000020000018       0x38 ./Middlewares/ST/STM32_USB_Device_Library/Class/CDC/Src/usbd_cdc.o
                0x0000000020000018                USBD_CDC
 .data.USBD_CDC_CfgDesc
                0x0000000020000050       0x43 ./Middlewares/ST/STM32_USB_Device_Library/Class/CDC/Src/usbd_cdc.o
 .data.CDCInEpAdd
                0x0000000020000093        0x1 ./Middlewares/ST/STM32_USB_Device_Library/Class/CDC/Src/usbd_cdc.o
 .data.CDCOutEpAdd
                0x0000000020000094        0x1 ./Middlewares/ST/STM32_USB_Device_Library/Class/CDC/Src/usbd_cdc.o
 .data.CDCCmdEpAdd
                0x0000000020000095        0x1 ./Middlewares/ST/STM32_USB_Device_Library/Class/CDC/Src/usbd_cdc.o
 *fill*         0x0000000020000096        0x2 
 .data.USBD_Interface_fops_FS
                0x0000000020000098       0x14 ./USB_DEVICE/App/usbd_cdc_if.o
                0x0000000020000098                USBD_Interface_fops_FS
 .data.FS_Desc  0x00000000200000ac       0x1c ./USB_DEVICE/App/usbd_desc.o
                0x00000000200000ac                FS_Desc
 .data.USBD_FS_DeviceDesc
                0x00000000200000c8       0x12 ./USB_DEVICE/App/usbd_desc.o
                0x00000000200000c8                USBD_FS_DeviceDesc
 *fill*         0x00000000200000da        0x2 
 .data.USBD_LangIDDesc
                0x00000000200000dc        0x4 ./USB_DEVICE/App/usbd_desc.o
                0x00000000200000dc                USBD_LangIDDesc
 .data.USBD_StringSerial
                0x00000000200000e0       0x1a ./USB_DEVICE/App/usbd_desc.o
                0x00000000200000e0                USBD_StringSerial
 *(.RamFunc)
 *(.RamFunc*)
                0x00000000200000fc                . = ALIGN (0x4)
 *fill*         0x00000000200000fa        0x2 
                0x00000000200000fc                _edata = .

.igot.plt       0x00000000200000fc        0x0 load address 0x00000000080090e4
 .igot.plt      0x00000000200000fc        0x0 /opt/stm32cubeide/plugins/com.st.stm32cube.ide.mcu.externaltools.gnu-tools-for-stm32.11.3.rel1.linux64_1.1.0.202305231506/tools/bin/../lib/gcc/arm-none-eabi/11.3.1/thumb/v7e-m+fp/hard/crtbegin.o
                0x00000000200000fc                . = ALIGN (0x4)

.bss            0x00000000200000fc     0x1d28 load address 0x00000000080090e4
                0x00000000200000fc                _sbss = .
                0x00000000200000fc                __bss_start__ = _sbss
 *(.bss)
 .bss           0x00000000200000fc       0x1c /opt/stm32cubeide/plugins/com.st.stm32cube.ide.mcu.externaltools.gnu-tools-for-stm32.11.3.rel1.linux64_1.1.0.202305231506/tools/bin/../lib/gcc/arm-none-eabi/11.3.1/thumb/v7e-m+fp/hard/crtbegin.o
 *(.bss*)
 .bss.data_rec  0x0000000020000118        0x6 ./Core/Src/adxl345.o
                0x0000000020000118                data_rec
 .bss.chipid    0x000000002000011e        0x1 ./Core/Src/adxl345.o
                0x000000002000011e                chipid
 *fill*         0x000000002000011f        0x1 
 .bss.hi2c1     0x0000000020000120       0x54 ./Core/Src/main.o
                0x0000000020000120                hi2c1
 .bss.hspi1     0x0000000020000174       0x58 ./Core/Src/main.o
                0x0000000020000174                hspi1
 .bss.htim2     0x00000000200001cc       0x48 ./Core/Src/main.o
                0x00000000200001cc                htim2
 .bss.uwTick    0x0000000020000214        0x4 ./Drivers/STM32F4xx_HAL_Driver/Src/stm32f4xx_hal.o
                0x0000000020000214                uwTick
 .bss.cfgidx.0  0x0000000020000218        0x1 ./Middlewares/ST/STM32_USB_Device_Library/Core/Src/usbd_ctlreq.o
 *fill*         0x0000000020000219        0x3 
 .bss.hUsbDeviceFS
                0x000000002000021c      0x2dc ./USB_DEVICE/App/usb_device.o
                0x000000002000021c                hUsbDeviceFS
 .bss.UserRxBufferFS
                0x00000000200004f8      0x800 ./USB_DEVICE/App/usbd_cdc_if.o
                0x00000000200004f8                UserRxBufferFS
 .bss.UserTxBufferFS
                0x0000000020000cf8      0x800 ./USB_DEVICE/App/usbd_cdc_if.o
                0x0000000020000cf8                UserTxBufferFS
 .bss.USBD_StrDesc
                0x00000000200014f8      0x200 ./USB_DEVICE/App/usbd_desc.o
                0x00000000200014f8                USBD_StrDesc
 .bss.hpcd_USB_OTG_FS
                0x00000000200016f8      0x50c ./USB_DEVICE/Target/usbd_conf.o
                0x00000000200016f8                hpcd_USB_OTG_FS
 .bss.mem.0     0x0000000020001c04      0x220 ./USB_DEVICE/Target/usbd_conf.o
 *(COMMON)
                0x0000000020001e24                . = ALIGN (0x4)
                0x0000000020001e24                _ebss = .
                0x0000000020001e24                __bss_end__ = _ebss

._user_heap_stack
                0x0000000020001e24      0x604 load address 0x00000000080090e4
                0x0000000020001e28                . = ALIGN (0x8)
 *fill*         0x0000000020001e24        0x4 
                [!provide]                        PROVIDE (end = .)
                0x0000000020001e28                PROVIDE (_end = .)
                0x0000000020002028                . = (. + _Min_Heap_Size)
 *fill*         0x0000000020001e28      0x200 
                0x0000000020002428                . = (. + _Min_Stack_Size)
 *fill*         0x0000000020002028      0x400 
                0x0000000020002428                . = ALIGN (0x8)

/DISCARD/
 libc.a(*)
 libm.a(*)
 libgcc.a(*)

.ARM.attributes
                0x0000000000000000       0x30
 *(.ARM.attributes)
 .ARM.attributes
                0x0000000000000000       0x1e /opt/stm32cubeide/plugins/com.st.stm32cube.ide.mcu.externaltools.gnu-tools-for-stm32.11.3.rel1.linux64_1.1.0.202305231506/tools/bin/../lib/gcc/arm-none-eabi/11.3.1/thumb/v7e-m+fp/hard/crti.o
 .ARM.attributes
                0x000000000000001e       0x34 /opt/stm32cubeide/plugins/com.st.stm32cube.ide.mcu.externaltools.gnu-tools-for-stm32.11.3.rel1.linux64_1.1.0.202305231506/tools/bin/../lib/gcc/arm-none-eabi/11.3.1/thumb/v7e-m+fp/hard/crtbegin.o
 .ARM.attributes
                0x0000000000000052       0x34 ./Core/Src/adxl345.o
 .ARM.attributes
                0x0000000000000086       0x34 ./Core/Src/main.o
 .ARM.attributes
                0x00000000000000ba       0x34 ./Core/Src/stm32f4xx_hal_msp.o
 .ARM.attributes
                0x00000000000000ee       0x34 ./Core/Src/stm32f4xx_it.o
 .ARM.attributes
                0x0000000000000122       0x34 ./Core/Src/system_stm32f4xx.o
 .ARM.attributes
                0x0000000000000156       0x21 ./Core/Startup/startup_stm32f401cdux.o
 .ARM.attributes
                0x0000000000000177       0x34 ./Drivers/STM32F4xx_HAL_Driver/Src/stm32f4xx_hal.o
 .ARM.attributes
                0x00000000000001ab       0x34 ./Drivers/STM32F4xx_HAL_Driver/Src/stm32f4xx_hal_cortex.o
 .ARM.attributes
                0x00000000000001df       0x34 ./Drivers/STM32F4xx_HAL_Driver/Src/stm32f4xx_hal_gpio.o
 .ARM.attributes
                0x0000000000000213       0x34 ./Drivers/STM32F4xx_HAL_Driver/Src/stm32f4xx_hal_i2c.o
 .ARM.attributes
                0x0000000000000247       0x34 ./Drivers/STM32F4xx_HAL_Driver/Src/stm32f4xx_hal_pcd.o
 .ARM.attributes
                0x000000000000027b       0x34 ./Drivers/STM32F4xx_HAL_Driver/Src/stm32f4xx_hal_pcd_ex.o
 .ARM.attributes
                0x00000000000002af       0x34 ./Drivers/STM32F4xx_HAL_Driver/Src/stm32f4xx_hal_rcc.o
 .ARM.attributes
                0x00000000000002e3       0x34 ./Drivers/STM32F4xx_HAL_Driver/Src/stm32f4xx_hal_spi.o
 .ARM.attributes
                0x0000000000000317       0x34 ./Drivers/STM32F4xx_HAL_Driver/Src/stm32f4xx_hal_tim.o
 .ARM.attributes
                0x000000000000034b       0x34 ./Drivers/STM32F4xx_HAL_Driver/Src/stm32f4xx_hal_tim_ex.o
 .ARM.attributes
                0x000000000000037f       0x34 ./Drivers/STM32F4xx_HAL_Driver/Src/stm32f4xx_ll_usb.o
 .ARM.attributes
                0x00000000000003b3       0x34 ./Middlewares/ST/STM32_USB_Device_Library/Class/CDC/Src/usbd_cdc.o
 .ARM.attributes
                0x00000000000003e7       0x34 ./Middlewares/ST/STM32_USB_Device_Library/Core/Src/usbd_core.o
 .ARM.attributes
                0x000000000000041b       0x34 ./Middlewares/ST/STM32_USB_Device_Library/Core/Src/usbd_ctlreq.o
 .ARM.attributes
                0x000000000000044f       0x34 ./Middlewares/ST/STM32_USB_Device_Library/Core/Src/usbd_ioreq.o
 .ARM.attributes
                0x0000000000000483       0x34 ./USB_DEVICE/App/usb_device.o
 .ARM.attributes
                0x00000000000004b7       0x34 ./USB_DEVICE/App/usbd_cdc_if.o
 .ARM.attributes
                0x00000000000004eb       0x34 ./USB_DEVICE/App/usbd_desc.o
 .ARM.attributes
                0x000000000000051f       0x34 ./USB_DEVICE/Target/usbd_conf.o
 .ARM.attributes
                0x0000000000000553       0x34 /opt/stm32cubeide/plugins/com.st.stm32cube.ide.mcu.externaltools.gnu-tools-for-stm32.11.3.rel1.linux64_1.1.0.202305231506/tools/bin/../lib/gcc/arm-none-eabi/11.3.1/../../../../arm-none-eabi/lib/thumb/v7e-m+fp/hard/libc_nano.a(libc_a-memset.o)
 .ARM.attributes
                0x0000000000000587       0x34 /opt/stm32cubeide/plugins/com.st.stm32cube.ide.mcu.externaltools.gnu-tools-for-stm32.11.3.rel1.linux64_1.1.0.202305231506/tools/bin/../lib/gcc/arm-none-eabi/11.3.1/../../../../arm-none-eabi/lib/thumb/v7e-m+fp/hard/libc_nano.a(libc_a-init.o)
 .ARM.attributes
                0x00000000000005bb       0x1e /opt/stm32cubeide/plugins/com.st.stm32cube.ide.mcu.externaltools.gnu-tools-for-stm32.11.3.rel1.linux64_1.1.0.202305231506/tools/bin/../lib/gcc/arm-none-eabi/11.3.1/thumb/v7e-m+fp/hard/libgcc.a(_aeabi_uldivmod.o)
 .ARM.attributes
                0x00000000000005d9       0x34 /opt/stm32cubeide/plugins/com.st.stm32cube.ide.mcu.externaltools.gnu-tools-for-stm32.11.3.rel1.linux64_1.1.0.202305231506/tools/bin/../lib/gcc/arm-none-eabi/11.3.1/thumb/v7e-m+fp/hard/libgcc.a(_udivmoddi4.o)
 .ARM.attributes
                0x000000000000060d       0x1e /opt/stm32cubeide/plugins/com.st.stm32cube.ide.mcu.externaltools.gnu-tools-for-stm32.11.3.rel1.linux64_1.1.0.202305231506/tools/bin/../lib/gcc/arm-none-eabi/11.3.1/thumb/v7e-m+fp/hard/libgcc.a(_dvmd_tls.o)
 .ARM.attributes
                0x000000000000062b       0x1e /opt/stm32cubeide/plugins/com.st.stm32cube.ide.mcu.externaltools.gnu-tools-for-stm32.11.3.rel1.linux64_1.1.0.202305231506/tools/bin/../lib/gcc/arm-none-eabi/11.3.1/thumb/v7e-m+fp/hard/crtn.o
OUTPUT(main_blackpill.elf elf32-littlearm)
LOAD linker stubs
LOAD /opt/stm32cubeide/plugins/com.st.stm32cube.ide.mcu.externaltools.gnu-tools-for-stm32.11.3.rel1.linux64_1.1.0.202305231506/tools/bin/../lib/gcc/arm-none-eabi/11.3.1/../../../../arm-none-eabi/lib/thumb/v7e-m+fp/hard/libc.a
LOAD /opt/stm32cubeide/plugins/com.st.stm32cube.ide.mcu.externaltools.gnu-tools-for-stm32.11.3.rel1.linux64_1.1.0.202305231506/tools/bin/../lib/gcc/arm-none-eabi/11.3.1/../../../../arm-none-eabi/lib/thumb/v7e-m+fp/hard/libm.a
LOAD /opt/stm32cubeide/plugins/com.st.stm32cube.ide.mcu.externaltools.gnu-tools-for-stm32.11.3.rel1.linux64_1.1.0.202305231506/tools/bin/../lib/gcc/arm-none-eabi/11.3.1/thumb/v7e-m+fp/hard/libgcc.a

.comment        0x0000000000000000       0x43
 .comment       0x0000000000000000       0x43 /opt/stm32cubeide/plugins/com.st.stm32cube.ide.mcu.externaltools.gnu-tools-for-stm32.11.3.rel1.linux64_1.1.0.202305231506/tools/bin/../lib/gcc/arm-none-eabi/11.3.1/thumb/v7e-m+fp/hard/crtbegin.o
                                         0x44 (size before relaxing)
 .comment       0x0000000000000043       0x44 ./Core/Src/adxl345.o
 .comment       0x0000000000000043       0x44 ./Core/Src/main.o
 .comment       0x0000000000000043       0x44 ./Core/Src/stm32f4xx_hal_msp.o
 .comment       0x0000000000000043       0x44 ./Core/Src/stm32f4xx_it.o
 .comment       0x0000000000000043       0x44 ./Core/Src/system_stm32f4xx.o
 .comment       0x0000000000000043       0x44 ./Drivers/STM32F4xx_HAL_Driver/Src/stm32f4xx_hal.o
 .comment       0x0000000000000043       0x44 ./Drivers/STM32F4xx_HAL_Driver/Src/stm32f4xx_hal_cortex.o
 .comment       0x0000000000000043       0x44 ./Drivers/STM32F4xx_HAL_Driver/Src/stm32f4xx_hal_gpio.o
 .comment       0x0000000000000043       0x44 ./Drivers/STM32F4xx_HAL_Driver/Src/stm32f4xx_hal_i2c.o
 .comment       0x0000000000000043       0x44 ./Drivers/STM32F4xx_HAL_Driver/Src/stm32f4xx_hal_pcd.o
 .comment       0x0000000000000043       0x44 ./Drivers/STM32F4xx_HAL_Driver/Src/stm32f4xx_hal_pcd_ex.o
 .comment       0x0000000000000043       0x44 ./Drivers/STM32F4xx_HAL_Driver/Src/stm32f4xx_hal_rcc.o
 .comment       0x0000000000000043       0x44 ./Drivers/STM32F4xx_HAL_Driver/Src/stm32f4xx_hal_spi.o
 .comment       0x0000000000000043       0x44 ./Drivers/STM32F4xx_HAL_Driver/Src/stm32f4xx_hal_tim.o
 .comment       0x0000000000000043       0x44 ./Drivers/STM32F4xx_HAL_Driver/Src/stm32f4xx_hal_tim_ex.o
 .comment       0x0000000000000043       0x44 ./Drivers/STM32F4xx_HAL_Driver/Src/stm32f4xx_ll_usb.o
 .comment       0x0000000000000043       0x44 ./Middlewares/ST/STM32_USB_Device_Library/Class/CDC/Src/usbd_cdc.o
 .comment       0x0000000000000043       0x44 ./Middlewares/ST/STM32_USB_Device_Library/Core/Src/usbd_core.o
 .comment       0x0000000000000043       0x44 ./Middlewares/ST/STM32_USB_Device_Library/Core/Src/usbd_ctlreq.o
 .comment       0x0000000000000043       0x44 ./Middlewares/ST/STM32_USB_Device_Library/Core/Src/usbd_ioreq.o
 .comment       0x0000000000000043       0x44 ./USB_DEVICE/App/usb_device.o
 .comment       0x0000000000000043       0x44 ./USB_DEVICE/App/usbd_cdc_if.o
 .comment       0x0000000000000043       0x44 ./USB_DEVICE/App/usbd_desc.o
 .comment       0x0000000000000043       0x44 ./USB_DEVICE/Target/usbd_conf.o

.debug_info     0x0000000000000000    0x16e5a
 .debug_info    0x0000000000000000      0x80b ./Core/Src/adxl345.o
 .debug_info    0x000000000000080b     0x1519 ./Core/Src/main.o
 .debug_info    0x0000000000001d24     0x108b ./Core/Src/stm32f4xx_hal_msp.o
 .debug_info    0x0000000000002daf      0x60f ./Core/Src/stm32f4xx_it.o
 .debug_info    0x00000000000033be      0x53e ./Core/Src/system_stm32f4xx.o
 .debug_info    0x00000000000038fc       0x23 ./Core/Startup/startup_stm32f401cdux.o
 .debug_info    0x000000000000391f      0x8bb ./Drivers/STM32F4xx_HAL_Driver/Src/stm32f4xx_hal.o
 .debug_info    0x00000000000041da      0xcb0 ./Drivers/STM32F4xx_HAL_Driver/Src/stm32f4xx_hal_cortex.o
 .debug_info    0x0000000000004e8a      0x6f9 ./Drivers/STM32F4xx_HAL_Driver/Src/stm32f4xx_hal_gpio.o
 .debug_info    0x0000000000005583     0x23f2 ./Drivers/STM32F4xx_HAL_Driver/Src/stm32f4xx_hal_i2c.o
 .debug_info    0x0000000000007975     0x1549 ./Drivers/STM32F4xx_HAL_Driver/Src/stm32f4xx_hal_pcd.o
 .debug_info    0x0000000000008ebe      0x6d2 ./Drivers/STM32F4xx_HAL_Driver/Src/stm32f4xx_hal_pcd_ex.o
 .debug_info    0x0000000000009590      0x8f3 ./Drivers/STM32F4xx_HAL_Driver/Src/stm32f4xx_hal_rcc.o
 .debug_info    0x0000000000009e83     0x1606 ./Drivers/STM32F4xx_HAL_Driver/Src/stm32f4xx_hal_spi.o
 .debug_info    0x000000000000b489     0x2941 ./Drivers/STM32F4xx_HAL_Driver/Src/stm32f4xx_hal_tim.o
 .debug_info    0x000000000000ddca     0x14a7 ./Drivers/STM32F4xx_HAL_Driver/Src/stm32f4xx_hal_tim_ex.o
 .debug_info    0x000000000000f271     0x18f6 ./Drivers/STM32F4xx_HAL_Driver/Src/stm32f4xx_ll_usb.o
 .debug_info    0x0000000000010b67     0x128b ./Middlewares/ST/STM32_USB_Device_Library/Class/CDC/Src/usbd_cdc.o
 .debug_info    0x0000000000011df2      0xe05 ./Middlewares/ST/STM32_USB_Device_Library/Core/Src/usbd_core.o
 .debug_info    0x0000000000012bf7      0xade ./Middlewares/ST/STM32_USB_Device_Library/Core/Src/usbd_ctlreq.o
 .debug_info    0x00000000000136d5      0x755 ./Middlewares/ST/STM32_USB_Device_Library/Core/Src/usbd_ioreq.o
 .debug_info    0x0000000000013e2a      0x701 ./USB_DEVICE/App/usb_device.o
 .debug_info    0x000000000001452b      0x8fa ./USB_DEVICE/App/usbd_cdc_if.o
 .debug_info    0x0000000000014e25      0x458 ./USB_DEVICE/App/usbd_desc.o
 .debug_info    0x000000000001527d     0x1bdd ./USB_DEVICE/Target/usbd_conf.o

.debug_abbrev   0x0000000000000000     0x37ff
 .debug_abbrev  0x0000000000000000      0x200 ./Core/Src/adxl345.o
 .debug_abbrev  0x0000000000000200      0x2eb ./Core/Src/main.o
 .debug_abbrev  0x00000000000004eb      0x1ff ./Core/Src/stm32f4xx_hal_msp.o
 .debug_abbrev  0x00000000000006ea      0x1a4 ./Core/Src/stm32f4xx_it.o
 .debug_abbrev  0x000000000000088e      0x11a ./Core/Src/system_stm32f4xx.o
 .debug_abbrev  0x00000000000009a8       0x12 ./Core/Startup/startup_stm32f401cdux.o
 .debug_abbrev  0x00000000000009ba      0x24b ./Drivers/STM32F4xx_HAL_Driver/Src/stm32f4xx_hal.o
 .debug_abbrev  0x0000000000000c05      0x327 ./Drivers/STM32F4xx_HAL_Driver/Src/stm32f4xx_hal_cortex.o
 .debug_abbrev  0x0000000000000f2c      0x1d3 ./Drivers/STM32F4xx_HAL_Driver/Src/stm32f4xx_hal_gpio.o
 .debug_abbrev  0x00000000000010ff      0x2bc ./Drivers/STM32F4xx_HAL_Driver/Src/stm32f4xx_hal_i2c.o
 .debug_abbrev  0x00000000000013bb      0x2cd ./Drivers/STM32F4xx_HAL_Driver/Src/stm32f4xx_hal_pcd.o
 .debug_abbrev  0x0000000000001688      0x1da ./Drivers/STM32F4xx_HAL_Driver/Src/stm32f4xx_hal_pcd_ex.o
 .debug_abbrev  0x0000000000001862      0x2b5 ./Drivers/STM32F4xx_HAL_Driver/Src/stm32f4xx_hal_rcc.o
 .debug_abbrev  0x0000000000001b17      0x280 ./Drivers/STM32F4xx_HAL_Driver/Src/stm32f4xx_hal_spi.o
 .debug_abbrev  0x0000000000001d97      0x284 ./Drivers/STM32F4xx_HAL_Driver/Src/stm32f4xx_hal_tim.o
 .debug_abbrev  0x000000000000201b      0x28f ./Drivers/STM32F4xx_HAL_Driver/Src/stm32f4xx_hal_tim_ex.o
 .debug_abbrev  0x00000000000022aa      0x2ac ./Drivers/STM32F4xx_HAL_Driver/Src/stm32f4xx_ll_usb.o
 .debug_abbrev  0x0000000000002556      0x2d2 ./Middlewares/ST/STM32_USB_Device_Library/Class/CDC/Src/usbd_cdc.o
 .debug_abbrev  0x0000000000002828      0x27c ./Middlewares/ST/STM32_USB_Device_Library/Core/Src/usbd_core.o
 .debug_abbrev  0x0000000000002aa4      0x26f ./Middlewares/ST/STM32_USB_Device_Library/Core/Src/usbd_ctlreq.o
 .debug_abbrev  0x0000000000002d13      0x19a ./Middlewares/ST/STM32_USB_Device_Library/Core/Src/usbd_ioreq.o
 .debug_abbrev  0x0000000000002ead      0x195 ./USB_DEVICE/App/usb_device.o
 .debug_abbrev  0x0000000000003042      0x29d ./USB_DEVICE/App/usbd_cdc_if.o
 .debug_abbrev  0x00000000000032df      0x1e1 ./USB_DEVICE/App/usbd_desc.o
 .debug_abbrev  0x00000000000034c0      0x33f ./USB_DEVICE/Target/usbd_conf.o

.debug_aranges  0x0000000000000000     0x1580
 .debug_aranges
                0x0000000000000000       0x50 ./Core/Src/adxl345.o
 .debug_aranges
                0x0000000000000050       0x50 ./Core/Src/main.o
 .debug_aranges
                0x00000000000000a0       0x58 ./Core/Src/stm32f4xx_hal_msp.o
 .debug_aranges
                0x00000000000000f8       0x68 ./Core/Src/stm32f4xx_it.o
 .debug_aranges
                0x0000000000000160       0x28 ./Core/Src/system_stm32f4xx.o
 .debug_aranges
                0x0000000000000188       0x28 ./Core/Startup/startup_stm32f401cdux.o
 .debug_aranges
                0x00000000000001b0       0xf0 ./Drivers/STM32F4xx_HAL_Driver/Src/stm32f4xx_hal.o
 .debug_aranges
                0x00000000000002a0      0x118 ./Drivers/STM32F4xx_HAL_Driver/Src/stm32f4xx_hal_cortex.o
 .debug_aranges
                0x00000000000003b8       0x58 ./Drivers/STM32F4xx_HAL_Driver/Src/stm32f4xx_hal_gpio.o
 .debug_aranges
                0x0000000000000410      0x2a0 ./Drivers/STM32F4xx_HAL_Driver/Src/stm32f4xx_hal_i2c.o
 .debug_aranges
                0x00000000000006b0      0x148 ./Drivers/STM32F4xx_HAL_Driver/Src/stm32f4xx_hal_pcd.o
 .debug_aranges
                0x00000000000007f8       0x38 ./Drivers/STM32F4xx_HAL_Driver/Src/stm32f4xx_hal_pcd_ex.o
 .debug_aranges
                0x0000000000000830       0x88 ./Drivers/STM32F4xx_HAL_Driver/Src/stm32f4xx_hal_rcc.o
 .debug_aranges
                0x00000000000008b8      0x1d0 ./Drivers/STM32F4xx_HAL_Driver/Src/stm32f4xx_hal_spi.o
 .debug_aranges
                0x0000000000000a88      0x3d0 ./Drivers/STM32F4xx_HAL_Driver/Src/stm32f4xx_hal_tim.o
 .debug_aranges
                0x0000000000000e58      0x168 ./Drivers/STM32F4xx_HAL_Driver/Src/stm32f4xx_hal_tim_ex.o
 .debug_aranges
                0x0000000000000fc0      0x1a0 ./Drivers/STM32F4xx_HAL_Driver/Src/stm32f4xx_ll_usb.o
 .debug_aranges
                0x0000000000001160       0x90 ./Middlewares/ST/STM32_USB_Device_Library/Class/CDC/Src/usbd_cdc.o
 .debug_aranges
                0x00000000000011f0       0xd8 ./Middlewares/ST/STM32_USB_Device_Library/Core/Src/usbd_core.o
 .debug_aranges
                0x00000000000012c8       0x90 ./Middlewares/ST/STM32_USB_Device_Library/Core/Src/usbd_ctlreq.o
 .debug_aranges
                0x0000000000001358       0x50 ./Middlewares/ST/STM32_USB_Device_Library/Core/Src/usbd_ioreq.o
 .debug_aranges
                0x00000000000013a8       0x20 ./USB_DEVICE/App/usb_device.o
 .debug_aranges
                0x00000000000013c8       0x48 ./USB_DEVICE/App/usbd_cdc_if.o
 .debug_aranges
                0x0000000000001410       0x60 ./USB_DEVICE/App/usbd_desc.o
 .debug_aranges
                0x0000000000001470      0x110 ./USB_DEVICE/Target/usbd_conf.o

.debug_rnglists
                0x0000000000000000     0x109e
 .debug_rnglists
                0x0000000000000000       0x37 ./Core/Src/adxl345.o
 .debug_rnglists
                0x0000000000000037       0x3a ./Core/Src/main.o
 .debug_rnglists
                0x0000000000000071       0x3f ./Core/Src/stm32f4xx_hal_msp.o
 .debug_rnglists
                0x00000000000000b0       0x49 ./Core/Src/stm32f4xx_it.o
 .debug_rnglists
                0x00000000000000f9       0x1a ./Core/Src/system_stm32f4xx.o
 .debug_rnglists
                0x0000000000000113       0x19 ./Core/Startup/startup_stm32f401cdux.o
 .debug_rnglists
                0x000000000000012c       0xaf ./Drivers/STM32F4xx_HAL_Driver/Src/stm32f4xx_hal.o
 .debug_rnglists
                0x00000000000001db       0xce ./Drivers/STM32F4xx_HAL_Driver/Src/stm32f4xx_hal_cortex.o
 .debug_rnglists
                0x00000000000002a9       0x3f ./Drivers/STM32F4xx_HAL_Driver/Src/stm32f4xx_hal_gpio.o
 .debug_rnglists
                0x00000000000002e8      0x235 ./Drivers/STM32F4xx_HAL_Driver/Src/stm32f4xx_hal_i2c.o
 .debug_rnglists
                0x000000000000051d       0xfc ./Drivers/STM32F4xx_HAL_Driver/Src/stm32f4xx_hal_pcd.o
 .debug_rnglists
                0x0000000000000619       0x26 ./Drivers/STM32F4xx_HAL_Driver/Src/stm32f4xx_hal_pcd_ex.o
 .debug_rnglists
                0x000000000000063f       0x66 ./Drivers/STM32F4xx_HAL_Driver/Src/stm32f4xx_hal_rcc.o
 .debug_rnglists
                0x00000000000006a5      0x16f ./Drivers/STM32F4xx_HAL_Driver/Src/stm32f4xx_hal_spi.o
 .debug_rnglists
                0x0000000000000814      0x31a ./Drivers/STM32F4xx_HAL_Driver/Src/stm32f4xx_hal_tim.o
 .debug_rnglists
                0x0000000000000b2e      0x125 ./Drivers/STM32F4xx_HAL_Driver/Src/stm32f4xx_hal_tim_ex.o
 .debug_rnglists
                0x0000000000000c53      0x148 ./Drivers/STM32F4xx_HAL_Driver/Src/stm32f4xx_ll_usb.o
 .debug_rnglists
                0x0000000000000d9b       0x6c ./Middlewares/ST/STM32_USB_Device_Library/Class/CDC/Src/usbd_cdc.o
 .debug_rnglists
                0x0000000000000e07       0xa1 ./Middlewares/ST/STM32_USB_Device_Library/Core/Src/usbd_core.o
 .debug_rnglists
                0x0000000000000ea8       0x6e ./Middlewares/ST/STM32_USB_Device_Library/Core/Src/usbd_ctlreq.o
 .debug_rnglists
                0x0000000000000f16       0x37 ./Middlewares/ST/STM32_USB_Device_Library/Core/Src/usbd_ioreq.o
 .debug_rnglists
                0x0000000000000f4d       0x13 ./USB_DEVICE/App/usb_device.o
 .debug_rnglists
                0x0000000000000f60       0x32 ./USB_DEVICE/App/usbd_cdc_if.o
 .debug_rnglists
                0x0000000000000f92       0x43 ./USB_DEVICE/App/usbd_desc.o
 .debug_rnglists
                0x0000000000000fd5       0xc9 ./USB_DEVICE/Target/usbd_conf.o

.debug_macro    0x0000000000000000    0x1974f
 .debug_macro   0x0000000000000000      0x224 ./Core/Src/adxl345.o
 .debug_macro   0x0000000000000224      0xaa8 ./Core/Src/adxl345.o
 .debug_macro   0x0000000000000ccc      0x2a7 ./Core/Src/adxl345.o
 .debug_macro   0x0000000000000f73       0x2e ./Core/Src/adxl345.o
 .debug_macro   0x0000000000000fa1       0x28 ./Core/Src/adxl345.o
 .debug_macro   0x0000000000000fc9       0x22 ./Core/Src/adxl345.o
 .debug_macro   0x0000000000000feb       0x8e ./Core/Src/adxl345.o
 .debug_macro   0x0000000000001079       0x51 ./Core/Src/adxl345.o
 .debug_macro   0x00000000000010ca      0x103 ./Core/Src/adxl345.o
 .debug_macro   0x00000000000011cd       0x6a ./Core/Src/adxl345.o
 .debug_macro   0x0000000000001237      0x1df ./Core/Src/adxl345.o
 .debug_macro   0x0000000000001416       0x1c ./Core/Src/adxl345.o
 .debug_macro   0x0000000000001432       0x22 ./Core/Src/adxl345.o
 .debug_macro   0x0000000000001454       0xd9 ./Core/Src/adxl345.o
 .debug_macro   0x000000000000152d     0x102d ./Core/Src/adxl345.o
 .debug_macro   0x000000000000255a      0x11f ./Core/Src/adxl345.o
 .debug_macro   0x0000000000002679     0xb86c ./Core/Src/adxl345.o
 .debug_macro   0x000000000000dee5       0x6d ./Core/Src/adxl345.o
 .debug_macro   0x000000000000df52     0x367e ./Core/Src/adxl345.o
 .debug_macro   0x00000000000115d0      0x174 ./Core/Src/adxl345.o
 .debug_macro   0x0000000000011744       0x5c ./Core/Src/adxl345.o
 .debug_macro   0x00000000000117a0      0x416 ./Core/Src/adxl345.o
 .debug_macro   0x0000000000011bb6      0x9fe ./Core/Src/adxl345.o
 .debug_macro   0x00000000000125b4      0x115 ./Core/Src/adxl345.o
 .debug_macro   0x00000000000126c9       0xf8 ./Core/Src/adxl345.o
 .debug_macro   0x00000000000127c1       0xa5 ./Core/Src/adxl345.o
 .debug_macro   0x0000000000012866      0x15f ./Core/Src/adxl345.o
 .debug_macro   0x00000000000129c5      0x287 ./Core/Src/adxl345.o
 .debug_macro   0x0000000000012c4c       0x5f ./Core/Src/adxl345.o
 .debug_macro   0x0000000000012cab      0x236 ./Core/Src/adxl345.o
 .debug_macro   0x0000000000012ee1      0x132 ./Core/Src/adxl345.o
 .debug_macro   0x0000000000013013      0x264 ./Core/Src/adxl345.o
 .debug_macro   0x0000000000013277       0x2e ./Core/Src/adxl345.o
 .debug_macro   0x00000000000132a5      0x1b5 ./Core/Src/adxl345.o
 .debug_macro   0x000000000001345a       0x22 ./Core/Src/adxl345.o
 .debug_macro   0x000000000001347c       0xd6 ./Core/Src/adxl345.o
 .debug_macro   0x0000000000013552      0x11a ./Core/Src/adxl345.o
 .debug_macro   0x000000000001366c       0x85 ./Core/Src/adxl345.o
 .debug_macro   0x00000000000136f1       0x89 ./Core/Src/adxl345.o
 .debug_macro   0x000000000001377a      0x225 ./Core/Src/adxl345.o
 .debug_macro   0x000000000001399f      0x8e6 ./Core/Src/adxl345.o
 .debug_macro   0x0000000000014285       0x47 ./Core/Src/adxl345.o
 .debug_macro   0x00000000000142cc      0x248 ./Core/Src/adxl345.o
 .debug_macro   0x0000000000014514       0xba ./Core/Src/adxl345.o
 .debug_macro   0x00000000000145ce      0x126 ./Core/Src/adxl345.o
 .debug_macro   0x00000000000146f4       0x10 ./Core/Src/adxl345.o
 .debug_macro   0x0000000000014704      0x3da ./Core/Src/main.o
 .debug_macro   0x0000000000014ade       0x61 ./Core/Src/main.o
 .debug_macro   0x0000000000014b3f       0x2a ./Core/Src/main.o
 .debug_macro   0x0000000000014b69       0x43 ./Core/Src/main.o
 .debug_macro   0x0000000000014bac       0x34 ./Core/Src/main.o
 .debug_macro   0x0000000000014be0       0x16 ./Core/Src/main.o
 .debug_macro   0x0000000000014bf6       0x35 ./Core/Src/main.o
 .debug_macro   0x0000000000014c2b      0x369 ./Core/Src/main.o
 .debug_macro   0x0000000000014f94       0x10 ./Core/Src/main.o
 .debug_macro   0x0000000000014fa4       0x16 ./Core/Src/main.o
 .debug_macro   0x0000000000014fba       0x43 ./Core/Src/main.o
 .debug_macro   0x0000000000014ffd       0x34 ./Core/Src/main.o
 .debug_macro   0x0000000000015031       0x10 ./Core/Src/main.o
 .debug_macro   0x0000000000015041       0x58 ./Core/Src/main.o
 .debug_macro   0x0000000000015099       0x8e ./Core/Src/main.o
 .debug_macro   0x0000000000015127       0x1c ./Core/Src/main.o
 .debug_macro   0x0000000000015143      0x177 ./Core/Src/main.o
 .debug_macro   0x00000000000152ba       0x16 ./Core/Src/main.o
 .debug_macro   0x00000000000152d0       0x16 ./Core/Src/main.o
 .debug_macro   0x00000000000152e6      0x147 ./Core/Src/main.o
 .debug_macro   0x000000000001542d       0x16 ./Core/Src/main.o
 .debug_macro   0x0000000000015443       0x16 ./Core/Src/main.o
 .debug_macro   0x0000000000015459       0x29 ./Core/Src/main.o
 .debug_macro   0x0000000000015482       0x16 ./Core/Src/main.o
 .debug_macro   0x0000000000015498       0x20 ./Core/Src/main.o
 .debug_macro   0x00000000000154b8       0x65 ./Core/Src/main.o
 .debug_macro   0x000000000001551d      0x20f ./Core/Src/main.o
 .debug_macro   0x000000000001572c       0x95 ./Core/Src/main.o
 .debug_macro   0x00000000000157c1       0x10 ./Core/Src/main.o
 .debug_macro   0x00000000000157d1      0x21a ./Core/Src/stm32f4xx_hal_msp.o
 .debug_macro   0x00000000000159eb      0x224 ./Core/Src/stm32f4xx_it.o
 .debug_macro   0x0000000000015c0f      0x20b ./Core/Src/system_stm32f4xx.o
 .debug_macro   0x0000000000015e1a      0x26b ./Drivers/STM32F4xx_HAL_Driver/Src/stm32f4xx_hal.o
 .debug_macro   0x0000000000016085      0x20b ./Drivers/STM32F4xx_HAL_Driver/Src/stm32f4xx_hal_cortex.o
 .debug_macro   0x0000000000016290      0x211 ./Drivers/STM32F4xx_HAL_Driver/Src/stm32f4xx_hal_gpio.o
 .debug_macro   0x00000000000164a1      0x252 ./Drivers/STM32F4xx_HAL_Driver/Src/stm32f4xx_hal_i2c.o
 .debug_macro   0x00000000000166f3      0x217 ./Drivers/STM32F4xx_HAL_Driver/Src/stm32f4xx_hal_pcd.o
 .debug_macro   0x000000000001690a      0x20b ./Drivers/STM32F4xx_HAL_Driver/Src/stm32f4xx_hal_pcd_ex.o
 .debug_macro   0x0000000000016b15      0x22f ./Drivers/STM32F4xx_HAL_Driver/Src/stm32f4xx_hal_rcc.o
 .debug_macro   0x0000000000016d44      0x21a ./Drivers/STM32F4xx_HAL_Driver/Src/stm32f4xx_hal_spi.o
 .debug_macro   0x0000000000016f5e      0x20c ./Drivers/STM32F4xx_HAL_Driver/Src/stm32f4xx_hal_tim.o
 .debug_macro   0x000000000001716a      0x20b ./Drivers/STM32F4xx_HAL_Driver/Src/stm32f4xx_hal_tim_ex.o
 .debug_macro   0x0000000000017375      0x20b ./Drivers/STM32F4xx_HAL_Driver/Src/stm32f4xx_ll_usb.o
 .debug_macro   0x0000000000017580      0x3a9 ./Middlewares/ST/STM32_USB_Device_Library/Class/CDC/Src/usbd_cdc.o
 .debug_macro   0x0000000000017929       0x97 ./Middlewares/ST/STM32_USB_Device_Library/Class/CDC/Src/usbd_cdc.o
 .debug_macro   0x00000000000179c0       0xfd ./Middlewares/ST/STM32_USB_Device_Library/Class/CDC/Src/usbd_cdc.o
 .debug_macro   0x0000000000017abd       0x56 ./Middlewares/ST/STM32_USB_Device_Library/Class/CDC/Src/usbd_cdc.o
 .debug_macro   0x0000000000017b13      0x390 ./Middlewares/ST/STM32_USB_Device_Library/Core/Src/usbd_core.o
 .debug_macro   0x0000000000017ea3      0x215 ./Middlewares/ST/STM32_USB_Device_Library/Core/Src/usbd_core.o
 .debug_macro   0x00000000000180b8      0x39a ./Middlewares/ST/STM32_USB_Device_Library/Core/Src/usbd_ctlreq.o
 .debug_macro   0x0000000000018452      0x396 ./Middlewares/ST/STM32_USB_Device_Library/Core/Src/usbd_ioreq.o
 .debug_macro   0x00000000000187e8      0x3c9 ./USB_DEVICE/App/usb_device.o
 .debug_macro   0x0000000000018bb1       0x16 ./USB_DEVICE/App/usb_device.o
 .debug_macro   0x0000000000018bc7       0x22 ./USB_DEVICE/App/usb_device.o
 .debug_macro   0x0000000000018be9       0x16 ./USB_DEVICE/App/usb_device.o
 .debug_macro   0x0000000000018bff      0x3b4 ./USB_DEVICE/App/usbd_cdc_if.o
 .debug_macro   0x0000000000018fb3      0x3d3 ./USB_DEVICE/App/usbd_desc.o
 .debug_macro   0x0000000000019386       0x1c ./USB_DEVICE/App/usbd_desc.o
 .debug_macro   0x00000000000193a2      0x3ad ./USB_DEVICE/Target/usbd_conf.o

.debug_line     0x0000000000000000    0x195f5
 .debug_line    0x0000000000000000      0x7a1 ./Core/Src/adxl345.o
 .debug_line    0x00000000000007a1      0xb50 ./Core/Src/main.o
 .debug_line    0x00000000000012f1      0x7dd ./Core/Src/stm32f4xx_hal_msp.o
 .debug_line    0x0000000000001ace      0x7b5 ./Core/Src/stm32f4xx_it.o
 .debug_line    0x0000000000002283      0x75c ./Core/Src/system_stm32f4xx.o
 .debug_line    0x00000000000029df       0x7a ./Core/Startup/startup_stm32f401cdux.o
 .debug_line    0x0000000000002a59      0x9c2 ./Drivers/STM32F4xx_HAL_Driver/Src/stm32f4xx_hal.o
 .debug_line    0x000000000000341b      0xc71 ./Drivers/STM32F4xx_HAL_Driver/Src/stm32f4xx_hal_cortex.o
 .debug_line    0x000000000000408c      0xafa ./Drivers/STM32F4xx_HAL_Driver/Src/stm32f4xx_hal_gpio.o
 .debug_line    0x0000000000004b86     0x3984 ./Drivers/STM32F4xx_HAL_Driver/Src/stm32f4xx_hal_i2c.o
 .debug_line    0x000000000000850a     0x1469 ./Drivers/STM32F4xx_HAL_Driver/Src/stm32f4xx_hal_pcd.o
 .debug_line    0x0000000000009973      0x7a5 ./Drivers/STM32F4xx_HAL_Driver/Src/stm32f4xx_hal_pcd_ex.o
 .debug_line    0x000000000000a118      0xd39 ./Drivers/STM32F4xx_HAL_Driver/Src/stm32f4xx_hal_rcc.o
 .debug_line    0x000000000000ae51     0x1c53 ./Drivers/STM32F4xx_HAL_Driver/Src/stm32f4xx_hal_spi.o
 .debug_line    0x000000000000caa4     0x3488 ./Drivers/STM32F4xx_HAL_Driver/Src/stm32f4xx_hal_tim.o
 .debug_line    0x000000000000ff2c     0x195a ./Drivers/STM32F4xx_HAL_Driver/Src/stm32f4xx_hal_tim_ex.o
 .debug_line    0x0000000000011886     0x1a83 ./Drivers/STM32F4xx_HAL_Driver/Src/stm32f4xx_ll_usb.o
 .debug_line    0x0000000000013309      0xe4a ./Middlewares/ST/STM32_USB_Device_Library/Class/CDC/Src/usbd_cdc.o
 .debug_line    0x0000000000014153      0xebf ./Middlewares/ST/STM32_USB_Device_Library/Core/Src/usbd_core.o
 .debug_line    0x0000000000015012     0x10a9 ./Middlewares/ST/STM32_USB_Device_Library/Core/Src/usbd_ctlreq.o
 .debug_line    0x00000000000160bb      0x9d8 ./Middlewares/ST/STM32_USB_Device_Library/Core/Src/usbd_ioreq.o
 .debug_line    0x0000000000016a93      0x994 ./USB_DEVICE/App/usb_device.o
 .debug_line    0x0000000000017427      0x9f7 ./USB_DEVICE/App/usbd_cdc_if.o
 .debug_line    0x0000000000017e1e      0xa5d ./USB_DEVICE/App/usbd_desc.o
 .debug_line    0x000000000001887b      0xd7a ./USB_DEVICE/Target/usbd_conf.o

.debug_str      0x0000000000000000    0x92acb
 .debug_str     0x0000000000000000    0x88569 ./Core/Src/adxl345.o
                                      0x8885f (size before relaxing)
 .debug_str     0x0000000000088569     0x4f9b ./Core/Src/main.o
                                      0x8d84f (size before relaxing)
 .debug_str     0x000000000008d504       0xc5 ./Core/Src/stm32f4xx_hal_msp.o
                                      0x88e39 (size before relaxing)
 .debug_str     0x000000000008d5c9      0x443 ./Core/Src/stm32f4xx_it.o
                                      0x88707 (size before relaxing)
 .debug_str     0x000000000008da0c       0xdb ./Core/Src/system_stm32f4xx.o
                                      0x88405 (size before relaxing)
 .debug_str     0x000000000008dae7       0x34 ./Core/Startup/startup_stm32f401cdux.o
                                         0x96 (size before relaxing)
 .debug_str     0x000000000008db1b      0x9a4 ./Drivers/STM32F4xx_HAL_Driver/Src/stm32f4xx_hal.o
                                      0x88e27 (size before relaxing)
 .debug_str     0x000000000008e4bf      0x34d ./Drivers/STM32F4xx_HAL_Driver/Src/stm32f4xx_hal_cortex.o
                                      0x88b48 (size before relaxing)